(base) [artiq@artiq-virtualbox ~]$ cd Developer\artiq\artiq-master
bash: cd: Developerartiqartiq-master: Datei oder Verzeichnis nicht gefunden
(base) [artiq@artiq-virtualbox ~]$ cd Developer
(base) [artiq@artiq-virtualbox Developer]$ \artiq
bash: artiq: Kommando nicht gefunden.
(base) [artiq@artiq-virtualbox Developer]$ /artiq
bash: /artiq: Datei oder Verzeichnis nicht gefunden
(base) [artiq@artiq-virtualbox Developer]$ cd \artiq
(base) [artiq@artiq-virtualbox artiq]$ cd\artiq-master
bash: cdartiq-master: Kommando nicht gefunden.
(base) [artiq@artiq-virtualbox artiq]$ cd/artiq-master
bash: cd/artiq-master: Datei oder Verzeichnis nicht gefunden
(base) [artiq@artiq-virtualbox artiq]$ dir
artiq-master  h5file_analysis  Settings
(base) [artiq@artiq-virtualbox artiq]$ cd artiq-master
(base) [artiq@artiq-virtualbox artiq-master]$ source start.sh
ARTIQ master is now ready.
INFO:worker(scan,ndscan_help .py):print:
WARNING:master:artiq.master.experiments:Duplicate experiment name: 'dummy_scan'
Renaming class 'dummy_scan' in 'Test/ndscan_help .py' to 'dummy_scan1'
ERROR:worker(scan,Photodiode2.py):root:Terminating with exception (KeyError: "'Parameter'")
  File "/home/artiq/miniconda3/envs/artiq8/lib/python3.10/site-packages/artiq/master/worker.py", line 233, in _handle_worker_requests
    data = func(*args, **obj["kwargs"])
  File "/home/artiq/miniconda3/envs/artiq8/lib/python3.10/site-packages/artiq/master/databases.py", line 83, in get
    return self.data.raw_view[key][1]
KeyError: "'Parameter'"
WARNING:master:artiq.master.experiments:Skipping file 'Shutter/Photodiode2.py'
INFO:worker(scan,voltage_split_test.py):print:grob: -8.7, fein: -1.7872340425532292
INFO:worker(scan,voltage_split_test.py):print:108.0
ARTIQ controller manager is now running.
ERROR:controller(core_log):firmware.runtime.rtio_mgt.drtio:[LINK#0] ping failed
ERROR:controller(core_log):firmware.runtime.rtio_mgt.drtio:[LINK#0] ping failed
ERROR:controller(core_log):firmware.runtime.rtio_mgt.drtio:[LINK#0] ping failed
ERROR:controller(core_log):firmware.runtime.rtio_mgt.drtio:[LINK#0] ping failed
INFO:dashboard:root:ARTIQ dashboard 8.9009+6f600dd connected to master ::1
INFO:dashboard:artiq.dashboard.moninj:ARTIQ dashboard connected to moninj (::1)
INFO:dashboard:artiq.dashboard.waveform:ARTIQ dashboard connected to analyzer proxy (::1)
ERROR:dashboard:artiq.dashboard.experiments:Failed to submit 'repo:Trap/TrapElectronics'
Traceback (most recent call last):
  File "/home/artiq/miniconda3/envs/artiq8/lib/python3.10/site-packages/artiq/dashboard/experiments.py", line 263, in submit_clicked
    self.manager.submit(self.expurl)
  File "/home/artiq/miniconda3/envs/artiq8/lib/python3.10/site-packages/artiq/dashboard/experiments.py", line 620, in submit
    file, class_name, _ = self.resolve_expurl(expurl)
  File "/home/artiq/miniconda3/envs/artiq8/lib/python3.10/site-packages/artiq/dashboard/experiments.py", line 487, in resolve_expurl
    expinfo = self.explist[expurl[5:]]
KeyError: 'Trap/TrapElectronics'
ERROR:master:artiq.master.worker:worker exception details
Traceback (most recent call last):
  File "/home/artiq/miniconda3/envs/artiq8/lib/python3.10/site-packages/artiq/master/worker.py", line 208, in _handle_worker_requests
    obj = await self._recv(self.watchdog_time())
  File "/home/artiq/miniconda3/envs/artiq8/lib/python3.10/site-packages/artiq/master/worker.py", line 185, in _recv
    raise WorkerTimeout(
artiq.master.worker.WorkerTimeout: Timeout receiving data from worker (RID scan)

During handling of the above exception, another exception occurred:

Traceback (most recent call last):
  File "/home/artiq/miniconda3/envs/artiq8/lib/python3.10/site-packages/artiq/master/experiments.py", line 26, in process_file
    description = await self.worker.examine(
  File "/home/artiq/miniconda3/envs/artiq8/lib/python3.10/site-packages/artiq/master/worker.py", line 319, in examine
    await self._worker_action({"action": "examine", "file": file},
  File "/home/artiq/miniconda3/envs/artiq8/lib/python3.10/site-packages/artiq/master/worker.py", line 258, in _worker_action
    completed = await self._handle_worker_requests()
  File "/home/artiq/miniconda3/envs/artiq8/lib/python3.10/site-packages/artiq/master/worker.py", line 212, in _handle_worker_requests
    raise WorkerWatchdogTimeout
artiq.master.worker.WorkerWatchdogTimeout
WARNING:master:artiq.master.experiments:Skipping file 'Trap/voltage_split_test.py'
Traceback (most recent call last):
  File "/home/artiq/miniconda3/envs/artiq8/lib/python3.10/site-packages/artiq/master/worker.py", line 208, in _handle_worker_requests
    obj = await self._recv(self.watchdog_time())
  File "/home/artiq/miniconda3/envs/artiq8/lib/python3.10/site-packages/artiq/master/worker.py", line 185, in _recv
    raise WorkerTimeout(
artiq.master.worker.WorkerTimeout: Timeout receiving data from worker (RID scan)

During handling of the above exception, another exception occurred:

Traceback (most recent call last):
  File "/home/artiq/miniconda3/envs/artiq8/lib/python3.10/site-packages/artiq/master/experiments.py", line 63, in _scan
    await self.process_file(entry_dict, root, filename)
  File "/home/artiq/miniconda3/envs/artiq8/lib/python3.10/site-packages/artiq/master/experiments.py", line 26, in process_file
    description = await self.worker.examine(
  File "/home/artiq/miniconda3/envs/artiq8/lib/python3.10/site-packages/artiq/master/worker.py", line 319, in examine
    await self._worker_action({"action": "examine", "file": file},
  File "/home/artiq/miniconda3/envs/artiq8/lib/python3.10/site-packages/artiq/master/worker.py", line 258, in _worker_action
    completed = await self._handle_worker_requests()
  File "/home/artiq/miniconda3/envs/artiq8/lib/python3.10/site-packages/artiq/master/worker.py", line 212, in _handle_worker_requests
    raise WorkerWatchdogTimeout
artiq.master.worker.WorkerWatchdogTimeout
ERROR:worker(scan,artiq_worker.py):root:Terminating with exception (ModuleNotFoundError: No module named 'zmq_controller')
Traceback (most recent call last):
  File "/home/artiq/miniconda3/envs/artiq8/lib/python3.10/site-packages/artiq/master/worker_impl.py", line 384, in main
    examine(ExamineDeviceMgr, ExamineDatasetMgr, obj["file"])
  File "/home/artiq/miniconda3/envs/artiq8/lib/python3.10/site-packages/artiq/master/worker_impl.py", line 198, in examine
    module = tools.file_import(file)
  File "/home/artiq/miniconda3/envs/artiq8/lib/python3.10/site-packages/artiq/tools.py", line 138, in file_import
    spec.loader.exec_module(module)
  File "/home/artiq/miniconda3/envs/artiq8/lib/python3.10/site-packages/artiq/compiler/import_cache.py", line 23, in hook_exec_module
    im_exec_module(self, module)
  File "<frozen importlib._bootstrap_external>", line 883, in exec_module
  File "<frozen importlib._bootstrap>", line 241, in _call_with_frames_removed
  File "/home/artiq/Developer/artiq/artiq-master/repository/artiq_worker/artiq_worker.py", line 3, in <module>
    from zmq_controller import ZmqController  # Import your new class
ModuleNotFoundError: No module named 'zmq_controller'
WARNING:master:artiq.master.experiments:Skipping file 'artiq_worker/artiq_worker.py'
ERROR:worker(scan,shutdown.py):root:Terminating with exception (NameError: name 'rpc' is not defined)
Traceback (most recent call last):
  File "/home/artiq/miniconda3/envs/artiq8/lib/python3.10/site-packages/artiq/master/worker_impl.py", line 384, in main
    examine(ExamineDeviceMgr, ExamineDatasetMgr, obj["file"])
  File "/home/artiq/miniconda3/envs/artiq8/lib/python3.10/site-packages/artiq/master/worker_impl.py", line 198, in examine
    module = tools.file_import(file)
  File "/home/artiq/miniconda3/envs/artiq8/lib/python3.10/site-packages/artiq/tools.py", line 138, in file_import
    spec.loader.exec_module(module)
  File "/home/artiq/miniconda3/envs/artiq8/lib/python3.10/site-packages/artiq/compiler/import_cache.py", line 23, in hook_exec_module
    im_exec_module(self, module)
  File "<frozen importlib._bootstrap_external>", line 883, in exec_module
  File "<frozen importlib._bootstrap>", line 241, in _call_with_frames_removed
  File "/home/artiq/Developer/artiq/artiq-master/repository/Utility/shutdown.py", line 3, in <module>
    class Shutdown(ExpFragment):
  File "/home/artiq/Developer/artiq/artiq-master/repository/Utility/shutdown.py", line 4, in Shutdown
    @rpc
NameError: name 'rpc' is not defined
WARNING:master:artiq.master.experiments:Skipping file 'Utility/shutdown.py'
WARNING:master:artiq.master.experiments:Duplicate experiment name: 'NormalScanUI'
Renaming class 'NormalScanUI' in 'Scans/NormalSecScan.py' to 'NormalScanUI1'
INFO:dashboard:artiq.dashboard.experiments:Submitted 'repo:Trap/TrapElectronics', RID is 5127
INFO:dashboard:artiq.dashboard.experiments:Submitted 'repo:Raman_GUI/ScanRaman', RID is 5128
INFO:dashboard:artiq.dashboard.experiments:Submitted 'repo:Raman_GUI/ScanRaman', RID is 5129
INFO:worker(scan,ndscan_help .py):print:
WARNING:master:artiq.master.experiments:Duplicate experiment name: 'dummy_scan'
Renaming class 'dummy_scan' in 'Test/ndscan_help .py' to 'dummy_scan1'
ERROR:worker(scan,Photodiode2.py):root:Terminating with exception (KeyError: "'Parameter'")
  File "/home/artiq/miniconda3/envs/artiq8/lib/python3.10/site-packages/artiq/master/worker.py", line 233, in _handle_worker_requests
    data = func(*args, **obj["kwargs"])
  File "/home/artiq/miniconda3/envs/artiq8/lib/python3.10/site-packages/artiq/master/databases.py", line 83, in get
    return self.data.raw_view[key][1]
KeyError: "'Parameter'"
WARNING:master:artiq.master.experiments:Skipping file 'Shutter/Photodiode2.py'
INFO:worker(scan,voltage_split_test.py):print:grob: -8.7, fein: -1.7872340425532292
INFO:worker(scan,voltage_split_test.py):print:108.0
ERROR:master:artiq.master.worker:worker exception details
Traceback (most recent call last):
  File "/home/artiq/miniconda3/envs/artiq8/lib/python3.10/site-packages/artiq/master/worker.py", line 208, in _handle_worker_requests
    obj = await self._recv(self.watchdog_time())
  File "/home/artiq/miniconda3/envs/artiq8/lib/python3.10/site-packages/artiq/master/worker.py", line 185, in _recv
    raise WorkerTimeout(
artiq.master.worker.WorkerTimeout: Timeout receiving data from worker (RID scan)

During handling of the above exception, another exception occurred:

Traceback (most recent call last):
  File "/home/artiq/miniconda3/envs/artiq8/lib/python3.10/site-packages/artiq/master/experiments.py", line 26, in process_file
    description = await self.worker.examine(
  File "/home/artiq/miniconda3/envs/artiq8/lib/python3.10/site-packages/artiq/master/worker.py", line 319, in examine
    await self._worker_action({"action": "examine", "file": file},
  File "/home/artiq/miniconda3/envs/artiq8/lib/python3.10/site-packages/artiq/master/worker.py", line 258, in _worker_action
    completed = await self._handle_worker_requests()
  File "/home/artiq/miniconda3/envs/artiq8/lib/python3.10/site-packages/artiq/master/worker.py", line 212, in _handle_worker_requests
    raise WorkerWatchdogTimeout
artiq.master.worker.WorkerWatchdogTimeout
WARNING:master:artiq.master.experiments:Skipping file 'Trap/voltage_split_test.py'
Traceback (most recent call last):
  File "/home/artiq/miniconda3/envs/artiq8/lib/python3.10/site-packages/artiq/master/worker.py", line 208, in _handle_worker_requests
    obj = await self._recv(self.watchdog_time())
  File "/home/artiq/miniconda3/envs/artiq8/lib/python3.10/site-packages/artiq/master/worker.py", line 185, in _recv
    raise WorkerTimeout(
artiq.master.worker.WorkerTimeout: Timeout receiving data from worker (RID scan)

During handling of the above exception, another exception occurred:

Traceback (most recent call last):
  File "/home/artiq/miniconda3/envs/artiq8/lib/python3.10/site-packages/artiq/master/experiments.py", line 63, in _scan
    await self.process_file(entry_dict, root, filename)
  File "/home/artiq/miniconda3/envs/artiq8/lib/python3.10/site-packages/artiq/master/experiments.py", line 26, in process_file
    description = await self.worker.examine(
  File "/home/artiq/miniconda3/envs/artiq8/lib/python3.10/site-packages/artiq/master/worker.py", line 319, in examine
    await self._worker_action({"action": "examine", "file": file},
  File "/home/artiq/miniconda3/envs/artiq8/lib/python3.10/site-packages/artiq/master/worker.py", line 258, in _worker_action
    completed = await self._handle_worker_requests()
  File "/home/artiq/miniconda3/envs/artiq8/lib/python3.10/site-packages/artiq/master/worker.py", line 212, in _handle_worker_requests
    raise WorkerWatchdogTimeout
artiq.master.worker.WorkerWatchdogTimeout
ERROR:worker(scan,artiq_worker.py):root:Terminating with exception (AttributeError: 'str' object has no attribute 'name')
Traceback (most recent call last):
  File "/home/artiq/miniconda3/envs/artiq8/lib/python3.10/site-packages/artiq/master/worker_impl.py", line 384, in main
    examine(ExamineDeviceMgr, ExamineDatasetMgr, obj["file"])
  File "/home/artiq/miniconda3/envs/artiq8/lib/python3.10/site-packages/artiq/master/worker_impl.py", line 208, in examine
    exp_class((device_mgr, dataset_mgr, argument_mgr, scheduler_defaults))
  File "/home/artiq/miniconda3/envs/artiq8/lib/python3.10/site-packages/artiq/language/environment.py", line 274, in __init__
    self.build(*args, **kwargs)
  File "/home/artiq/miniconda3/envs/artiq8/lib/python3.10/site-packages/ndscan/experiment/entry_point.py", line 547, in build
    super().build(lambda: fragment_class(self, [], *args),
  File "/home/artiq/miniconda3/envs/artiq8/lib/python3.10/site-packages/ndscan/experiment/entry_point.py", line 96, in build
    self.args = ArgumentInterface(self, [self.fragment], scannable=True)
  File "/home/artiq/miniconda3/envs/artiq8/lib/python3.10/site-packages/artiq/language/environment.py", line 274, in __init__
    self.build(*args, **kwargs)
  File "/home/artiq/miniconda3/envs/artiq8/lib/python3.10/site-packages/ndscan/experiment/entry_point.py", line 154, in build
    fragment._collect_params(instances, self._schemata, self._sample_instances)
  File "/home/artiq/miniconda3/envs/artiq8/lib/python3.10/site-packages/ndscan/experiment/fragment.py", line 597, in _collect_params
    s._collect_params(params, schemata, sample_instances)
  File "/home/artiq/miniconda3/envs/artiq8/lib/python3.10/site-packages/ndscan/experiment/fragment.py", line 586, in _collect_params
    schema = param.describe()
  File "/home/artiq/miniconda3/envs/artiq8/lib/python3.10/site-packages/ndscan/experiment/parameters.py", line 712, in describe
    members = {
  File "/home/artiq/miniconda3/envs/artiq8/lib/python3.10/site-packages/ndscan/experiment/parameters.py", line 713, in <dictcomp>
    o.name: o.value if isinstance(o.value, str) else o.name
AttributeError: 'str' object has no attribute 'name'
WARNING:master:artiq.master.experiments:Skipping file 'artiq_worker/artiq_worker.py'
ERROR:worker(scan,shutdown.py):root:Terminating with exception (NameError: name 'rpc' is not defined)
Traceback (most recent call last):
  File "/home/artiq/miniconda3/envs/artiq8/lib/python3.10/site-packages/artiq/master/worker_impl.py", line 384, in main
    examine(ExamineDeviceMgr, ExamineDatasetMgr, obj["file"])
  File "/home/artiq/miniconda3/envs/artiq8/lib/python3.10/site-packages/artiq/master/worker_impl.py", line 198, in examine
    module = tools.file_import(file)
  File "/home/artiq/miniconda3/envs/artiq8/lib/python3.10/site-packages/artiq/tools.py", line 138, in file_import
    spec.loader.exec_module(module)
  File "/home/artiq/miniconda3/envs/artiq8/lib/python3.10/site-packages/artiq/compiler/import_cache.py", line 23, in hook_exec_module
    im_exec_module(self, module)
  File "<frozen importlib._bootstrap_external>", line 883, in exec_module
  File "<frozen importlib._bootstrap>", line 241, in _call_with_frames_removed
  File "/home/artiq/Developer/artiq/artiq-master/repository/Utility/shutdown.py", line 3, in <module>
    class Shutdown(ExpFragment):
  File "/home/artiq/Developer/artiq/artiq-master/repository/Utility/shutdown.py", line 4, in Shutdown
    @rpc
NameError: name 'rpc' is not defined
WARNING:master:artiq.master.experiments:Skipping file 'Utility/shutdown.py'
WARNING:master:artiq.master.experiments:Duplicate experiment name: 'NormalScanUI'
Renaming class 'NormalScanUI' in 'Scans/NormalSecScan.py' to 'NormalScanUI1'
INFO:dashboard:artiq.dashboard.experiments:Submitted 'repo:Temperature/ExpRecAOMTemp', RID is 5130
INFO:applet(RecAOMTemp (aom_temperature_exp.RecAOMTemp)):print:qt.qpa.xcb: internal error:  void QXcbWindow::setNetWmStateOnUnmappedWindow() called on mapped window
INFO:dashboard:artiq.dashboard.experiments:Submitted 'repo:Raman_GUI/ScanRaman', RID is 5131
INFO:dashboard:artiq.dashboard.experiments:Submitted 'repo:Trap/TrapElectronics', RID is 5132
ERROR:worker(5132,trap_control.py):root:Terminating with exception (TypeError: bad operand type for unary -: 'NoneType')
Core Device Traceback:
Traceback (most recent call first):
  File "/home/artiq/Developer/artiq/artiq-master/repository/Trap/compensation.py", line 164, in calculate_values
    coarse2, fine2 = self.find_voltages(u_ver_target, self.amps[2], self.amps[3])
  File "/home/artiq/miniconda3/envs/artiq8/lib/python3.10/site-packages/ndscan/experiment/entry_point.py", line 424, in ndscan.experiment.entry_point.TopLevelRunner._run_continuous_kernel(..., ...) (RA=+0x120)
    return self._continuous_loop()
  File "/home/artiq/Developer/artiq/artiq-master/repository/Trap/trap_control.py", line 162, in ... artiq_worker_trap_control.TrapControl.run_once<artiq_worker_trap_control.TrapControl>(...) (RA=+0x21c)
    self.comp.set_compensation()
  File "/home/artiq/miniconda3/envs/artiq8/lib/python3.10/site-packages/ndscan/experiment/entry_point.py", line 433, in ... ndscan.experiment.entry_point.TopLevelRunner._continuous_loop<ndscan.experiment.entry_point.TopLevelRunner>(...) (inlined)
    self.fragment.run_once()
  File "/home/artiq/Developer/artiq/artiq-master/repository/Trap/compensation.py", line 188, in ... compensation.Compensation.set_compensation<compensation.Compensation>(...) (RA=+0x6d0)
    (v0, v1, v2, v3) = self.calculate_values()
TypeError(0): bad operand type for unary -: 'NoneType'

End of Core Device Traceback
Traceback (most recent call last):
  File "/home/artiq/miniconda3/envs/artiq8/lib/python3.10/site-packages/artiq/master/worker_impl.py", line 358, in main
    exp_inst.run()
  File "/home/artiq/miniconda3/envs/artiq8/lib/python3.10/site-packages/ndscan/experiment/entry_point.py", line 139, in run
    self.tlr.run()
  File "/home/artiq/miniconda3/envs/artiq8/lib/python3.10/site-packages/ndscan/experiment/entry_point.py", line 335, in run
    self._run_continuous()
  File "/home/artiq/miniconda3/envs/artiq8/lib/python3.10/site-packages/ndscan/experiment/entry_point.py", line 408, in _run_continuous
    done = self._run_continuous_kernel()
  File "/home/artiq/miniconda3/envs/artiq8/lib/python3.10/site-packages/artiq/language/core.py", line 54, in run_on_core
    return getattr(self, arg).run(run_on_core, ((self,) + k_args), k_kwargs)
  File "/home/artiq/miniconda3/envs/artiq8/lib/python3.10/site-packages/artiq/coredevice/core.py", line 172, in run
    self._run_compiled(kernel_library, embedding_map, symbolizer, demangler)
  File "/home/artiq/miniconda3/envs/artiq8/lib/python3.10/site-packages/artiq/coredevice/core.py", line 161, in _run_compiled
    self.comm.serve(embedding_map, symbolizer, demangler)
  File "/home/artiq/miniconda3/envs/artiq8/lib/python3.10/site-packages/artiq/coredevice/comm_kernel.py", line 734, in serve
    self._serve_exception(embedding_map, symbolizer, demangler)
  File "/home/artiq/miniconda3/envs/artiq8/lib/python3.10/site-packages/artiq/coredevice/comm_kernel.py", line 716, in _serve_exception
    raise python_exn
TypeError: bad operand type for unary -: 'NoneType'
ERROR:master:artiq.master.scheduler:got worker exception in run stage, deleting RID 5132
INFO:dashboard:artiq.dashboard.experiments:Submitted 'repo:artiq_worker/Trap Controller', RID is 5133
ERROR:worker(5133,trap_controler.py):root:While compiling <repository>/artiq_worker/trap_controler.py
<synthesized>:1:1-1:39: error: host object does not have an attribute 'set_compensation'; did you mean 'set_comp'?
`<comp.comp object at 0x732ca52c23e0>`
^^^^^^^^^^^^^^^^^^^^^^^^^^^^^^^^^^^^^^
/home/artiq/miniconda3/envs/artiq8/lib/python3.10/site-packages/ndscan/experiment/entry_point.py:422:1: note: expanded from here
def _run_continuous_kernel(self):
^                                
<repository>/artiq_worker/trap_controler.py:53:9-53:35: note: attribute accessed here
        self.comp.set_compensation(self.u_hor.get(), self.u_ver.get())
        ^^^^^^^^^^^^^^^^^^^^^^^^^^                                    
ERROR:master:artiq.master.scheduler:got worker exception in run stage, deleting RID 5133
INFO:dashboard:artiq.dashboard.experiments:Submitted 'repo:artiq_worker/Trap Controller', RID is 5134
ERROR:worker(5134,trap_controler.py):root:While compiling <repository>/artiq_worker/trap_controler.py
<repository>/artiq_worker/trap_controler.py:53:27-53:63: error: mandatory argument 'v2' is not passed
        self.comp.set_comp(self.u_hor.get(), self.u_ver.get())
                          ^^^^^^^^^^^^^^^^^^^^^^^^^^^^^^^^^^^^
<repository>/artiq_worker/trap_controler.py:53:9-53:27: note: the called function is of type method(fn=(self:<instance comp.comp>, v0:float, v1:float, v2:float, v3:float)->NoneType delay('a), self=<instance comp.comp>)
        self.comp.set_comp(self.u_hor.get(), self.u_ver.get())
        ^^^^^^^^^^^^^^^^^^                                    
ERROR:master:artiq.master.scheduler:got worker exception in run stage, deleting RID 5134
INFO:dashboard:artiq.dashboard.experiments:Submitted 'repo:Trap/TrapElectronics', RID is 5135
ERROR:worker(5135,trap_control.py):root:Terminating with exception (TypeError: bad operand type for unary -: 'NoneType')
Core Device Traceback:
Traceback (most recent call first):
  File "/home/artiq/Developer/artiq/artiq-master/repository/Trap/compensation.py", line 164, in calculate_values
    coarse2, fine2 = self.find_voltages(u_ver_target, self.amps[2], self.amps[3])
  File "/home/artiq/miniconda3/envs/artiq8/lib/python3.10/site-packages/ndscan/experiment/entry_point.py", line 424, in ndscan.experiment.entry_point.TopLevelRunner._run_continuous_kernel(..., ...) (RA=+0x120)
    return self._continuous_loop()
  File "/home/artiq/Developer/artiq/artiq-master/repository/Trap/trap_control.py", line 162, in ... artiq_worker_trap_control.TrapControl.run_once<artiq_worker_trap_control.TrapControl>(...) (RA=+0x21c)
    self.comp.set_compensation()
  File "/home/artiq/miniconda3/envs/artiq8/lib/python3.10/site-packages/ndscan/experiment/entry_point.py", line 433, in ... ndscan.experiment.entry_point.TopLevelRunner._continuous_loop<ndscan.experiment.entry_point.TopLevelRunner>(...) (inlined)
    self.fragment.run_once()
  File "/home/artiq/Developer/artiq/artiq-master/repository/Trap/compensation.py", line 188, in ... compensation.Compensation.set_compensation<compensation.Compensation>(...) (RA=+0x6d0)
    (v0, v1, v2, v3) = self.calculate_values()
TypeError(0): bad operand type for unary -: 'NoneType'

End of Core Device Traceback
Traceback (most recent call last):
  File "/home/artiq/miniconda3/envs/artiq8/lib/python3.10/site-packages/artiq/master/worker_impl.py", line 358, in main
    exp_inst.run()
  File "/home/artiq/miniconda3/envs/artiq8/lib/python3.10/site-packages/ndscan/experiment/entry_point.py", line 139, in run
    self.tlr.run()
  File "/home/artiq/miniconda3/envs/artiq8/lib/python3.10/site-packages/ndscan/experiment/entry_point.py", line 335, in run
    self._run_continuous()
  File "/home/artiq/miniconda3/envs/artiq8/lib/python3.10/site-packages/ndscan/experiment/entry_point.py", line 408, in _run_continuous
    done = self._run_continuous_kernel()
  File "/home/artiq/miniconda3/envs/artiq8/lib/python3.10/site-packages/artiq/language/core.py", line 54, in run_on_core
    return getattr(self, arg).run(run_on_core, ((self,) + k_args), k_kwargs)
  File "/home/artiq/miniconda3/envs/artiq8/lib/python3.10/site-packages/artiq/coredevice/core.py", line 172, in run
    self._run_compiled(kernel_library, embedding_map, symbolizer, demangler)
  File "/home/artiq/miniconda3/envs/artiq8/lib/python3.10/site-packages/artiq/coredevice/core.py", line 161, in _run_compiled
    self.comm.serve(embedding_map, symbolizer, demangler)
  File "/home/artiq/miniconda3/envs/artiq8/lib/python3.10/site-packages/artiq/coredevice/comm_kernel.py", line 734, in serve
    self._serve_exception(embedding_map, symbolizer, demangler)
  File "/home/artiq/miniconda3/envs/artiq8/lib/python3.10/site-packages/artiq/coredevice/comm_kernel.py", line 716, in _serve_exception
    raise python_exn
TypeError: bad operand type for unary -: 'NoneType'
ERROR:master:artiq.master.scheduler:got worker exception in run stage, deleting RID 5135
INFO:dashboard:artiq.dashboard.experiments:Submitted 'repo:Trap/TrapElectronics', RID is 5136
INFO:dashboard:artiq.dashboard.experiments:Submitted 'repo:Trap/TrapElectronics', RID is 5137
INFO:dashboard:artiq.dashboard.experiments:Submitted 'repo:Trap/TrapElectronics', RID is 5138
INFO:dashboard:artiq.dashboard.experiments:Submitted 'repo:Trap/TrapElectronics', RID is 5139
INFO:dashboard:artiq.dashboard.experiments:Submitted 'repo:Trap/TrapElectronics', RID is 5140
INFO:dashboard:artiq.dashboard.experiments:Submitted 'repo:Trap/TrapElectronics', RID is 5141
INFO:dashboard:artiq.dashboard.experiments:Submitted 'repo:Trap/TrapElectronics', RID is 5142
INFO:dashboard:artiq.dashboard.experiments:Submitted 'repo:Trap/TrapElectronics', RID is 5143
INFO:dashboard:artiq.dashboard.experiments:Submitted 'repo:Trap/TrapElectronics', RID is 5144
INFO:dashboard:artiq.dashboard.experiments:Submitted 'repo:Trap/TrapElectronics', RID is 5145
INFO:dashboard:artiq.dashboard.experiments:Submitted 'repo:Trap/TrapElectronics', RID is 5146
INFO:dashboard:artiq.dashboard.experiments:Submitted 'repo:Trap/TrapElectronics', RID is 5147
INFO:dashboard:artiq.dashboard.experiments:Submitted 'repo:Trap/TrapElectronics', RID is 5148
INFO:dashboard:artiq.dashboard.experiments:Submitted 'repo:Trap/TrapElectronics', RID is 5149
INFO:applet(Sweep (sweep.Sweep)):print:qt.qpa.xcb: internal error:  void QXcbWindow::setNetWmStateOnUnmappedWindow() called on mapped window
INFO:dashboard:artiq.dashboard.experiments:Submitted 'repo:Scans/ScanSweep', RID is 5150
qt.qpa.xcb: QXcbConnection: XCB error: 3 (BadWindow), sequence: 59394, resource id: 79691782, major code: 10 (UnmapWindow), minor code: 0
INFO:applet(Sweep (sweep.Sweep)):print:qt.qpa.xcb: internal error:  void QXcbWindow::setNetWmStateOnUnmappedWindow() called on mapped window
ERROR:controller(core_log):firmware.runtime.moninj.remote_moninj:aux packet error (timed out)
ERROR:controller(core_log):firmware.runtime.moninj.remote_moninj:aux packet error (timed out)
ERROR:controller(core_log):firmware.runtime.moninj.remote_moninj:aux packet error (timed out)
ERROR:controller(core_log):firmware.runtime.moninj.remote_moninj:aux packet error (timed out)
INFO:dashboard:artiq.dashboard.experiments:Requesting termination of all instances of 'repo:Scans/ScanSweep'
INFO:dashboard:artiq.dashboard.experiments:Submitted 'repo:Scans/ScanSweep', RID is 5151
qt.qpa.xcb: QXcbConnection: XCB error: 3 (BadWindow), sequence: 60624, resource id: 79691782, major code: 10 (UnmapWindow), minor code: 0
INFO:applet(Sweep (sweep.Sweep)):print:qt.qpa.xcb: internal error:  void QXcbWindow::setNetWmStateOnUnmappedWindow() called on mapped window
INFO:dashboard:artiq.dashboard.experiments:Submitted 'repo:Scans/ScanSweep', RID is 5152
qt.qpa.xcb: QXcbConnection: XCB error: 3 (BadWindow), sequence: 60847, resource id: 79691782, major code: 10 (UnmapWindow), minor code: 0
INFO:applet(Sweep (sweep.Sweep)):print:qt.qpa.xcb: internal error:  void QXcbWindow::setNetWmStateOnUnmappedWindow() called on mapped window
INFO:dashboard:artiq.dashboard.experiments:Submitted 'repo:Scans/ScanSweep', RID is 5153
qt.qpa.xcb: QXcbConnection: XCB error: 3 (BadWindow), sequence: 61624, resource id: 79691782, major code: 10 (UnmapWindow), minor code: 0
INFO:applet(Sweep (sweep.Sweep)):print:qt.qpa.xcb: internal error:  void QXcbWindow::setNetWmStateOnUnmappedWindow() called on mapped window
INFO:dashboard:artiq.dashboard.experiments:Submitted 'repo:Scans/ScanSweep', RID is 5154
qt.qpa.xcb: QXcbConnection: XCB error: 3 (BadWindow), sequence: 61954, resource id: 79691782, major code: 10 (UnmapWindow), minor code: 0
INFO:applet(Sweep (sweep.Sweep)):print:qt.qpa.xcb: internal error:  void QXcbWindow::setNetWmStateOnUnmappedWindow() called on mapped window
INFO:dashboard:artiq.dashboard.experiments:Submitted 'repo:Scans/ScanSweep', RID is 5155
qt.qpa.xcb: QXcbConnection: XCB error: 3 (BadWindow), sequence: 62170, resource id: 79691782, major code: 10 (UnmapWindow), minor code: 0
INFO:applet(Sweep (sweep.Sweep)):print:qt.qpa.xcb: internal error:  void QXcbWindow::setNetWmStateOnUnmappedWindow() called on mapped window
INFO:dashboard:artiq.dashboard.experiments:Submitted 'repo:Scans/ScanSweep', RID is 5156
qt.qpa.xcb: QXcbConnection: XCB error: 3 (BadWindow), sequence: 62290, resource id: 79691782, major code: 10 (UnmapWindow), minor code: 0
INFO:applet(Sweep (sweep.Sweep)):print:qt.qpa.xcb: internal error:  void QXcbWindow::setNetWmStateOnUnmappedWindow() called on mapped window
INFO:dashboard:artiq.dashboard.experiments:Submitted 'repo:Raman_GUI/ScanRaman', RID is 5157
qt.qpa.xcb: QXcbConnection: XCB error: 3 (BadWindow), sequence: 3205, resource id: 79691782, major code: 10 (UnmapWindow), minor code: 0
qt.qpa.xcb: QXcbConnection: XCB error: 3 (BadWindow), sequence: 3250, resource id: 75497478, major code: 10 (UnmapWindow), minor code: 0
^CWARNING:ndscan.dataset_janitor:Termination requested, exiting…
[3]+  Fertig                  artiq_dashboard -p ndscan.dashboard_plugin
(artiq8) [artiq@artiq-virtualbox artiq-master]$ source stop.sh
egrep: warning: egrep is obsolescent; using grep -E
LISTEN 0      100        127.0.0.1:1067      0.0.0.0:*    users:(("artiq_master",pid=50492,fd=8))    
LISTEN 0      100        127.0.0.1:1068      0.0.0.0:*    users:(("aqctl_corelog",pid=50506,fd=9))   
LISTEN 0      100        127.0.0.1:1383      0.0.0.0:*    users:(("aqctl_moninj_pr",pid=50508,fd=9)) 
LISTEN 0      100        127.0.0.1:1384      0.0.0.0:*    users:(("aqctl_moninj_pr",pid=50508,fd=12))
LISTEN 0      100        127.0.0.1:1385      0.0.0.0:*    users:(("aqctl_coreanaly",pid=50510,fd=8)) 
LISTEN 0      100        127.0.0.1:1386      0.0.0.0:*    users:(("aqctl_coreanaly",pid=50510,fd=10))
LISTEN 0      100            [::1]:1386         [::]:*    users:(("aqctl_coreanaly",pid=50510,fd=11))
LISTEN 0      100            [::1]:1384         [::]:*    users:(("aqctl_moninj_pr",pid=50508,fd=11))
LISTEN 0      100            [::1]:1385         [::]:*    users:(("aqctl_coreanaly",pid=50510,fd=9)) 
LISTEN 0      100            [::1]:1383         [::]:*    users:(("aqctl_moninj_pr",pid=50508,fd=10))
LISTEN 0      100            [::1]:1067         [::]:*    users:(("artiq_master",pid=50492,fd=9))    
LISTEN 0      100            [::1]:1068         [::]:*    users:(("aqctl_corelog",pid=50506,fd=10))  
[3]+  Fertig                  ss -ltnp | egrep '1383|1384|1385|1386|1067|1068'
[2]-  Getötet                artiq_ctlmgr
[3]+  Fertig                  killall -9 artiq_ctlmgr
[1]-  Getötet                artiq_master
[2]+  Fertig                  killall -9 artiq_master
[1]+  Fertig                  killall -9 aqctl_moninj_proxy
[1]+  Fertig                  killall -9 aqctl_coreanalyzer_proxy
[1]+  Fertig                  killall -9 aqctl_corelog
egrep: warning: egrep is obsolescent; using grep -E
erfolgreich abgeschlossen
(artiq8) [artiq@artiq-virtualbox artiq-master]$ source start.sh
ARTIQ master is now ready.
INFO:worker(scan,ndscan_help .py):print:
WARNING:master:artiq.master.experiments:Duplicate experiment name: 'dummy_scan'
Renaming class 'dummy_scan' in 'Test/ndscan_help .py' to 'dummy_scan1'
ERROR:worker(scan,Photodiode2.py):root:Terminating with exception (KeyError: "'Parameter'")
  File "/home/artiq/miniconda3/envs/artiq8/lib/python3.10/site-packages/artiq/master/worker.py", line 233, in _handle_worker_requests
    data = func(*args, **obj["kwargs"])
  File "/home/artiq/miniconda3/envs/artiq8/lib/python3.10/site-packages/artiq/master/databases.py", line 83, in get
    return self.data.raw_view[key][1]
KeyError: "'Parameter'"
WARNING:master:artiq.master.experiments:Skipping file 'Shutter/Photodiode2.py'
ARTIQ controller manager is now running.
WARNING:controller(core_log):firmware.runtime.mgmt:connection terminated: NetworkError(Truncated)
WARNING:controller(core_log):firmware.runtime.mgmt:connection terminated: NetworkError(Truncated)
INFO:worker(scan,voltage_split_test.py):print:grob: -8.7, fein: -1.7872340425532292
INFO:worker(scan,voltage_split_test.py):print:108.0
INFO:dashboard:root:ARTIQ dashboard 8.9009+6f600dd connected to master ::1
INFO:dashboard:artiq.dashboard.moninj:ARTIQ dashboard connected to moninj (::1)
INFO:dashboard:artiq.dashboard.waveform:ARTIQ dashboard connected to analyzer proxy (::1)
INFO:applet(Sweep (sweep.Sweep)):print:qt.qpa.xcb: internal error:  void QXcbWindow::setNetWmStateOnUnmappedWindow() called on mapped window
ERROR:master:artiq.master.worker:worker exception details
Traceback (most recent call last):
  File "/home/artiq/miniconda3/envs/artiq8/lib/python3.10/site-packages/artiq/master/worker.py", line 208, in _handle_worker_requests
    obj = await self._recv(self.watchdog_time())
  File "/home/artiq/miniconda3/envs/artiq8/lib/python3.10/site-packages/artiq/master/worker.py", line 185, in _recv
    raise WorkerTimeout(
artiq.master.worker.WorkerTimeout: Timeout receiving data from worker (RID scan)

During handling of the above exception, another exception occurred:

Traceback (most recent call last):
  File "/home/artiq/miniconda3/envs/artiq8/lib/python3.10/site-packages/artiq/master/experiments.py", line 26, in process_file
    description = await self.worker.examine(
  File "/home/artiq/miniconda3/envs/artiq8/lib/python3.10/site-packages/artiq/master/worker.py", line 319, in examine
    await self._worker_action({"action": "examine", "file": file},
  File "/home/artiq/miniconda3/envs/artiq8/lib/python3.10/site-packages/artiq/master/worker.py", line 258, in _worker_action
    completed = await self._handle_worker_requests()
  File "/home/artiq/miniconda3/envs/artiq8/lib/python3.10/site-packages/artiq/master/worker.py", line 212, in _handle_worker_requests
    raise WorkerWatchdogTimeout
artiq.master.worker.WorkerWatchdogTimeout
WARNING:master:artiq.master.experiments:Skipping file 'Trap/voltage_split_test.py'
Traceback (most recent call last):
  File "/home/artiq/miniconda3/envs/artiq8/lib/python3.10/site-packages/artiq/master/worker.py", line 208, in _handle_worker_requests
    obj = await self._recv(self.watchdog_time())
  File "/home/artiq/miniconda3/envs/artiq8/lib/python3.10/site-packages/artiq/master/worker.py", line 185, in _recv
    raise WorkerTimeout(
artiq.master.worker.WorkerTimeout: Timeout receiving data from worker (RID scan)

During handling of the above exception, another exception occurred:

Traceback (most recent call last):
  File "/home/artiq/miniconda3/envs/artiq8/lib/python3.10/site-packages/artiq/master/experiments.py", line 63, in _scan
    await self.process_file(entry_dict, root, filename)
  File "/home/artiq/miniconda3/envs/artiq8/lib/python3.10/site-packages/artiq/master/experiments.py", line 26, in process_file
    description = await self.worker.examine(
  File "/home/artiq/miniconda3/envs/artiq8/lib/python3.10/site-packages/artiq/master/worker.py", line 319, in examine
    await self._worker_action({"action": "examine", "file": file},
  File "/home/artiq/miniconda3/envs/artiq8/lib/python3.10/site-packages/artiq/master/worker.py", line 258, in _worker_action
    completed = await self._handle_worker_requests()
  File "/home/artiq/miniconda3/envs/artiq8/lib/python3.10/site-packages/artiq/master/worker.py", line 212, in _handle_worker_requests
    raise WorkerWatchdogTimeout
artiq.master.worker.WorkerWatchdogTimeout
ERROR:worker(scan,raman_control.py):root:Terminating with exception (ImportError: cannot import name 'dB' from 'oitg.units' (/home/artiq/miniconda3/envs/artiq8/lib/python3.10/site-packages/oitg/units.py))
Traceback (most recent call last):
  File "/home/artiq/miniconda3/envs/artiq8/lib/python3.10/site-packages/artiq/master/worker_impl.py", line 384, in main
    examine(ExamineDeviceMgr, ExamineDatasetMgr, obj["file"])
  File "/home/artiq/miniconda3/envs/artiq8/lib/python3.10/site-packages/artiq/master/worker_impl.py", line 198, in examine
    module = tools.file_import(file)
  File "/home/artiq/miniconda3/envs/artiq8/lib/python3.10/site-packages/artiq/tools.py", line 138, in file_import
    spec.loader.exec_module(module)
  File "/home/artiq/miniconda3/envs/artiq8/lib/python3.10/site-packages/artiq/compiler/import_cache.py", line 23, in hook_exec_module
    im_exec_module(self, module)
  File "<frozen importlib._bootstrap_external>", line 883, in exec_module
  File "<frozen importlib._bootstrap>", line 241, in _call_with_frames_removed
  File "/home/artiq/Developer/artiq/artiq-master/repository/artiq_worker/raman_control.py", line 10, in <module>
    from oitg.units import MHz, dB
ImportError: cannot import name 'dB' from 'oitg.units' (/home/artiq/miniconda3/envs/artiq8/lib/python3.10/site-packages/oitg/units.py)
WARNING:master:artiq.master.experiments:Skipping file 'artiq_worker/raman_control.py'
INFO:worker(scan,artiq_worker.py):print:DeprecationWarning: 'ndecimals' is deprecated. Please use 'precision' instead.
INFO:worker(scan,artiq_worker.py):print:DeprecationWarning: 'ndecimals' is deprecated. Please use 'precision' instead.
ERROR:worker(scan,shutdown.py):root:Terminating with exception (NameError: name 'rpc' is not defined)
Traceback (most recent call last):
  File "/home/artiq/miniconda3/envs/artiq8/lib/python3.10/site-packages/artiq/master/worker_impl.py", line 384, in main
    examine(ExamineDeviceMgr, ExamineDatasetMgr, obj["file"])
  File "/home/artiq/miniconda3/envs/artiq8/lib/python3.10/site-packages/artiq/master/worker_impl.py", line 198, in examine
    module = tools.file_import(file)
  File "/home/artiq/miniconda3/envs/artiq8/lib/python3.10/site-packages/artiq/tools.py", line 138, in file_import
    spec.loader.exec_module(module)
  File "/home/artiq/miniconda3/envs/artiq8/lib/python3.10/site-packages/artiq/compiler/import_cache.py", line 23, in hook_exec_module
    im_exec_module(self, module)
  File "<frozen importlib._bootstrap_external>", line 883, in exec_module
  File "<frozen importlib._bootstrap>", line 241, in _call_with_frames_removed
  File "/home/artiq/Developer/artiq/artiq-master/repository/Utility/shutdown.py", line 3, in <module>
    class Shutdown(ExpFragment):
  File "/home/artiq/Developer/artiq/artiq-master/repository/Utility/shutdown.py", line 4, in Shutdown
    @rpc
NameError: name 'rpc' is not defined
WARNING:master:artiq.master.experiments:Skipping file 'Utility/shutdown.py'
WARNING:master:artiq.master.experiments:Duplicate experiment name: 'NormalScanUI'
Renaming class 'NormalScanUI' in 'Scans/NormalSecScan.py' to 'NormalScanUI1'
INFO:dashboard:artiq.dashboard.experiments:Submitted 'repo:artiq_worker/ARTIQ Worker', RID is 5158
INFO:worker(5158,artiq_worker.py):print:DeprecationWarning: 'ndecimals' is deprecated. Please use 'precision' instead.
INFO:worker(5158,artiq_worker.py):print:DeprecationWarning: 'ndecimals' is deprecated. Please use 'precision' instead.
INFO:worker(5158,artiq_worker.py):print:2026-02-05 11:14:02,415 [ARTIQ.Worker] INFO: ============================================================
INFO:worker(5158,artiq_worker.py):ARTIQ.Worker:============================================================
INFO:worker(5158,artiq_worker.py):print:2026-02-05 11:14:02,415 [ARTIQ.Worker] INFO: ARTIQ ZMQ Worker: Preparing...
INFO:worker(5158,artiq_worker.py):ARTIQ.Worker:ARTIQ ZMQ Worker: Preparing...
INFO:worker(5158,artiq_worker.py):print:2026-02-05 11:14:02,415 [ARTIQ.Worker] INFO: ============================================================
INFO:worker(5158,artiq_worker.py):ARTIQ.Worker:============================================================
INFO:worker(5158,artiq_worker.py):print:2026-02-05 11:14:02,415 [ARTIQ.Worker] INFO: Manager IP: 192.168.56.101
INFO:worker(5158,artiq_worker.py):ARTIQ.Worker:Manager IP: 192.168.56.101
INFO:worker(5158,artiq_worker.py):print:2026-02-05 11:14:02,415 [ARTIQ.Worker] INFO: Command port: 5555
INFO:worker(5158,artiq_worker.py):ARTIQ.Worker:Command port: 5555
INFO:worker(5158,artiq_worker.py):print:2026-02-05 11:14:02,415 [ARTIQ.Worker] INFO: Data port: 5556
INFO:worker(5158,artiq_worker.py):ARTIQ.Worker:Data port: 5556
INFO:worker(5158,artiq_worker.py):print:2026-02-05 11:14:02,415 [ARTIQ.Worker] INFO: Lazy-loading fragments...
INFO:worker(5158,artiq_worker.py):ARTIQ.Worker:Lazy-loading fragments...
INFO:worker(5158,artiq_worker.py):print:2026-02-05 11:14:02,415 [ARTIQ.Worker] ERROR: Failed to load fragments
INFO:worker(5158,artiq_worker.py):print:Traceback (most recent call last):
INFO:worker(5158,artiq_worker.py):print:  File "/home/artiq/Developer/artiq/artiq-master/repository/artiq_worker/artiq_worker.py", line 130, in _init_fragments
INFO:worker(5158,artiq_worker.py):print:    from ec import ec
INFO:worker(5158,artiq_worker.py):print:ModuleNotFoundError: No module named 'ec'
ERROR:worker(5158,artiq_worker.py):ARTIQ.Worker:Failed to load fragments
Traceback (most recent call last):
  File "/home/artiq/Developer/artiq/artiq-master/repository/artiq_worker/artiq_worker.py", line 130, in _init_fragments
    from ec import ec
ModuleNotFoundError: No module named 'ec'
ERROR:worker(5158,artiq_worker.py):root:Terminating with exception (RuntimeError: Fragment initialization failed: No module named 'ec')
Traceback (most recent call last):
  File "/home/artiq/Developer/artiq/artiq-master/repository/artiq_worker/artiq_worker.py", line 130, in _init_fragments
    from ec import ec
ModuleNotFoundError: No module named 'ec'

During handling of the above exception, another exception occurred:

Traceback (most recent call last):
  File "/home/artiq/miniconda3/envs/artiq8/lib/python3.10/site-packages/artiq/master/worker_impl.py", line 353, in main
    exp_inst.prepare()
  File "/home/artiq/Developer/artiq/artiq-master/repository/artiq_worker/artiq_worker.py", line 107, in prepare
    self._init_fragments()
  File "/home/artiq/Developer/artiq/artiq-master/repository/artiq_worker/artiq_worker.py", line 145, in _init_fragments
    raise RuntimeError(f"Fragment initialization failed: {e}")
RuntimeError: Fragment initialization failed: No module named 'ec'
ERROR:master:artiq.master.scheduler:got worker exception in prepare stage, deleting RID 5158
INFO:worker(scan,ndscan_help .py):print:
WARNING:master:artiq.master.experiments:Duplicate experiment name: 'dummy_scan'
Renaming class 'dummy_scan' in 'Test/ndscan_help .py' to 'dummy_scan1'
ERROR:worker(scan,Photodiode2.py):root:Terminating with exception (KeyError: "'Parameter'")
  File "/home/artiq/miniconda3/envs/artiq8/lib/python3.10/site-packages/artiq/master/worker.py", line 233, in _handle_worker_requests
    data = func(*args, **obj["kwargs"])
  File "/home/artiq/miniconda3/envs/artiq8/lib/python3.10/site-packages/artiq/master/databases.py", line 83, in get
    return self.data.raw_view[key][1]
KeyError: "'Parameter'"
WARNING:master:artiq.master.experiments:Skipping file 'Shutter/Photodiode2.py'
INFO:worker(scan,voltage_split_test.py):print:grob: -8.7, fein: -1.7872340425532292
INFO:worker(scan,voltage_split_test.py):print:108.0
ERROR:master:artiq.master.worker:worker exception details
Traceback (most recent call last):
  File "/home/artiq/miniconda3/envs/artiq8/lib/python3.10/site-packages/artiq/master/worker.py", line 208, in _handle_worker_requests
    obj = await self._recv(self.watchdog_time())
  File "/home/artiq/miniconda3/envs/artiq8/lib/python3.10/site-packages/artiq/master/worker.py", line 185, in _recv
    raise WorkerTimeout(
artiq.master.worker.WorkerTimeout: Timeout receiving data from worker (RID scan)

During handling of the above exception, another exception occurred:

Traceback (most recent call last):
  File "/home/artiq/miniconda3/envs/artiq8/lib/python3.10/site-packages/artiq/master/experiments.py", line 26, in process_file
    description = await self.worker.examine(
  File "/home/artiq/miniconda3/envs/artiq8/lib/python3.10/site-packages/artiq/master/worker.py", line 319, in examine
    await self._worker_action({"action": "examine", "file": file},
  File "/home/artiq/miniconda3/envs/artiq8/lib/python3.10/site-packages/artiq/master/worker.py", line 258, in _worker_action
    completed = await self._handle_worker_requests()
  File "/home/artiq/miniconda3/envs/artiq8/lib/python3.10/site-packages/artiq/master/worker.py", line 212, in _handle_worker_requests
    raise WorkerWatchdogTimeout
artiq.master.worker.WorkerWatchdogTimeout
WARNING:master:artiq.master.experiments:Skipping file 'Trap/voltage_split_test.py'
Traceback (most recent call last):
  File "/home/artiq/miniconda3/envs/artiq8/lib/python3.10/site-packages/artiq/master/worker.py", line 208, in _handle_worker_requests
    obj = await self._recv(self.watchdog_time())
  File "/home/artiq/miniconda3/envs/artiq8/lib/python3.10/site-packages/artiq/master/worker.py", line 185, in _recv
    raise WorkerTimeout(
artiq.master.worker.WorkerTimeout: Timeout receiving data from worker (RID scan)

During handling of the above exception, another exception occurred:

Traceback (most recent call last):
  File "/home/artiq/miniconda3/envs/artiq8/lib/python3.10/site-packages/artiq/master/experiments.py", line 63, in _scan
    await self.process_file(entry_dict, root, filename)
  File "/home/artiq/miniconda3/envs/artiq8/lib/python3.10/site-packages/artiq/master/experiments.py", line 26, in process_file
    description = await self.worker.examine(
  File "/home/artiq/miniconda3/envs/artiq8/lib/python3.10/site-packages/artiq/master/worker.py", line 319, in examine
    await self._worker_action({"action": "examine", "file": file},
  File "/home/artiq/miniconda3/envs/artiq8/lib/python3.10/site-packages/artiq/master/worker.py", line 258, in _worker_action
    completed = await self._handle_worker_requests()
  File "/home/artiq/miniconda3/envs/artiq8/lib/python3.10/site-packages/artiq/master/worker.py", line 212, in _handle_worker_requests
    raise WorkerWatchdogTimeout
artiq.master.worker.WorkerWatchdogTimeout
INFO:worker(scan,artiq_worker.py):print:DeprecationWarning: 'ndecimals' is deprecated. Please use 'precision' instead.
INFO:worker(scan,artiq_worker.py):print:DeprecationWarning: 'ndecimals' is deprecated. Please use 'precision' instead.
ERROR:worker(scan,shutdown.py):root:Terminating with exception (NameError: name 'rpc' is not defined)
Traceback (most recent call last):
  File "/home/artiq/miniconda3/envs/artiq8/lib/python3.10/site-packages/artiq/master/worker_impl.py", line 384, in main
    examine(ExamineDeviceMgr, ExamineDatasetMgr, obj["file"])
  File "/home/artiq/miniconda3/envs/artiq8/lib/python3.10/site-packages/artiq/master/worker_impl.py", line 198, in examine
    module = tools.file_import(file)
  File "/home/artiq/miniconda3/envs/artiq8/lib/python3.10/site-packages/artiq/tools.py", line 138, in file_import
    spec.loader.exec_module(module)
  File "/home/artiq/miniconda3/envs/artiq8/lib/python3.10/site-packages/artiq/compiler/import_cache.py", line 23, in hook_exec_module
    im_exec_module(self, module)
  File "<frozen importlib._bootstrap_external>", line 883, in exec_module
  File "<frozen importlib._bootstrap>", line 241, in _call_with_frames_removed
  File "/home/artiq/Developer/artiq/artiq-master/repository/Utility/shutdown.py", line 3, in <module>
    class Shutdown(ExpFragment):
  File "/home/artiq/Developer/artiq/artiq-master/repository/Utility/shutdown.py", line 4, in Shutdown
    @rpc
NameError: name 'rpc' is not defined
WARNING:master:artiq.master.experiments:Skipping file 'Utility/shutdown.py'
WARNING:master:artiq.master.experiments:Duplicate experiment name: 'NormalScanUI'
Renaming class 'NormalScanUI' in 'Scans/NormalSecScan.py' to 'NormalScanUI1'
INFO:dashboard:artiq.dashboard.experiments:Submitted 'repo:artiq_worker/ARTIQ Worker', RID is 5159
INFO:worker(5159,artiq_worker.py):print:DeprecationWarning: 'ndecimals' is deprecated. Please use 'precision' instead.
INFO:worker(5159,artiq_worker.py):print:DeprecationWarning: 'ndecimals' is deprecated. Please use 'precision' instead.
INFO:worker(5159,artiq_worker.py):print:2026-02-05 11:22:43,863 [ARTIQ.Worker] INFO: ============================================================
INFO:worker(5159,artiq_worker.py):ARTIQ.Worker:============================================================
INFO:worker(5159,artiq_worker.py):print:2026-02-05 11:22:43,863 [ARTIQ.Worker] INFO: ARTIQ ZMQ Worker: Preparing...
INFO:worker(5159,artiq_worker.py):ARTIQ.Worker:ARTIQ ZMQ Worker: Preparing...
INFO:worker(5159,artiq_worker.py):print:2026-02-05 11:22:43,863 [ARTIQ.Worker] INFO: ============================================================
INFO:worker(5159,artiq_worker.py):ARTIQ.Worker:============================================================
INFO:worker(5159,artiq_worker.py):print:2026-02-05 11:22:43,863 [ARTIQ.Worker] INFO: Manager IP: 192.168.56.101
INFO:worker(5159,artiq_worker.py):ARTIQ.Worker:Manager IP: 192.168.56.101
INFO:worker(5159,artiq_worker.py):print:2026-02-05 11:22:43,863 [ARTIQ.Worker] INFO: Command port: 5555
INFO:worker(5159,artiq_worker.py):ARTIQ.Worker:Command port: 5555
INFO:worker(5159,artiq_worker.py):print:2026-02-05 11:22:43,863 [ARTIQ.Worker] INFO: Data port: 5556
INFO:worker(5159,artiq_worker.py):ARTIQ.Worker:Data port: 5556
INFO:worker(5159,artiq_worker.py):print:2026-02-05 11:22:43,863 [ARTIQ.Worker] INFO: Lazy-loading fragments...
INFO:worker(5159,artiq_worker.py):ARTIQ.Worker:Lazy-loading fragments...
INFO:worker(5159,artiq_worker.py):print:2026-02-05 11:22:43,863 [ARTIQ.Worker] ERROR: Failed to load fragments
INFO:worker(5159,artiq_worker.py):print:Traceback (most recent call last):
INFO:worker(5159,artiq_worker.py):print:  File "/home/artiq/Developer/artiq/artiq-master/repository/artiq_worker/artiq_worker.py", line 130, in _init_fragments
INFO:worker(5159,artiq_worker.py):print:    from ec import ec
INFO:worker(5159,artiq_worker.py):print:ModuleNotFoundError: No module named 'ec'
ERROR:worker(5159,artiq_worker.py):ARTIQ.Worker:Failed to load fragments
Traceback (most recent call last):
  File "/home/artiq/Developer/artiq/artiq-master/repository/artiq_worker/artiq_worker.py", line 130, in _init_fragments
    from ec import ec
ModuleNotFoundError: No module named 'ec'
ERROR:worker(5159,artiq_worker.py):root:Terminating with exception (RuntimeError: Fragment initialization failed: No module named 'ec')
Traceback (most recent call last):
  File "/home/artiq/Developer/artiq/artiq-master/repository/artiq_worker/artiq_worker.py", line 130, in _init_fragments
    from ec import ec
ModuleNotFoundError: No module named 'ec'

During handling of the above exception, another exception occurred:

Traceback (most recent call last):
  File "/home/artiq/miniconda3/envs/artiq8/lib/python3.10/site-packages/artiq/master/worker_impl.py", line 353, in main
    exp_inst.prepare()
  File "/home/artiq/Developer/artiq/artiq-master/repository/artiq_worker/artiq_worker.py", line 107, in prepare
    self._init_fragments()
  File "/home/artiq/Developer/artiq/artiq-master/repository/artiq_worker/artiq_worker.py", line 145, in _init_fragments
    raise RuntimeError(f"Fragment initialization failed: {e}")
RuntimeError: Fragment initialization failed: No module named 'ec'
ERROR:master:artiq.master.scheduler:got worker exception in prepare stage, deleting RID 5159
INFO:worker(scan,ndscan_help .py):print:
WARNING:master:artiq.master.experiments:Duplicate experiment name: 'dummy_scan'
Renaming class 'dummy_scan' in 'Test/ndscan_help .py' to 'dummy_scan1'
ERROR:worker(scan,Photodiode2.py):root:Terminating with exception (KeyError: "'Parameter'")
  File "/home/artiq/miniconda3/envs/artiq8/lib/python3.10/site-packages/artiq/master/worker.py", line 233, in _handle_worker_requests
    data = func(*args, **obj["kwargs"])
  File "/home/artiq/miniconda3/envs/artiq8/lib/python3.10/site-packages/artiq/master/databases.py", line 83, in get
    return self.data.raw_view[key][1]
KeyError: "'Parameter'"
WARNING:master:artiq.master.experiments:Skipping file 'Shutter/Photodiode2.py'
INFO:worker(scan,voltage_split_test.py):print:grob: -8.7, fein: -1.7872340425532292
INFO:worker(scan,voltage_split_test.py):print:108.0
ERROR:master:artiq.master.worker:worker exception details
Traceback (most recent call last):
  File "/home/artiq/miniconda3/envs/artiq8/lib/python3.10/site-packages/artiq/master/worker.py", line 208, in _handle_worker_requests
    obj = await self._recv(self.watchdog_time())
  File "/home/artiq/miniconda3/envs/artiq8/lib/python3.10/site-packages/artiq/master/worker.py", line 185, in _recv
    raise WorkerTimeout(
artiq.master.worker.WorkerTimeout: Timeout receiving data from worker (RID scan)

During handling of the above exception, another exception occurred:

Traceback (most recent call last):
  File "/home/artiq/miniconda3/envs/artiq8/lib/python3.10/site-packages/artiq/master/experiments.py", line 26, in process_file
    description = await self.worker.examine(
  File "/home/artiq/miniconda3/envs/artiq8/lib/python3.10/site-packages/artiq/master/worker.py", line 319, in examine
    await self._worker_action({"action": "examine", "file": file},
  File "/home/artiq/miniconda3/envs/artiq8/lib/python3.10/site-packages/artiq/master/worker.py", line 258, in _worker_action
    completed = await self._handle_worker_requests()
  File "/home/artiq/miniconda3/envs/artiq8/lib/python3.10/site-packages/artiq/master/worker.py", line 212, in _handle_worker_requests
    raise WorkerWatchdogTimeout
artiq.master.worker.WorkerWatchdogTimeout
WARNING:master:artiq.master.experiments:Skipping file 'Trap/voltage_split_test.py'
Traceback (most recent call last):
  File "/home/artiq/miniconda3/envs/artiq8/lib/python3.10/site-packages/artiq/master/worker.py", line 208, in _handle_worker_requests
    obj = await self._recv(self.watchdog_time())
  File "/home/artiq/miniconda3/envs/artiq8/lib/python3.10/site-packages/artiq/master/worker.py", line 185, in _recv
    raise WorkerTimeout(
artiq.master.worker.WorkerTimeout: Timeout receiving data from worker (RID scan)

During handling of the above exception, another exception occurred:

Traceback (most recent call last):
  File "/home/artiq/miniconda3/envs/artiq8/lib/python3.10/site-packages/artiq/master/experiments.py", line 63, in _scan
    await self.process_file(entry_dict, root, filename)
  File "/home/artiq/miniconda3/envs/artiq8/lib/python3.10/site-packages/artiq/master/experiments.py", line 26, in process_file
    description = await self.worker.examine(
  File "/home/artiq/miniconda3/envs/artiq8/lib/python3.10/site-packages/artiq/master/worker.py", line 319, in examine
    await self._worker_action({"action": "examine", "file": file},
  File "/home/artiq/miniconda3/envs/artiq8/lib/python3.10/site-packages/artiq/master/worker.py", line 258, in _worker_action
    completed = await self._handle_worker_requests()
  File "/home/artiq/miniconda3/envs/artiq8/lib/python3.10/site-packages/artiq/master/worker.py", line 212, in _handle_worker_requests
    raise WorkerWatchdogTimeout
artiq.master.worker.WorkerWatchdogTimeout
INFO:worker(scan,artiq_worker.py):print:DeprecationWarning: 'ndecimals' is deprecated. Please use 'precision' instead.
INFO:worker(scan,artiq_worker.py):print:DeprecationWarning: 'ndecimals' is deprecated. Please use 'precision' instead.
ERROR:worker(scan,shutdown.py):root:Terminating with exception (NameError: name 'rpc' is not defined)
Traceback (most recent call last):
  File "/home/artiq/miniconda3/envs/artiq8/lib/python3.10/site-packages/artiq/master/worker_impl.py", line 384, in main
    examine(ExamineDeviceMgr, ExamineDatasetMgr, obj["file"])
  File "/home/artiq/miniconda3/envs/artiq8/lib/python3.10/site-packages/artiq/master/worker_impl.py", line 198, in examine
    module = tools.file_import(file)
  File "/home/artiq/miniconda3/envs/artiq8/lib/python3.10/site-packages/artiq/tools.py", line 138, in file_import
    spec.loader.exec_module(module)
  File "/home/artiq/miniconda3/envs/artiq8/lib/python3.10/site-packages/artiq/compiler/import_cache.py", line 23, in hook_exec_module
    im_exec_module(self, module)
  File "<frozen importlib._bootstrap_external>", line 883, in exec_module
  File "<frozen importlib._bootstrap>", line 241, in _call_with_frames_removed
  File "/home/artiq/Developer/artiq/artiq-master/repository/Utility/shutdown.py", line 3, in <module>
    class Shutdown(ExpFragment):
  File "/home/artiq/Developer/artiq/artiq-master/repository/Utility/shutdown.py", line 4, in Shutdown
    @rpc
NameError: name 'rpc' is not defined
WARNING:master:artiq.master.experiments:Skipping file 'Utility/shutdown.py'
WARNING:master:artiq.master.experiments:Duplicate experiment name: 'NormalScanUI'
Renaming class 'NormalScanUI' in 'Scans/NormalSecScan.py' to 'NormalScanUI1'
INFO:dashboard:artiq.dashboard.experiments:Submitted 'repo:artiq_worker/ARTIQ Worker', RID is 5160
INFO:worker(5160,artiq_worker.py):print:DeprecationWarning: 'ndecimals' is deprecated. Please use 'precision' instead.
INFO:worker(5160,artiq_worker.py):print:DeprecationWarning: 'ndecimals' is deprecated. Please use 'precision' instead.
INFO:worker(5160,artiq_worker.py):print:2026-02-05 11:26:13,042 [ARTIQ.Worker] INFO: ============================================================
INFO:worker(5160,artiq_worker.py):ARTIQ.Worker:============================================================
INFO:worker(5160,artiq_worker.py):print:2026-02-05 11:26:13,043 [ARTIQ.Worker] INFO: ARTIQ ZMQ Worker: Preparing...
INFO:worker(5160,artiq_worker.py):ARTIQ.Worker:ARTIQ ZMQ Worker: Preparing...
INFO:worker(5160,artiq_worker.py):print:2026-02-05 11:26:13,043 [ARTIQ.Worker] INFO: ============================================================
INFO:worker(5160,artiq_worker.py):ARTIQ.Worker:============================================================
INFO:worker(5160,artiq_worker.py):print:2026-02-05 11:26:13,043 [ARTIQ.Worker] INFO: Manager IP: 192.168.56.101
INFO:worker(5160,artiq_worker.py):ARTIQ.Worker:Manager IP: 192.168.56.101
INFO:worker(5160,artiq_worker.py):print:2026-02-05 11:26:13,043 [ARTIQ.Worker] INFO: Command port: 5555
INFO:worker(5160,artiq_worker.py):ARTIQ.Worker:Command port: 5555
INFO:worker(5160,artiq_worker.py):print:2026-02-05 11:26:13,043 [ARTIQ.Worker] INFO: Data port: 5556
INFO:worker(5160,artiq_worker.py):ARTIQ.Worker:Data port: 5556
INFO:worker(5160,artiq_worker.py):print:2026-02-05 11:26:13,043 [ARTIQ.Worker] INFO: Lazy-loading fragments...
INFO:worker(5160,artiq_worker.py):ARTIQ.Worker:Lazy-loading fragments...
INFO:worker(5160,artiq_worker.py):print:2026-02-05 11:26:13,043 [ARTIQ.Worker] ERROR: Failed to load fragments
INFO:worker(5160,artiq_worker.py):print:Traceback (most recent call last):
INFO:worker(5160,artiq_worker.py):print:  File "/home/artiq/Developer/artiq/artiq-master/repository/artiq_worker/artiq_worker.py", line 134, in _init_fragments
INFO:worker(5160,artiq_worker.py):print:    self.ec = ec(self, ["ec"])
INFO:worker(5160,artiq_worker.py):print:NameError: name 'ec' is not defined
ERROR:worker(5160,artiq_worker.py):ARTIQ.Worker:Failed to load fragments
Traceback (most recent call last):
  File "/home/artiq/Developer/artiq/artiq-master/repository/artiq_worker/artiq_worker.py", line 134, in _init_fragments
    self.ec = ec(self, ["ec"])
NameError: name 'ec' is not defined
ERROR:worker(5160,artiq_worker.py):root:Terminating with exception (RuntimeError: Fragment initialization failed: name 'ec' is not defined)
Traceback (most recent call last):
  File "/home/artiq/Developer/artiq/artiq-master/repository/artiq_worker/artiq_worker.py", line 134, in _init_fragments
    self.ec = ec(self, ["ec"])
NameError: name 'ec' is not defined

During handling of the above exception, another exception occurred:

Traceback (most recent call last):
  File "/home/artiq/miniconda3/envs/artiq8/lib/python3.10/site-packages/artiq/master/worker_impl.py", line 353, in main
    exp_inst.prepare()
  File "/home/artiq/Developer/artiq/artiq-master/repository/artiq_worker/artiq_worker.py", line 108, in prepare
    self._init_fragments()
  File "/home/artiq/Developer/artiq/artiq-master/repository/artiq_worker/artiq_worker.py", line 143, in _init_fragments
    raise RuntimeError(f"Fragment initialization failed: {e}")
RuntimeError: Fragment initialization failed: name 'ec' is not defined
ERROR:master:artiq.master.scheduler:got worker exception in prepare stage, deleting RID 5160
INFO:worker(scan,ndscan_help .py):print:
WARNING:master:artiq.master.experiments:Duplicate experiment name: 'dummy_scan'
Renaming class 'dummy_scan' in 'Test/ndscan_help .py' to 'dummy_scan1'
ERROR:worker(scan,Photodiode2.py):root:Terminating with exception (KeyError: "'Parameter'")
  File "/home/artiq/miniconda3/envs/artiq8/lib/python3.10/site-packages/artiq/master/worker.py", line 233, in _handle_worker_requests
    data = func(*args, **obj["kwargs"])
  File "/home/artiq/miniconda3/envs/artiq8/lib/python3.10/site-packages/artiq/master/databases.py", line 83, in get
    return self.data.raw_view[key][1]
KeyError: "'Parameter'"
WARNING:master:artiq.master.experiments:Skipping file 'Shutter/Photodiode2.py'
INFO:worker(scan,voltage_split_test.py):print:grob: -8.7, fein: -1.7872340425532292
INFO:worker(scan,voltage_split_test.py):print:108.0
ERROR:master:artiq.master.worker:worker exception details
Traceback (most recent call last):
  File "/home/artiq/miniconda3/envs/artiq8/lib/python3.10/site-packages/artiq/master/worker.py", line 208, in _handle_worker_requests
    obj = await self._recv(self.watchdog_time())
  File "/home/artiq/miniconda3/envs/artiq8/lib/python3.10/site-packages/artiq/master/worker.py", line 185, in _recv
    raise WorkerTimeout(
artiq.master.worker.WorkerTimeout: Timeout receiving data from worker (RID scan)

During handling of the above exception, another exception occurred:

Traceback (most recent call last):
  File "/home/artiq/miniconda3/envs/artiq8/lib/python3.10/site-packages/artiq/master/experiments.py", line 26, in process_file
    description = await self.worker.examine(
  File "/home/artiq/miniconda3/envs/artiq8/lib/python3.10/site-packages/artiq/master/worker.py", line 319, in examine
    await self._worker_action({"action": "examine", "file": file},
  File "/home/artiq/miniconda3/envs/artiq8/lib/python3.10/site-packages/artiq/master/worker.py", line 258, in _worker_action
    completed = await self._handle_worker_requests()
  File "/home/artiq/miniconda3/envs/artiq8/lib/python3.10/site-packages/artiq/master/worker.py", line 212, in _handle_worker_requests
    raise WorkerWatchdogTimeout
artiq.master.worker.WorkerWatchdogTimeout
WARNING:master:artiq.master.experiments:Skipping file 'Trap/voltage_split_test.py'
Traceback (most recent call last):
  File "/home/artiq/miniconda3/envs/artiq8/lib/python3.10/site-packages/artiq/master/worker.py", line 208, in _handle_worker_requests
    obj = await self._recv(self.watchdog_time())
  File "/home/artiq/miniconda3/envs/artiq8/lib/python3.10/site-packages/artiq/master/worker.py", line 185, in _recv
    raise WorkerTimeout(
artiq.master.worker.WorkerTimeout: Timeout receiving data from worker (RID scan)

During handling of the above exception, another exception occurred:

Traceback (most recent call last):
  File "/home/artiq/miniconda3/envs/artiq8/lib/python3.10/site-packages/artiq/master/experiments.py", line 63, in _scan
    await self.process_file(entry_dict, root, filename)
  File "/home/artiq/miniconda3/envs/artiq8/lib/python3.10/site-packages/artiq/master/experiments.py", line 26, in process_file
    description = await self.worker.examine(
  File "/home/artiq/miniconda3/envs/artiq8/lib/python3.10/site-packages/artiq/master/worker.py", line 319, in examine
    await self._worker_action({"action": "examine", "file": file},
  File "/home/artiq/miniconda3/envs/artiq8/lib/python3.10/site-packages/artiq/master/worker.py", line 258, in _worker_action
    completed = await self._handle_worker_requests()
  File "/home/artiq/miniconda3/envs/artiq8/lib/python3.10/site-packages/artiq/master/worker.py", line 212, in _handle_worker_requests
    raise WorkerWatchdogTimeout
artiq.master.worker.WorkerWatchdogTimeout
INFO:worker(scan,artiq_worker.py):print:DeprecationWarning: 'ndecimals' is deprecated. Please use 'precision' instead.
INFO:worker(scan,artiq_worker.py):print:DeprecationWarning: 'ndecimals' is deprecated. Please use 'precision' instead.
ERROR:worker(scan,shutdown.py):root:Terminating with exception (NameError: name 'rpc' is not defined)
Traceback (most recent call last):
  File "/home/artiq/miniconda3/envs/artiq8/lib/python3.10/site-packages/artiq/master/worker_impl.py", line 384, in main
    examine(ExamineDeviceMgr, ExamineDatasetMgr, obj["file"])
  File "/home/artiq/miniconda3/envs/artiq8/lib/python3.10/site-packages/artiq/master/worker_impl.py", line 198, in examine
    module = tools.file_import(file)
  File "/home/artiq/miniconda3/envs/artiq8/lib/python3.10/site-packages/artiq/tools.py", line 138, in file_import
    spec.loader.exec_module(module)
  File "/home/artiq/miniconda3/envs/artiq8/lib/python3.10/site-packages/artiq/compiler/import_cache.py", line 23, in hook_exec_module
    im_exec_module(self, module)
  File "<frozen importlib._bootstrap_external>", line 883, in exec_module
  File "<frozen importlib._bootstrap>", line 241, in _call_with_frames_removed
  File "/home/artiq/Developer/artiq/artiq-master/repository/Utility/shutdown.py", line 3, in <module>
    class Shutdown(ExpFragment):
  File "/home/artiq/Developer/artiq/artiq-master/repository/Utility/shutdown.py", line 4, in Shutdown
    @rpc
NameError: name 'rpc' is not defined
WARNING:master:artiq.master.experiments:Skipping file 'Utility/shutdown.py'
WARNING:master:artiq.master.experiments:Duplicate experiment name: 'NormalScanUI'
Renaming class 'NormalScanUI' in 'Scans/NormalSecScan.py' to 'NormalScanUI1'
INFO:dashboard:artiq.dashboard.experiments:Submitted 'repo:artiq_worker/ARTIQ Worker', RID is 5161
INFO:worker(5161,artiq_worker.py):print:DeprecationWarning: 'ndecimals' is deprecated. Please use 'precision' instead.
INFO:worker(5161,artiq_worker.py):print:DeprecationWarning: 'ndecimals' is deprecated. Please use 'precision' instead.
ERROR:worker(5161,artiq_worker.py):root:Terminating with exception (AttributeError: Supplied argument(s) not queried in experiment: watchdog_timeout)
Traceback (most recent call last):
  File "/home/artiq/miniconda3/envs/artiq8/lib/python3.10/site-packages/artiq/master/worker_impl.py", line 350, in main
    argument_mgr.check_unprocessed_arguments()
  File "/home/artiq/miniconda3/envs/artiq8/lib/python3.10/site-packages/artiq/language/environment.py", line 249, in check_unprocessed_arguments
    raise AttributeError("Supplied argument(s) not queried in experiment: " +
AttributeError: Supplied argument(s) not queried in experiment: watchdog_timeout
ERROR:master:artiq.master.scheduler:got worker exception in prepare stage, deleting RID 5161
INFO:worker(scan,ndscan_help .py):print:
WARNING:master:artiq.master.experiments:Duplicate experiment name: 'dummy_scan'
Renaming class 'dummy_scan' in 'Test/ndscan_help .py' to 'dummy_scan1'
ERROR:worker(scan,Photodiode2.py):root:Terminating with exception (KeyError: "'Parameter'")
  File "/home/artiq/miniconda3/envs/artiq8/lib/python3.10/site-packages/artiq/master/worker.py", line 233, in _handle_worker_requests
    data = func(*args, **obj["kwargs"])
  File "/home/artiq/miniconda3/envs/artiq8/lib/python3.10/site-packages/artiq/master/databases.py", line 83, in get
    return self.data.raw_view[key][1]
KeyError: "'Parameter'"
WARNING:master:artiq.master.experiments:Skipping file 'Shutter/Photodiode2.py'
INFO:worker(scan,voltage_split_test.py):print:grob: -8.7, fein: -1.7872340425532292
INFO:worker(scan,voltage_split_test.py):print:108.0
ERROR:master:artiq.master.worker:worker exception details
Traceback (most recent call last):
  File "/home/artiq/miniconda3/envs/artiq8/lib/python3.10/site-packages/artiq/master/worker.py", line 208, in _handle_worker_requests
    obj = await self._recv(self.watchdog_time())
  File "/home/artiq/miniconda3/envs/artiq8/lib/python3.10/site-packages/artiq/master/worker.py", line 185, in _recv
    raise WorkerTimeout(
artiq.master.worker.WorkerTimeout: Timeout receiving data from worker (RID scan)

During handling of the above exception, another exception occurred:

Traceback (most recent call last):
  File "/home/artiq/miniconda3/envs/artiq8/lib/python3.10/site-packages/artiq/master/experiments.py", line 26, in process_file
    description = await self.worker.examine(
  File "/home/artiq/miniconda3/envs/artiq8/lib/python3.10/site-packages/artiq/master/worker.py", line 319, in examine
    await self._worker_action({"action": "examine", "file": file},
  File "/home/artiq/miniconda3/envs/artiq8/lib/python3.10/site-packages/artiq/master/worker.py", line 258, in _worker_action
    completed = await self._handle_worker_requests()
  File "/home/artiq/miniconda3/envs/artiq8/lib/python3.10/site-packages/artiq/master/worker.py", line 212, in _handle_worker_requests
    raise WorkerWatchdogTimeout
artiq.master.worker.WorkerWatchdogTimeout
WARNING:master:artiq.master.experiments:Skipping file 'Trap/voltage_split_test.py'
Traceback (most recent call last):
  File "/home/artiq/miniconda3/envs/artiq8/lib/python3.10/site-packages/artiq/master/worker.py", line 208, in _handle_worker_requests
    obj = await self._recv(self.watchdog_time())
  File "/home/artiq/miniconda3/envs/artiq8/lib/python3.10/site-packages/artiq/master/worker.py", line 185, in _recv
    raise WorkerTimeout(
artiq.master.worker.WorkerTimeout: Timeout receiving data from worker (RID scan)

During handling of the above exception, another exception occurred:

Traceback (most recent call last):
  File "/home/artiq/miniconda3/envs/artiq8/lib/python3.10/site-packages/artiq/master/experiments.py", line 63, in _scan
    await self.process_file(entry_dict, root, filename)
  File "/home/artiq/miniconda3/envs/artiq8/lib/python3.10/site-packages/artiq/master/experiments.py", line 26, in process_file
    description = await self.worker.examine(
  File "/home/artiq/miniconda3/envs/artiq8/lib/python3.10/site-packages/artiq/master/worker.py", line 319, in examine
    await self._worker_action({"action": "examine", "file": file},
  File "/home/artiq/miniconda3/envs/artiq8/lib/python3.10/site-packages/artiq/master/worker.py", line 258, in _worker_action
    completed = await self._handle_worker_requests()
  File "/home/artiq/miniconda3/envs/artiq8/lib/python3.10/site-packages/artiq/master/worker.py", line 212, in _handle_worker_requests
    raise WorkerWatchdogTimeout
artiq.master.worker.WorkerWatchdogTimeout
INFO:worker(scan,artiq_worker.py):print:DeprecationWarning: 'ndecimals' is deprecated. Please use 'precision' instead.
INFO:worker(scan,artiq_worker.py):print:DeprecationWarning: 'ndecimals' is deprecated. Please use 'precision' instead.
ERROR:worker(scan,shutdown.py):root:Terminating with exception (NameError: name 'rpc' is not defined)
Traceback (most recent call last):
  File "/home/artiq/miniconda3/envs/artiq8/lib/python3.10/site-packages/artiq/master/worker_impl.py", line 384, in main
    examine(ExamineDeviceMgr, ExamineDatasetMgr, obj["file"])
  File "/home/artiq/miniconda3/envs/artiq8/lib/python3.10/site-packages/artiq/master/worker_impl.py", line 198, in examine
    module = tools.file_import(file)
  File "/home/artiq/miniconda3/envs/artiq8/lib/python3.10/site-packages/artiq/tools.py", line 138, in file_import
    spec.loader.exec_module(module)
  File "/home/artiq/miniconda3/envs/artiq8/lib/python3.10/site-packages/artiq/compiler/import_cache.py", line 23, in hook_exec_module
    im_exec_module(self, module)
  File "<frozen importlib._bootstrap_external>", line 883, in exec_module
  File "<frozen importlib._bootstrap>", line 241, in _call_with_frames_removed
  File "/home/artiq/Developer/artiq/artiq-master/repository/Utility/shutdown.py", line 3, in <module>
    class Shutdown(ExpFragment):
  File "/home/artiq/Developer/artiq/artiq-master/repository/Utility/shutdown.py", line 4, in Shutdown
    @rpc
NameError: name 'rpc' is not defined
WARNING:master:artiq.master.experiments:Skipping file 'Utility/shutdown.py'
WARNING:master:artiq.master.experiments:Duplicate experiment name: 'NormalScanUI'
Renaming class 'NormalScanUI' in 'Scans/NormalSecScan.py' to 'NormalScanUI1'
INFO:worker(scan,ndscan_help .py):print:
WARNING:master:artiq.master.experiments:Duplicate experiment name: 'dummy_scan'
Renaming class 'dummy_scan' in 'Test/ndscan_help .py' to 'dummy_scan1'
ERROR:worker(scan,Photodiode2.py):root:Terminating with exception (KeyError: "'Parameter'")
  File "/home/artiq/miniconda3/envs/artiq8/lib/python3.10/site-packages/artiq/master/worker.py", line 233, in _handle_worker_requests
    data = func(*args, **obj["kwargs"])
  File "/home/artiq/miniconda3/envs/artiq8/lib/python3.10/site-packages/artiq/master/databases.py", line 83, in get
    return self.data.raw_view[key][1]
KeyError: "'Parameter'"
WARNING:master:artiq.master.experiments:Skipping file 'Shutter/Photodiode2.py'
INFO:worker(scan,voltage_split_test.py):print:grob: -8.7, fein: -1.7872340425532292
INFO:worker(scan,voltage_split_test.py):print:108.0
ERROR:master:artiq.master.worker:worker exception details
Traceback (most recent call last):
  File "/home/artiq/miniconda3/envs/artiq8/lib/python3.10/site-packages/artiq/master/worker.py", line 208, in _handle_worker_requests
    obj = await self._recv(self.watchdog_time())
  File "/home/artiq/miniconda3/envs/artiq8/lib/python3.10/site-packages/artiq/master/worker.py", line 185, in _recv
    raise WorkerTimeout(
artiq.master.worker.WorkerTimeout: Timeout receiving data from worker (RID scan)

During handling of the above exception, another exception occurred:

Traceback (most recent call last):
  File "/home/artiq/miniconda3/envs/artiq8/lib/python3.10/site-packages/artiq/master/experiments.py", line 26, in process_file
    description = await self.worker.examine(
  File "/home/artiq/miniconda3/envs/artiq8/lib/python3.10/site-packages/artiq/master/worker.py", line 319, in examine
    await self._worker_action({"action": "examine", "file": file},
  File "/home/artiq/miniconda3/envs/artiq8/lib/python3.10/site-packages/artiq/master/worker.py", line 258, in _worker_action
    completed = await self._handle_worker_requests()
  File "/home/artiq/miniconda3/envs/artiq8/lib/python3.10/site-packages/artiq/master/worker.py", line 212, in _handle_worker_requests
    raise WorkerWatchdogTimeout
artiq.master.worker.WorkerWatchdogTimeout
WARNING:master:artiq.master.experiments:Skipping file 'Trap/voltage_split_test.py'
Traceback (most recent call last):
  File "/home/artiq/miniconda3/envs/artiq8/lib/python3.10/site-packages/artiq/master/worker.py", line 208, in _handle_worker_requests
    obj = await self._recv(self.watchdog_time())
  File "/home/artiq/miniconda3/envs/artiq8/lib/python3.10/site-packages/artiq/master/worker.py", line 185, in _recv
    raise WorkerTimeout(
artiq.master.worker.WorkerTimeout: Timeout receiving data from worker (RID scan)

During handling of the above exception, another exception occurred:

Traceback (most recent call last):
  File "/home/artiq/miniconda3/envs/artiq8/lib/python3.10/site-packages/artiq/master/experiments.py", line 63, in _scan
    await self.process_file(entry_dict, root, filename)
  File "/home/artiq/miniconda3/envs/artiq8/lib/python3.10/site-packages/artiq/master/experiments.py", line 26, in process_file
    description = await self.worker.examine(
  File "/home/artiq/miniconda3/envs/artiq8/lib/python3.10/site-packages/artiq/master/worker.py", line 319, in examine
    await self._worker_action({"action": "examine", "file": file},
  File "/home/artiq/miniconda3/envs/artiq8/lib/python3.10/site-packages/artiq/master/worker.py", line 258, in _worker_action
    completed = await self._handle_worker_requests()
  File "/home/artiq/miniconda3/envs/artiq8/lib/python3.10/site-packages/artiq/master/worker.py", line 212, in _handle_worker_requests
    raise WorkerWatchdogTimeout
artiq.master.worker.WorkerWatchdogTimeout
ERROR:worker(scan,shutdown.py):root:Terminating with exception (NameError: name 'rpc' is not defined)
Traceback (most recent call last):
  File "/home/artiq/miniconda3/envs/artiq8/lib/python3.10/site-packages/artiq/master/worker_impl.py", line 384, in main
    examine(ExamineDeviceMgr, ExamineDatasetMgr, obj["file"])
  File "/home/artiq/miniconda3/envs/artiq8/lib/python3.10/site-packages/artiq/master/worker_impl.py", line 198, in examine
    module = tools.file_import(file)
  File "/home/artiq/miniconda3/envs/artiq8/lib/python3.10/site-packages/artiq/tools.py", line 138, in file_import
    spec.loader.exec_module(module)
  File "/home/artiq/miniconda3/envs/artiq8/lib/python3.10/site-packages/artiq/compiler/import_cache.py", line 23, in hook_exec_module
    im_exec_module(self, module)
  File "<frozen importlib._bootstrap_external>", line 883, in exec_module
  File "<frozen importlib._bootstrap>", line 241, in _call_with_frames_removed
  File "/home/artiq/Developer/artiq/artiq-master/repository/Utility/shutdown.py", line 3, in <module>
    class Shutdown(ExpFragment):
  File "/home/artiq/Developer/artiq/artiq-master/repository/Utility/shutdown.py", line 4, in Shutdown
    @rpc
NameError: name 'rpc' is not defined
WARNING:master:artiq.master.experiments:Skipping file 'Utility/shutdown.py'
WARNING:master:artiq.master.experiments:Duplicate experiment name: 'NormalScanUI'
Renaming class 'NormalScanUI' in 'Scans/NormalSecScan.py' to 'NormalScanUI1'
INFO:dashboard:artiq.dashboard.experiments:Submitted 'repo:artiq_worker/ARTIQ Worker', RID is 5162
ERROR:worker(5162,artiq_worker.py):root:Terminating with exception (AttributeError: Supplied argument(s) not queried in experiment: watchdog_timeout)
Traceback (most recent call last):
  File "/home/artiq/miniconda3/envs/artiq8/lib/python3.10/site-packages/artiq/master/worker_impl.py", line 350, in main
    argument_mgr.check_unprocessed_arguments()
  File "/home/artiq/miniconda3/envs/artiq8/lib/python3.10/site-packages/artiq/language/environment.py", line 249, in check_unprocessed_arguments
    raise AttributeError("Supplied argument(s) not queried in experiment: " +
AttributeError: Supplied argument(s) not queried in experiment: watchdog_timeout
ERROR:master:artiq.master.scheduler:got worker exception in prepare stage, deleting RID 5162
INFO:dashboard:artiq.dashboard.experiments:Submitted 'repo:artiq_worker/Trap Controller', RID is 5163
ERROR:worker(5163,trap_controler.py):root:While compiling <repository>/artiq_worker/trap_controler.py
<repository>/artiq_worker/trap_controler.py:53:27-53:63: error: mandatory argument 'v2' is not passed
        self.comp.set_comp(self.u_hor.get(), self.u_ver.get())
                          ^^^^^^^^^^^^^^^^^^^^^^^^^^^^^^^^^^^^
<repository>/artiq_worker/trap_controler.py:53:9-53:27: note: the called function is of type method(fn=(self:<instance comp.comp>, v0:float, v1:float, v2:float, v3:float)->NoneType delay('a), self=<instance comp.comp>)
        self.comp.set_comp(self.u_hor.get(), self.u_ver.get())
        ^^^^^^^^^^^^^^^^^^                                    
ERROR:master:artiq.master.scheduler:got worker exception in run stage, deleting RID 5163
INFO:worker(scan,ndscan_help .py):print:
WARNING:master:artiq.master.experiments:Duplicate experiment name: 'dummy_scan'
Renaming class 'dummy_scan' in 'Test/ndscan_help .py' to 'dummy_scan1'
ERROR:worker(scan,Photodiode2.py):root:Terminating with exception (KeyError: "'Parameter'")
  File "/home/artiq/miniconda3/envs/artiq8/lib/python3.10/site-packages/artiq/master/worker.py", line 233, in _handle_worker_requests
    data = func(*args, **obj["kwargs"])
  File "/home/artiq/miniconda3/envs/artiq8/lib/python3.10/site-packages/artiq/master/databases.py", line 83, in get
    return self.data.raw_view[key][1]
KeyError: "'Parameter'"
WARNING:master:artiq.master.experiments:Skipping file 'Shutter/Photodiode2.py'
INFO:worker(scan,voltage_split_test.py):print:grob: -8.7, fein: -1.7872340425532292
INFO:worker(scan,voltage_split_test.py):print:108.0
ERROR:master:artiq.master.worker:worker exception details
Traceback (most recent call last):
  File "/home/artiq/miniconda3/envs/artiq8/lib/python3.10/site-packages/artiq/master/worker.py", line 208, in _handle_worker_requests
    obj = await self._recv(self.watchdog_time())
  File "/home/artiq/miniconda3/envs/artiq8/lib/python3.10/site-packages/artiq/master/worker.py", line 185, in _recv
    raise WorkerTimeout(
artiq.master.worker.WorkerTimeout: Timeout receiving data from worker (RID scan)

During handling of the above exception, another exception occurred:

Traceback (most recent call last):
  File "/home/artiq/miniconda3/envs/artiq8/lib/python3.10/site-packages/artiq/master/experiments.py", line 26, in process_file
    description = await self.worker.examine(
  File "/home/artiq/miniconda3/envs/artiq8/lib/python3.10/site-packages/artiq/master/worker.py", line 319, in examine
    await self._worker_action({"action": "examine", "file": file},
  File "/home/artiq/miniconda3/envs/artiq8/lib/python3.10/site-packages/artiq/master/worker.py", line 258, in _worker_action
    completed = await self._handle_worker_requests()
  File "/home/artiq/miniconda3/envs/artiq8/lib/python3.10/site-packages/artiq/master/worker.py", line 212, in _handle_worker_requests
    raise WorkerWatchdogTimeout
artiq.master.worker.WorkerWatchdogTimeout
WARNING:master:artiq.master.experiments:Skipping file 'Trap/voltage_split_test.py'
Traceback (most recent call last):
  File "/home/artiq/miniconda3/envs/artiq8/lib/python3.10/site-packages/artiq/master/worker.py", line 208, in _handle_worker_requests
    obj = await self._recv(self.watchdog_time())
  File "/home/artiq/miniconda3/envs/artiq8/lib/python3.10/site-packages/artiq/master/worker.py", line 185, in _recv
    raise WorkerTimeout(
artiq.master.worker.WorkerTimeout: Timeout receiving data from worker (RID scan)

During handling of the above exception, another exception occurred:

Traceback (most recent call last):
  File "/home/artiq/miniconda3/envs/artiq8/lib/python3.10/site-packages/artiq/master/experiments.py", line 63, in _scan
    await self.process_file(entry_dict, root, filename)
  File "/home/artiq/miniconda3/envs/artiq8/lib/python3.10/site-packages/artiq/master/experiments.py", line 26, in process_file
    description = await self.worker.examine(
  File "/home/artiq/miniconda3/envs/artiq8/lib/python3.10/site-packages/artiq/master/worker.py", line 319, in examine
    await self._worker_action({"action": "examine", "file": file},
  File "/home/artiq/miniconda3/envs/artiq8/lib/python3.10/site-packages/artiq/master/worker.py", line 258, in _worker_action
    completed = await self._handle_worker_requests()
  File "/home/artiq/miniconda3/envs/artiq8/lib/python3.10/site-packages/artiq/master/worker.py", line 212, in _handle_worker_requests
    raise WorkerWatchdogTimeout
artiq.master.worker.WorkerWatchdogTimeout
ERROR:worker(scan,experiment_submitter.py):root:Terminating with exception (ImportError: attempted relative import with no known parent package)
Traceback (most recent call last):
  File "/home/artiq/miniconda3/envs/artiq8/lib/python3.10/site-packages/artiq/master/worker_impl.py", line 384, in main
    examine(ExamineDeviceMgr, ExamineDatasetMgr, obj["file"])
  File "/home/artiq/miniconda3/envs/artiq8/lib/python3.10/site-packages/artiq/master/worker_impl.py", line 198, in examine
    module = tools.file_import(file)
  File "/home/artiq/miniconda3/envs/artiq8/lib/python3.10/site-packages/artiq/tools.py", line 138, in file_import
    spec.loader.exec_module(module)
  File "/home/artiq/miniconda3/envs/artiq8/lib/python3.10/site-packages/artiq/compiler/import_cache.py", line 23, in hook_exec_module
    im_exec_module(self, module)
  File "<frozen importlib._bootstrap_external>", line 883, in exec_module
  File "<frozen importlib._bootstrap>", line 241, in _call_with_frames_removed
  File "/home/artiq/Developer/artiq/artiq-master/repository/artiq_worker/utils/experiment_submitter.py", line 34, in <module>
    from .config_loader import get_config_value
ImportError: attempted relative import with no known parent package
WARNING:master:artiq.master.experiments:Skipping file 'artiq_worker/utils/experiment_submitter.py'
ERROR:worker(scan,emergency_zero_exp.py):root:Terminating with exception (ModuleNotFoundError: No module named 'ec')
Traceback (most recent call last):
  File "/home/artiq/miniconda3/envs/artiq8/lib/python3.10/site-packages/artiq/master/worker_impl.py", line 384, in main
    examine(ExamineDeviceMgr, ExamineDatasetMgr, obj["file"])
  File "/home/artiq/miniconda3/envs/artiq8/lib/python3.10/site-packages/artiq/master/worker_impl.py", line 198, in examine
    module = tools.file_import(file)
  File "/home/artiq/miniconda3/envs/artiq8/lib/python3.10/site-packages/artiq/tools.py", line 138, in file_import
    spec.loader.exec_module(module)
  File "/home/artiq/miniconda3/envs/artiq8/lib/python3.10/site-packages/artiq/compiler/import_cache.py", line 23, in hook_exec_module
    im_exec_module(self, module)
  File "<frozen importlib._bootstrap_external>", line 883, in exec_module
  File "<frozen importlib._bootstrap>", line 241, in _call_with_frames_removed
  File "/home/artiq/Developer/artiq/artiq-master/repository/artiq_worker/experiments/emergency_zero_exp.py", line 28, in <module>
    from ec import ec
ModuleNotFoundError: No module named 'ec'
WARNING:master:artiq.master.experiments:Skipping file 'artiq_worker/experiments/emergency_zero_exp.py'
ERROR:worker(scan,__init__.py):root:Terminating with exception (ModuleNotFoundError: No module named 'file_import___init__')
Traceback (most recent call last):
  File "/home/artiq/miniconda3/envs/artiq8/lib/python3.10/site-packages/artiq/master/worker_impl.py", line 384, in main
    examine(ExamineDeviceMgr, ExamineDatasetMgr, obj["file"])
  File "/home/artiq/miniconda3/envs/artiq8/lib/python3.10/site-packages/artiq/master/worker_impl.py", line 198, in examine
    module = tools.file_import(file)
  File "/home/artiq/miniconda3/envs/artiq8/lib/python3.10/site-packages/artiq/tools.py", line 138, in file_import
    spec.loader.exec_module(module)
  File "/home/artiq/miniconda3/envs/artiq8/lib/python3.10/site-packages/artiq/compiler/import_cache.py", line 23, in hook_exec_module
    im_exec_module(self, module)
  File "<frozen importlib._bootstrap_external>", line 883, in exec_module
  File "<frozen importlib._bootstrap>", line 241, in _call_with_frames_removed
  File "/home/artiq/Developer/artiq/artiq-master/repository/artiq_worker/experiments/__init__.py", line 23, in <module>
    from .set_dc_exp import SetDCExp, SetDCExpScan
ModuleNotFoundError: No module named 'file_import___init__'
WARNING:master:artiq.master.experiments:Skipping file 'artiq_worker/experiments/__init__.py'
INFO:worker(scan,artiq_worker.py):print:DeprecationWarning: 'ndecimals' is deprecated. Please use 'precision' instead.
INFO:worker(scan,artiq_worker.py):print:DeprecationWarning: 'ndecimals' is deprecated. Please use 'precision' instead.
ERROR:worker(scan,shutdown.py):root:Terminating with exception (NameError: name 'rpc' is not defined)
Traceback (most recent call last):
  File "/home/artiq/miniconda3/envs/artiq8/lib/python3.10/site-packages/artiq/master/worker_impl.py", line 384, in main
    examine(ExamineDeviceMgr, ExamineDatasetMgr, obj["file"])
  File "/home/artiq/miniconda3/envs/artiq8/lib/python3.10/site-packages/artiq/master/worker_impl.py", line 198, in examine
    module = tools.file_import(file)
  File "/home/artiq/miniconda3/envs/artiq8/lib/python3.10/site-packages/artiq/tools.py", line 138, in file_import
    spec.loader.exec_module(module)
  File "/home/artiq/miniconda3/envs/artiq8/lib/python3.10/site-packages/artiq/compiler/import_cache.py", line 23, in hook_exec_module
    im_exec_module(self, module)
  File "<frozen importlib._bootstrap_external>", line 883, in exec_module
  File "<frozen importlib._bootstrap>", line 241, in _call_with_frames_removed
  File "/home/artiq/Developer/artiq/artiq-master/repository/Utility/shutdown.py", line 3, in <module>
    class Shutdown(ExpFragment):
  File "/home/artiq/Developer/artiq/artiq-master/repository/Utility/shutdown.py", line 4, in Shutdown
    @rpc
NameError: name 'rpc' is not defined
WARNING:master:artiq.master.experiments:Skipping file 'Utility/shutdown.py'
WARNING:master:artiq.master.experiments:Duplicate experiment name: 'NormalScanUI'
Renaming class 'NormalScanUI' in 'Scans/NormalSecScan.py' to 'NormalScanUI1'
INFO:worker(scan,ndscan_help .py):print:
WARNING:master:artiq.master.experiments:Duplicate experiment name: 'dummy_scan'
Renaming class 'dummy_scan' in 'Test/ndscan_help .py' to 'dummy_scan1'
ERROR:worker(scan,Photodiode2.py):root:Terminating with exception (KeyError: "'Parameter'")
  File "/home/artiq/miniconda3/envs/artiq8/lib/python3.10/site-packages/artiq/master/worker.py", line 233, in _handle_worker_requests
    data = func(*args, **obj["kwargs"])
  File "/home/artiq/miniconda3/envs/artiq8/lib/python3.10/site-packages/artiq/master/databases.py", line 83, in get
    return self.data.raw_view[key][1]
KeyError: "'Parameter'"
WARNING:master:artiq.master.experiments:Skipping file 'Shutter/Photodiode2.py'
INFO:worker(scan,voltage_split_test.py):print:grob: -8.7, fein: -1.7872340425532292
INFO:worker(scan,voltage_split_test.py):print:108.0
ERROR:master:artiq.master.worker:worker exception details
Traceback (most recent call last):
  File "/home/artiq/miniconda3/envs/artiq8/lib/python3.10/site-packages/artiq/master/worker.py", line 208, in _handle_worker_requests
    obj = await self._recv(self.watchdog_time())
  File "/home/artiq/miniconda3/envs/artiq8/lib/python3.10/site-packages/artiq/master/worker.py", line 185, in _recv
    raise WorkerTimeout(
artiq.master.worker.WorkerTimeout: Timeout receiving data from worker (RID scan)

During handling of the above exception, another exception occurred:

Traceback (most recent call last):
  File "/home/artiq/miniconda3/envs/artiq8/lib/python3.10/site-packages/artiq/master/experiments.py", line 26, in process_file
    description = await self.worker.examine(
  File "/home/artiq/miniconda3/envs/artiq8/lib/python3.10/site-packages/artiq/master/worker.py", line 319, in examine
    await self._worker_action({"action": "examine", "file": file},
  File "/home/artiq/miniconda3/envs/artiq8/lib/python3.10/site-packages/artiq/master/worker.py", line 258, in _worker_action
    completed = await self._handle_worker_requests()
  File "/home/artiq/miniconda3/envs/artiq8/lib/python3.10/site-packages/artiq/master/worker.py", line 212, in _handle_worker_requests
    raise WorkerWatchdogTimeout
artiq.master.worker.WorkerWatchdogTimeout
WARNING:master:artiq.master.experiments:Skipping file 'Trap/voltage_split_test.py'
Traceback (most recent call last):
  File "/home/artiq/miniconda3/envs/artiq8/lib/python3.10/site-packages/artiq/master/worker.py", line 208, in _handle_worker_requests
    obj = await self._recv(self.watchdog_time())
  File "/home/artiq/miniconda3/envs/artiq8/lib/python3.10/site-packages/artiq/master/worker.py", line 185, in _recv
    raise WorkerTimeout(
artiq.master.worker.WorkerTimeout: Timeout receiving data from worker (RID scan)

During handling of the above exception, another exception occurred:

Traceback (most recent call last):
  File "/home/artiq/miniconda3/envs/artiq8/lib/python3.10/site-packages/artiq/master/experiments.py", line 63, in _scan
    await self.process_file(entry_dict, root, filename)
  File "/home/artiq/miniconda3/envs/artiq8/lib/python3.10/site-packages/artiq/master/experiments.py", line 26, in process_file
    description = await self.worker.examine(
  File "/home/artiq/miniconda3/envs/artiq8/lib/python3.10/site-packages/artiq/master/worker.py", line 319, in examine
    await self._worker_action({"action": "examine", "file": file},
  File "/home/artiq/miniconda3/envs/artiq8/lib/python3.10/site-packages/artiq/master/worker.py", line 258, in _worker_action
    completed = await self._handle_worker_requests()
  File "/home/artiq/miniconda3/envs/artiq8/lib/python3.10/site-packages/artiq/master/worker.py", line 212, in _handle_worker_requests
    raise WorkerWatchdogTimeout
artiq.master.worker.WorkerWatchdogTimeout
ERROR:worker(scan,experiment_submitter.py):root:Terminating with exception (ImportError: attempted relative import with no known parent package)
Traceback (most recent call last):
  File "/home/artiq/miniconda3/envs/artiq8/lib/python3.10/site-packages/artiq/master/worker_impl.py", line 384, in main
    examine(ExamineDeviceMgr, ExamineDatasetMgr, obj["file"])
  File "/home/artiq/miniconda3/envs/artiq8/lib/python3.10/site-packages/artiq/master/worker_impl.py", line 198, in examine
    module = tools.file_import(file)
  File "/home/artiq/miniconda3/envs/artiq8/lib/python3.10/site-packages/artiq/tools.py", line 138, in file_import
    spec.loader.exec_module(module)
  File "/home/artiq/miniconda3/envs/artiq8/lib/python3.10/site-packages/artiq/compiler/import_cache.py", line 23, in hook_exec_module
    im_exec_module(self, module)
  File "<frozen importlib._bootstrap_external>", line 883, in exec_module
  File "<frozen importlib._bootstrap>", line 241, in _call_with_frames_removed
  File "/home/artiq/Developer/artiq/artiq-master/repository/artiq_worker/utils/experiment_submitter.py", line 34, in <module>
    from .config_loader import get_config_value
ImportError: attempted relative import with no known parent package
WARNING:master:artiq.master.experiments:Skipping file 'artiq_worker/utils/experiment_submitter.py'
ERROR:worker(scan,emergency_zero_exp.py):root:Terminating with exception (ModuleNotFoundError: No module named 'ec')
Traceback (most recent call last):
  File "/home/artiq/miniconda3/envs/artiq8/lib/python3.10/site-packages/artiq/master/worker_impl.py", line 384, in main
    examine(ExamineDeviceMgr, ExamineDatasetMgr, obj["file"])
  File "/home/artiq/miniconda3/envs/artiq8/lib/python3.10/site-packages/artiq/master/worker_impl.py", line 198, in examine
    module = tools.file_import(file)
  File "/home/artiq/miniconda3/envs/artiq8/lib/python3.10/site-packages/artiq/tools.py", line 138, in file_import
    spec.loader.exec_module(module)
  File "/home/artiq/miniconda3/envs/artiq8/lib/python3.10/site-packages/artiq/compiler/import_cache.py", line 23, in hook_exec_module
    im_exec_module(self, module)
  File "<frozen importlib._bootstrap_external>", line 883, in exec_module
  File "<frozen importlib._bootstrap>", line 241, in _call_with_frames_removed
  File "/home/artiq/Developer/artiq/artiq-master/repository/artiq_worker/experiments/emergency_zero_exp.py", line 28, in <module>
    from ec import ec
ModuleNotFoundError: No module named 'ec'
WARNING:master:artiq.master.experiments:Skipping file 'artiq_worker/experiments/emergency_zero_exp.py'
ERROR:worker(scan,__init__.py):root:Terminating with exception (ModuleNotFoundError: No module named 'file_import___init__')
Traceback (most recent call last):
  File "/home/artiq/miniconda3/envs/artiq8/lib/python3.10/site-packages/artiq/master/worker_impl.py", line 384, in main
    examine(ExamineDeviceMgr, ExamineDatasetMgr, obj["file"])
  File "/home/artiq/miniconda3/envs/artiq8/lib/python3.10/site-packages/artiq/master/worker_impl.py", line 198, in examine
    module = tools.file_import(file)
  File "/home/artiq/miniconda3/envs/artiq8/lib/python3.10/site-packages/artiq/tools.py", line 138, in file_import
    spec.loader.exec_module(module)
  File "/home/artiq/miniconda3/envs/artiq8/lib/python3.10/site-packages/artiq/compiler/import_cache.py", line 23, in hook_exec_module
    im_exec_module(self, module)
  File "<frozen importlib._bootstrap_external>", line 883, in exec_module
  File "<frozen importlib._bootstrap>", line 241, in _call_with_frames_removed
  File "/home/artiq/Developer/artiq/artiq-master/repository/artiq_worker/experiments/__init__.py", line 23, in <module>
    from .set_dc_exp import SetDCExp, SetDCExpScan
ModuleNotFoundError: No module named 'file_import___init__'
WARNING:master:artiq.master.experiments:Skipping file 'artiq_worker/experiments/__init__.py'
ERROR:worker(scan,shutdown.py):root:Terminating with exception (NameError: name 'rpc' is not defined)
Traceback (most recent call last):
  File "/home/artiq/miniconda3/envs/artiq8/lib/python3.10/site-packages/artiq/master/worker_impl.py", line 384, in main
    examine(ExamineDeviceMgr, ExamineDatasetMgr, obj["file"])
  File "/home/artiq/miniconda3/envs/artiq8/lib/python3.10/site-packages/artiq/master/worker_impl.py", line 198, in examine
    module = tools.file_import(file)
  File "/home/artiq/miniconda3/envs/artiq8/lib/python3.10/site-packages/artiq/tools.py", line 138, in file_import
    spec.loader.exec_module(module)
  File "/home/artiq/miniconda3/envs/artiq8/lib/python3.10/site-packages/artiq/compiler/import_cache.py", line 23, in hook_exec_module
    im_exec_module(self, module)
  File "<frozen importlib._bootstrap_external>", line 883, in exec_module
  File "<frozen importlib._bootstrap>", line 241, in _call_with_frames_removed
  File "/home/artiq/Developer/artiq/artiq-master/repository/Utility/shutdown.py", line 3, in <module>
    class Shutdown(ExpFragment):
  File "/home/artiq/Developer/artiq/artiq-master/repository/Utility/shutdown.py", line 4, in Shutdown
    @rpc
NameError: name 'rpc' is not defined
WARNING:master:artiq.master.experiments:Skipping file 'Utility/shutdown.py'
WARNING:master:artiq.master.experiments:Duplicate experiment name: 'NormalScanUI'
Renaming class 'NormalScanUI' in 'Scans/NormalSecScan.py' to 'NormalScanUI1'
INFO:worker(scan,ndscan_help .py):print:
WARNING:master:artiq.master.experiments:Duplicate experiment name: 'dummy_scan'
Renaming class 'dummy_scan' in 'Test/ndscan_help .py' to 'dummy_scan1'
ERROR:worker(scan,Photodiode2.py):root:Terminating with exception (KeyError: "'Parameter'")
  File "/home/artiq/miniconda3/envs/artiq8/lib/python3.10/site-packages/artiq/master/worker.py", line 233, in _handle_worker_requests
    data = func(*args, **obj["kwargs"])
  File "/home/artiq/miniconda3/envs/artiq8/lib/python3.10/site-packages/artiq/master/databases.py", line 83, in get
    return self.data.raw_view[key][1]
KeyError: "'Parameter'"
WARNING:master:artiq.master.experiments:Skipping file 'Shutter/Photodiode2.py'
INFO:worker(scan,voltage_split_test.py):print:grob: -8.7, fein: -1.7872340425532292
INFO:worker(scan,voltage_split_test.py):print:108.0
ERROR:master:artiq.master.worker:worker exception details
Traceback (most recent call last):
  File "/home/artiq/miniconda3/envs/artiq8/lib/python3.10/site-packages/artiq/master/worker.py", line 208, in _handle_worker_requests
    obj = await self._recv(self.watchdog_time())
  File "/home/artiq/miniconda3/envs/artiq8/lib/python3.10/site-packages/artiq/master/worker.py", line 185, in _recv
    raise WorkerTimeout(
artiq.master.worker.WorkerTimeout: Timeout receiving data from worker (RID scan)

During handling of the above exception, another exception occurred:

Traceback (most recent call last):
  File "/home/artiq/miniconda3/envs/artiq8/lib/python3.10/site-packages/artiq/master/experiments.py", line 26, in process_file
    description = await self.worker.examine(
  File "/home/artiq/miniconda3/envs/artiq8/lib/python3.10/site-packages/artiq/master/worker.py", line 319, in examine
    await self._worker_action({"action": "examine", "file": file},
  File "/home/artiq/miniconda3/envs/artiq8/lib/python3.10/site-packages/artiq/master/worker.py", line 258, in _worker_action
    completed = await self._handle_worker_requests()
  File "/home/artiq/miniconda3/envs/artiq8/lib/python3.10/site-packages/artiq/master/worker.py", line 212, in _handle_worker_requests
    raise WorkerWatchdogTimeout
artiq.master.worker.WorkerWatchdogTimeout
WARNING:master:artiq.master.experiments:Skipping file 'Trap/voltage_split_test.py'
Traceback (most recent call last):
  File "/home/artiq/miniconda3/envs/artiq8/lib/python3.10/site-packages/artiq/master/worker.py", line 208, in _handle_worker_requests
    obj = await self._recv(self.watchdog_time())
  File "/home/artiq/miniconda3/envs/artiq8/lib/python3.10/site-packages/artiq/master/worker.py", line 185, in _recv
    raise WorkerTimeout(
artiq.master.worker.WorkerTimeout: Timeout receiving data from worker (RID scan)

During handling of the above exception, another exception occurred:

Traceback (most recent call last):
  File "/home/artiq/miniconda3/envs/artiq8/lib/python3.10/site-packages/artiq/master/experiments.py", line 63, in _scan
    await self.process_file(entry_dict, root, filename)
  File "/home/artiq/miniconda3/envs/artiq8/lib/python3.10/site-packages/artiq/master/experiments.py", line 26, in process_file
    description = await self.worker.examine(
  File "/home/artiq/miniconda3/envs/artiq8/lib/python3.10/site-packages/artiq/master/worker.py", line 319, in examine
    await self._worker_action({"action": "examine", "file": file},
  File "/home/artiq/miniconda3/envs/artiq8/lib/python3.10/site-packages/artiq/master/worker.py", line 258, in _worker_action
    completed = await self._handle_worker_requests()
  File "/home/artiq/miniconda3/envs/artiq8/lib/python3.10/site-packages/artiq/master/worker.py", line 212, in _handle_worker_requests
    raise WorkerWatchdogTimeout
artiq.master.worker.WorkerWatchdogTimeout
ERROR:worker(scan,experiment_submitter.py):root:Terminating with exception (ImportError: attempted relative import with no known parent package)
Traceback (most recent call last):
  File "/home/artiq/miniconda3/envs/artiq8/lib/python3.10/site-packages/artiq/master/worker_impl.py", line 384, in main
    examine(ExamineDeviceMgr, ExamineDatasetMgr, obj["file"])
  File "/home/artiq/miniconda3/envs/artiq8/lib/python3.10/site-packages/artiq/master/worker_impl.py", line 198, in examine
    module = tools.file_import(file)
  File "/home/artiq/miniconda3/envs/artiq8/lib/python3.10/site-packages/artiq/tools.py", line 138, in file_import
    spec.loader.exec_module(module)
  File "/home/artiq/miniconda3/envs/artiq8/lib/python3.10/site-packages/artiq/compiler/import_cache.py", line 23, in hook_exec_module
    im_exec_module(self, module)
  File "<frozen importlib._bootstrap_external>", line 883, in exec_module
  File "<frozen importlib._bootstrap>", line 241, in _call_with_frames_removed
  File "/home/artiq/Developer/artiq/artiq-master/repository/artiq_worker/utils/experiment_submitter.py", line 34, in <module>
    from .config_loader import get_config_value
ImportError: attempted relative import with no known parent package
WARNING:master:artiq.master.experiments:Skipping file 'artiq_worker/utils/experiment_submitter.py'
ERROR:worker(scan,emergency_zero_exp.py):root:Terminating with exception (ModuleNotFoundError: No module named 'ec')
Traceback (most recent call last):
  File "/home/artiq/miniconda3/envs/artiq8/lib/python3.10/site-packages/artiq/master/worker_impl.py", line 384, in main
    examine(ExamineDeviceMgr, ExamineDatasetMgr, obj["file"])
  File "/home/artiq/miniconda3/envs/artiq8/lib/python3.10/site-packages/artiq/master/worker_impl.py", line 198, in examine
    module = tools.file_import(file)
  File "/home/artiq/miniconda3/envs/artiq8/lib/python3.10/site-packages/artiq/tools.py", line 138, in file_import
    spec.loader.exec_module(module)
  File "/home/artiq/miniconda3/envs/artiq8/lib/python3.10/site-packages/artiq/compiler/import_cache.py", line 23, in hook_exec_module
    im_exec_module(self, module)
  File "<frozen importlib._bootstrap_external>", line 883, in exec_module
  File "<frozen importlib._bootstrap>", line 241, in _call_with_frames_removed
  File "/home/artiq/Developer/artiq/artiq-master/repository/artiq_worker/experiments/emergency_zero_exp.py", line 28, in <module>
    from ec import ec
ModuleNotFoundError: No module named 'ec'
WARNING:master:artiq.master.experiments:Skipping file 'artiq_worker/experiments/emergency_zero_exp.py'
ERROR:worker(scan,__init__.py):root:Terminating with exception (ModuleNotFoundError: No module named 'file_import___init__')
Traceback (most recent call last):
  File "/home/artiq/miniconda3/envs/artiq8/lib/python3.10/site-packages/artiq/master/worker_impl.py", line 384, in main
    examine(ExamineDeviceMgr, ExamineDatasetMgr, obj["file"])
  File "/home/artiq/miniconda3/envs/artiq8/lib/python3.10/site-packages/artiq/master/worker_impl.py", line 198, in examine
    module = tools.file_import(file)
  File "/home/artiq/miniconda3/envs/artiq8/lib/python3.10/site-packages/artiq/tools.py", line 138, in file_import
    spec.loader.exec_module(module)
  File "/home/artiq/miniconda3/envs/artiq8/lib/python3.10/site-packages/artiq/compiler/import_cache.py", line 23, in hook_exec_module
    im_exec_module(self, module)
  File "<frozen importlib._bootstrap_external>", line 883, in exec_module
  File "<frozen importlib._bootstrap>", line 241, in _call_with_frames_removed
  File "/home/artiq/Developer/artiq/artiq-master/repository/artiq_worker/experiments/__init__.py", line 23, in <module>
    from .set_dc_exp import SetDCExp, SetDCExpScan
ModuleNotFoundError: No module named 'file_import___init__'
WARNING:master:artiq.master.experiments:Skipping file 'artiq_worker/experiments/__init__.py'
ERROR:worker(scan,shutdown.py):root:Terminating with exception (NameError: name 'rpc' is not defined)
Traceback (most recent call last):
  File "/home/artiq/miniconda3/envs/artiq8/lib/python3.10/site-packages/artiq/master/worker_impl.py", line 384, in main
    examine(ExamineDeviceMgr, ExamineDatasetMgr, obj["file"])
  File "/home/artiq/miniconda3/envs/artiq8/lib/python3.10/site-packages/artiq/master/worker_impl.py", line 198, in examine
    module = tools.file_import(file)
  File "/home/artiq/miniconda3/envs/artiq8/lib/python3.10/site-packages/artiq/tools.py", line 138, in file_import
    spec.loader.exec_module(module)
  File "/home/artiq/miniconda3/envs/artiq8/lib/python3.10/site-packages/artiq/compiler/import_cache.py", line 23, in hook_exec_module
    im_exec_module(self, module)
  File "<frozen importlib._bootstrap_external>", line 883, in exec_module
  File "<frozen importlib._bootstrap>", line 241, in _call_with_frames_removed
  File "/home/artiq/Developer/artiq/artiq-master/repository/Utility/shutdown.py", line 3, in <module>
    class Shutdown(ExpFragment):
  File "/home/artiq/Developer/artiq/artiq-master/repository/Utility/shutdown.py", line 4, in Shutdown
    @rpc
NameError: name 'rpc' is not defined
WARNING:master:artiq.master.experiments:Skipping file 'Utility/shutdown.py'
WARNING:master:artiq.master.experiments:Duplicate experiment name: 'NormalScanUI'
Renaming class 'NormalScanUI' in 'Scans/NormalSecScan.py' to 'NormalScanUI1'
ERROR:dashboard:artiq.dashboard.experiments:Failed to submit 'repo:artiq_worker/ARTIQ Worker'
Traceback (most recent call last):
  File "/home/artiq/miniconda3/envs/artiq8/lib/python3.10/site-packages/artiq/dashboard/experiments.py", line 263, in submit_clicked
    self.manager.submit(self.expurl)
  File "/home/artiq/miniconda3/envs/artiq8/lib/python3.10/site-packages/artiq/dashboard/experiments.py", line 620, in submit
    file, class_name, _ = self.resolve_expurl(expurl)
  File "/home/artiq/miniconda3/envs/artiq8/lib/python3.10/site-packages/artiq/dashboard/experiments.py", line 487, in resolve_expurl
    expinfo = self.explist[expurl[5:]]
KeyError: 'artiq_worker/ARTIQ Worker'
INFO:worker(scan,ndscan_help .py):print:
WARNING:master:artiq.master.experiments:Duplicate experiment name: 'dummy_scan'
Renaming class 'dummy_scan' in 'Test/ndscan_help .py' to 'dummy_scan1'
ERROR:worker(scan,Photodiode2.py):root:Terminating with exception (KeyError: "'Parameter'")
  File "/home/artiq/miniconda3/envs/artiq8/lib/python3.10/site-packages/artiq/master/worker.py", line 233, in _handle_worker_requests
    data = func(*args, **obj["kwargs"])
  File "/home/artiq/miniconda3/envs/artiq8/lib/python3.10/site-packages/artiq/master/databases.py", line 83, in get
    return self.data.raw_view[key][1]
KeyError: "'Parameter'"
WARNING:master:artiq.master.experiments:Skipping file 'Shutter/Photodiode2.py'
INFO:worker(scan,voltage_split_test.py):print:grob: -8.7, fein: -1.7872340425532292
INFO:worker(scan,voltage_split_test.py):print:108.0
ERROR:worker(scan,experiment_submitter.py):root:Terminating with exception (ImportError: attempted relative import with no known parent package)
Traceback (most recent call last):
  File "/home/artiq/miniconda3/envs/artiq8/lib/python3.10/site-packages/artiq/master/worker_impl.py", line 384, in main
    examine(ExamineDeviceMgr, ExamineDatasetMgr, obj["file"])
  File "/home/artiq/miniconda3/envs/artiq8/lib/python3.10/site-packages/artiq/master/worker_impl.py", line 198, in examine
    module = tools.file_import(file)
  File "/home/artiq/miniconda3/envs/artiq8/lib/python3.10/site-packages/artiq/tools.py", line 138, in file_import
    spec.loader.exec_module(module)
  File "/home/artiq/miniconda3/envs/artiq8/lib/python3.10/site-packages/artiq/compiler/import_cache.py", line 23, in hook_exec_module
    im_exec_module(self, module)
  File "<frozen importlib._bootstrap_external>", line 883, in exec_module
  File "<frozen importlib._bootstrap>", line 241, in _call_with_frames_removed
  File "/home/artiq/Developer/artiq/artiq-master/repository/artiq_worker/experiment_submitter.py", line 34, in <module>
    from .config_loader import get_config_value
ImportError: attempted relative import with no known parent package
WARNING:master:artiq.master.experiments:Skipping file 'artiq_worker/experiment_submitter.py'
WARNING:master:artiq.master.experiments:Character '/' is not allowed in experiment name (Emergency Zero/Shutdown Experiment)
ERROR:worker(scan,__init__.py):root:Terminating with exception (ModuleNotFoundError: No module named 'file_import___init__')
Traceback (most recent call last):
  File "/home/artiq/miniconda3/envs/artiq8/lib/python3.10/site-packages/artiq/master/worker_impl.py", line 384, in main
    examine(ExamineDeviceMgr, ExamineDatasetMgr, obj["file"])
  File "/home/artiq/miniconda3/envs/artiq8/lib/python3.10/site-packages/artiq/master/worker_impl.py", line 198, in examine
    module = tools.file_import(file)
  File "/home/artiq/miniconda3/envs/artiq8/lib/python3.10/site-packages/artiq/tools.py", line 138, in file_import
    spec.loader.exec_module(module)
  File "/home/artiq/miniconda3/envs/artiq8/lib/python3.10/site-packages/artiq/compiler/import_cache.py", line 23, in hook_exec_module
    im_exec_module(self, module)
  File "<frozen importlib._bootstrap_external>", line 883, in exec_module
  File "<frozen importlib._bootstrap>", line 241, in _call_with_frames_removed
  File "/home/artiq/Developer/artiq/artiq-master/repository/artiq_worker/__init__.py", line 23, in <module>
    from .set_dc_exp import SetDCExp, SetDCExpScan
ModuleNotFoundError: No module named 'file_import___init__'
WARNING:master:artiq.master.experiments:Skipping file 'artiq_worker/__init__.py'
ERROR:worker(scan,shutdown.py):root:Terminating with exception (NameError: name 'rpc' is not defined)
Traceback (most recent call last):
  File "/home/artiq/miniconda3/envs/artiq8/lib/python3.10/site-packages/artiq/master/worker_impl.py", line 384, in main
    examine(ExamineDeviceMgr, ExamineDatasetMgr, obj["file"])
  File "/home/artiq/miniconda3/envs/artiq8/lib/python3.10/site-packages/artiq/master/worker_impl.py", line 198, in examine
    module = tools.file_import(file)
  File "/home/artiq/miniconda3/envs/artiq8/lib/python3.10/site-packages/artiq/tools.py", line 138, in file_import
    spec.loader.exec_module(module)
  File "/home/artiq/miniconda3/envs/artiq8/lib/python3.10/site-packages/artiq/compiler/import_cache.py", line 23, in hook_exec_module
    im_exec_module(self, module)
  File "<frozen importlib._bootstrap_external>", line 883, in exec_module
  File "<frozen importlib._bootstrap>", line 241, in _call_with_frames_removed
  File "/home/artiq/Developer/artiq/artiq-master/repository/Utility/shutdown.py", line 3, in <module>
    class Shutdown(ExpFragment):
  File "/home/artiq/Developer/artiq/artiq-master/repository/Utility/shutdown.py", line 4, in Shutdown
    @rpc
NameError: name 'rpc' is not defined
WARNING:master:artiq.master.experiments:Skipping file 'Utility/shutdown.py'
WARNING:master:artiq.master.experiments:Duplicate experiment name: 'NormalScanUI'
Renaming class 'NormalScanUI' in 'Scans/NormalSecScan.py' to 'NormalScanUI1'
^CWARNING:ndscan.dataset_janitor:Termination requested, exiting…
(artiq8) [artiq@artiq-virtualbox artiq-master]$ conda install asyncio
2 channel Terms of Service accepted
Retrieving notices: done
Channels:
 - https://conda.m-labs.hk/artiq
 - defaults
 - conda-forge
Platform: linux-64
Collecting package metadata (repodata.json): done
Solving environment: failed

PackagesNotFoundError: The following packages are not available from current channels:

  - asyncio

Current channels:

  - https://conda.m-labs.hk/artiq
  - defaults
  - https://conda.anaconda.org/conda-forge

To search for alternate channels that may provide the conda package you're
looking for, navigate to

    https://anaconda.org

and use the search bar at the top of the page.


(artiq8) [artiq@artiq-virtualbox artiq-master]$ INFO:worker(scan,ndscan_help .py):print:
WARNING:master:artiq.master.experiments:Duplicate experiment name: 'dummy_scan'
Renaming class 'dummy_scan' in 'Test/ndscan_help .py' to 'dummy_scan1'
ERROR:worker(scan,Photodiode2.py):root:Terminating with exception (KeyError: "'Parameter'")
  File "/home/artiq/miniconda3/envs/artiq8/lib/python3.10/site-packages/artiq/master/worker.py", line 233, in _handle_worker_requests
    data = func(*args, **obj["kwargs"])
  File "/home/artiq/miniconda3/envs/artiq8/lib/python3.10/site-packages/artiq/master/databases.py", line 83, in get
    return self.data.raw_view[key][1]
KeyError: "'Parameter'"
WARNING:master:artiq.master.experiments:Skipping file 'Shutter/Photodiode2.py'
INFO:worker(scan,voltage_split_test.py):print:grob: -8.7, fein: -1.7872340425532292
INFO:worker(scan,voltage_split_test.py):print:108.0
ERROR:worker(scan,experiment_submitter.py):root:Terminating with exception (ImportError: attempted relative import with no known parent package)
Traceback (most recent call last):
  File "/home/artiq/miniconda3/envs/artiq8/lib/python3.10/site-packages/artiq/master/worker_impl.py", line 384, in main
    examine(ExamineDeviceMgr, ExamineDatasetMgr, obj["file"])
  File "/home/artiq/miniconda3/envs/artiq8/lib/python3.10/site-packages/artiq/master/worker_impl.py", line 198, in examine
    module = tools.file_import(file)
  File "/home/artiq/miniconda3/envs/artiq8/lib/python3.10/site-packages/artiq/tools.py", line 138, in file_import
    spec.loader.exec_module(module)
  File "/home/artiq/miniconda3/envs/artiq8/lib/python3.10/site-packages/artiq/compiler/import_cache.py", line 23, in hook_exec_module
    im_exec_module(self, module)
  File "<frozen importlib._bootstrap_external>", line 883, in exec_module
  File "<frozen importlib._bootstrap>", line 241, in _call_with_frames_removed
  File "/home/artiq/Developer/artiq/artiq-master/repository/artiq_worker/experiment_submitter.py", line 34, in <module>
    from .config_loader import get_config_value
ImportError: attempted relative import with no known parent package
WARNING:master:artiq.master.experiments:Skipping file 'artiq_worker/experiment_submitter.py'
WARNING:master:artiq.master.experiments:Character '/' is not allowed in experiment name (Emergency Zero/Shutdown Experiment)
ERROR:worker(scan,__init__.py):root:Terminating with exception (ModuleNotFoundError: No module named 'file_import___init__')
Traceback (most recent call last):
  File "/home/artiq/miniconda3/envs/artiq8/lib/python3.10/site-packages/artiq/master/worker_impl.py", line 384, in main
    examine(ExamineDeviceMgr, ExamineDatasetMgr, obj["file"])
  File "/home/artiq/miniconda3/envs/artiq8/lib/python3.10/site-packages/artiq/master/worker_impl.py", line 198, in examine
    module = tools.file_import(file)
  File "/home/artiq/miniconda3/envs/artiq8/lib/python3.10/site-packages/artiq/tools.py", line 138, in file_import
    spec.loader.exec_module(module)
  File "/home/artiq/miniconda3/envs/artiq8/lib/python3.10/site-packages/artiq/compiler/import_cache.py", line 23, in hook_exec_module
    im_exec_module(self, module)
  File "<frozen importlib._bootstrap_external>", line 883, in exec_module
  File "<frozen importlib._bootstrap>", line 241, in _call_with_frames_removed
  File "/home/artiq/Developer/artiq/artiq-master/repository/artiq_worker/__init__.py", line 22, in <module>
    from .config_loader import get_artiq_config, get_config_value
ModuleNotFoundError: No module named 'file_import___init__'
WARNING:master:artiq.master.experiments:Skipping file 'artiq_worker/__init__.py'
ERROR:worker(scan,shutdown.py):root:Terminating with exception (NameError: name 'rpc' is not defined)
Traceback (most recent call last):
  File "/home/artiq/miniconda3/envs/artiq8/lib/python3.10/site-packages/artiq/master/worker_impl.py", line 384, in main
    examine(ExamineDeviceMgr, ExamineDatasetMgr, obj["file"])
  File "/home/artiq/miniconda3/envs/artiq8/lib/python3.10/site-packages/artiq/master/worker_impl.py", line 198, in examine
    module = tools.file_import(file)
  File "/home/artiq/miniconda3/envs/artiq8/lib/python3.10/site-packages/artiq/tools.py", line 138, in file_import
    spec.loader.exec_module(module)
  File "/home/artiq/miniconda3/envs/artiq8/lib/python3.10/site-packages/artiq/compiler/import_cache.py", line 23, in hook_exec_module
    im_exec_module(self, module)
  File "<frozen importlib._bootstrap_external>", line 883, in exec_module
  File "<frozen importlib._bootstrap>", line 241, in _call_with_frames_removed
  File "/home/artiq/Developer/artiq/artiq-master/repository/Utility/shutdown.py", line 3, in <module>
    class Shutdown(ExpFragment):
  File "/home/artiq/Developer/artiq/artiq-master/repository/Utility/shutdown.py", line 4, in Shutdown
    @rpc
NameError: name 'rpc' is not defined
WARNING:master:artiq.master.experiments:Skipping file 'Utility/shutdown.py'
WARNING:master:artiq.master.experiments:Duplicate experiment name: 'NormalScanUI'
Renaming class 'NormalScanUI' in 'Scans/NormalSecScan.py' to 'NormalScanUI1'
INFO:worker(scan,ndscan_help .py):print:
WARNING:master:artiq.master.experiments:Duplicate experiment name: 'dummy_scan'
Renaming class 'dummy_scan' in 'Test/ndscan_help .py' to 'dummy_scan1'
ERROR:worker(scan,Photodiode2.py):root:Terminating with exception (KeyError: "'Parameter'")
  File "/home/artiq/miniconda3/envs/artiq8/lib/python3.10/site-packages/artiq/master/worker.py", line 233, in _handle_worker_requests
    data = func(*args, **obj["kwargs"])
  File "/home/artiq/miniconda3/envs/artiq8/lib/python3.10/site-packages/artiq/master/databases.py", line 83, in get
    return self.data.raw_view[key][1]
KeyError: "'Parameter'"
WARNING:master:artiq.master.experiments:Skipping file 'Shutter/Photodiode2.py'
INFO:worker(scan,voltage_split_test.py):print:grob: -8.7, fein: -1.7872340425532292
INFO:worker(scan,voltage_split_test.py):print:108.0
ERROR:worker(scan,experiment_submitter.py):root:Terminating with exception (ImportError: attempted relative import with no known parent package)
Traceback (most recent call last):
  File "/home/artiq/miniconda3/envs/artiq8/lib/python3.10/site-packages/artiq/master/worker_impl.py", line 384, in main
    examine(ExamineDeviceMgr, ExamineDatasetMgr, obj["file"])
  File "/home/artiq/miniconda3/envs/artiq8/lib/python3.10/site-packages/artiq/master/worker_impl.py", line 198, in examine
    module = tools.file_import(file)
  File "/home/artiq/miniconda3/envs/artiq8/lib/python3.10/site-packages/artiq/tools.py", line 138, in file_import
    spec.loader.exec_module(module)
  File "/home/artiq/miniconda3/envs/artiq8/lib/python3.10/site-packages/artiq/compiler/import_cache.py", line 23, in hook_exec_module
    im_exec_module(self, module)
  File "<frozen importlib._bootstrap_external>", line 883, in exec_module
  File "<frozen importlib._bootstrap>", line 241, in _call_with_frames_removed
  File "/home/artiq/Developer/artiq/artiq-master/repository/artiq_worker/experiment_submitter.py", line 32, in <module>
    from .config_loader import get_config_value
ImportError: attempted relative import with no known parent package
WARNING:master:artiq.master.experiments:Skipping file 'artiq_worker/experiment_submitter.py'
WARNING:master:artiq.master.experiments:Character '/' is not allowed in experiment name (Emergency Zero/Shutdown Experiment)
ERROR:worker(scan,__init__.py):root:Terminating with exception (ModuleNotFoundError: No module named 'file_import___init__')
Traceback (most recent call last):
  File "/home/artiq/miniconda3/envs/artiq8/lib/python3.10/site-packages/artiq/master/worker_impl.py", line 384, in main
    examine(ExamineDeviceMgr, ExamineDatasetMgr, obj["file"])
  File "/home/artiq/miniconda3/envs/artiq8/lib/python3.10/site-packages/artiq/master/worker_impl.py", line 198, in examine
    module = tools.file_import(file)
  File "/home/artiq/miniconda3/envs/artiq8/lib/python3.10/site-packages/artiq/tools.py", line 138, in file_import
    spec.loader.exec_module(module)
  File "/home/artiq/miniconda3/envs/artiq8/lib/python3.10/site-packages/artiq/compiler/import_cache.py", line 23, in hook_exec_module
    im_exec_module(self, module)
  File "<frozen importlib._bootstrap_external>", line 883, in exec_module
  File "<frozen importlib._bootstrap>", line 241, in _call_with_frames_removed
  File "/home/artiq/Developer/artiq/artiq-master/repository/artiq_worker/__init__.py", line 22, in <module>
    from .config_loader import get_artiq_config, get_config_value
ModuleNotFoundError: No module named 'file_import___init__'
WARNING:master:artiq.master.experiments:Skipping file 'artiq_worker/__init__.py'
ERROR:worker(scan,shutdown.py):root:Terminating with exception (NameError: name 'rpc' is not defined)
Traceback (most recent call last):
  File "/home/artiq/miniconda3/envs/artiq8/lib/python3.10/site-packages/artiq/master/worker_impl.py", line 384, in main
    examine(ExamineDeviceMgr, ExamineDatasetMgr, obj["file"])
  File "/home/artiq/miniconda3/envs/artiq8/lib/python3.10/site-packages/artiq/master/worker_impl.py", line 198, in examine
    module = tools.file_import(file)
  File "/home/artiq/miniconda3/envs/artiq8/lib/python3.10/site-packages/artiq/tools.py", line 138, in file_import
    spec.loader.exec_module(module)
  File "/home/artiq/miniconda3/envs/artiq8/lib/python3.10/site-packages/artiq/compiler/import_cache.py", line 23, in hook_exec_module
    im_exec_module(self, module)
  File "<frozen importlib._bootstrap_external>", line 883, in exec_module
  File "<frozen importlib._bootstrap>", line 241, in _call_with_frames_removed
  File "/home/artiq/Developer/artiq/artiq-master/repository/Utility/shutdown.py", line 3, in <module>
    class Shutdown(ExpFragment):
  File "/home/artiq/Developer/artiq/artiq-master/repository/Utility/shutdown.py", line 4, in Shutdown
    @rpc
NameError: name 'rpc' is not defined
WARNING:master:artiq.master.experiments:Skipping file 'Utility/shutdown.py'
WARNING:master:artiq.master.experiments:Duplicate experiment name: 'NormalScanUI'
Renaming class 'NormalScanUI' in 'Scans/NormalSecScan.py' to 'NormalScanUI1'
INFO:worker(scan,ndscan_help .py):print:
WARNING:master:artiq.master.experiments:Duplicate experiment name: 'dummy_scan'
Renaming class 'dummy_scan' in 'Test/ndscan_help .py' to 'dummy_scan1'
ERROR:worker(scan,Photodiode2.py):root:Terminating with exception (KeyError: "'Parameter'")
  File "/home/artiq/miniconda3/envs/artiq8/lib/python3.10/site-packages/artiq/master/worker.py", line 233, in _handle_worker_requests
    data = func(*args, **obj["kwargs"])
  File "/home/artiq/miniconda3/envs/artiq8/lib/python3.10/site-packages/artiq/master/databases.py", line 83, in get
    return self.data.raw_view[key][1]
KeyError: "'Parameter'"
WARNING:master:artiq.master.experiments:Skipping file 'Shutter/Photodiode2.py'
INFO:worker(scan,voltage_split_test.py):print:grob: -8.7, fein: -1.7872340425532292
INFO:worker(scan,voltage_split_test.py):print:108.0
ERROR:worker(scan,experiment_submitter.py):root:Terminating with exception (ModuleNotFoundError: No module named 'artiq_worker.config_loader'; 'artiq_worker' is not a package)
Traceback (most recent call last):
  File "/home/artiq/miniconda3/envs/artiq8/lib/python3.10/site-packages/artiq/master/worker_impl.py", line 384, in main
    examine(ExamineDeviceMgr, ExamineDatasetMgr, obj["file"])
  File "/home/artiq/miniconda3/envs/artiq8/lib/python3.10/site-packages/artiq/master/worker_impl.py", line 198, in examine
    module = tools.file_import(file)
  File "/home/artiq/miniconda3/envs/artiq8/lib/python3.10/site-packages/artiq/tools.py", line 138, in file_import
    spec.loader.exec_module(module)
  File "/home/artiq/miniconda3/envs/artiq8/lib/python3.10/site-packages/artiq/compiler/import_cache.py", line 23, in hook_exec_module
    im_exec_module(self, module)
  File "<frozen importlib._bootstrap_external>", line 883, in exec_module
  File "<frozen importlib._bootstrap>", line 241, in _call_with_frames_removed
  File "/home/artiq/Developer/artiq/artiq-master/repository/artiq_worker/experiment_submitter.py", line 33, in <module>
    from artiq_worker.config_loader import get_config_value
ModuleNotFoundError: No module named 'artiq_worker.config_loader'; 'artiq_worker' is not a package
WARNING:master:artiq.master.experiments:Skipping file 'artiq_worker/experiment_submitter.py'
WARNING:master:artiq.master.experiments:Character '/' is not allowed in experiment name (Emergency Zero/Shutdown Experiment)
ERROR:worker(scan,__init__.py):root:Terminating with exception (ModuleNotFoundError: No module named 'file_import___init__')
Traceback (most recent call last):
  File "/home/artiq/miniconda3/envs/artiq8/lib/python3.10/site-packages/artiq/master/worker_impl.py", line 384, in main
    examine(ExamineDeviceMgr, ExamineDatasetMgr, obj["file"])
  File "/home/artiq/miniconda3/envs/artiq8/lib/python3.10/site-packages/artiq/master/worker_impl.py", line 198, in examine
    module = tools.file_import(file)
  File "/home/artiq/miniconda3/envs/artiq8/lib/python3.10/site-packages/artiq/tools.py", line 138, in file_import
    spec.loader.exec_module(module)
  File "/home/artiq/miniconda3/envs/artiq8/lib/python3.10/site-packages/artiq/compiler/import_cache.py", line 23, in hook_exec_module
    im_exec_module(self, module)
  File "<frozen importlib._bootstrap_external>", line 883, in exec_module
  File "<frozen importlib._bootstrap>", line 241, in _call_with_frames_removed
  File "/home/artiq/Developer/artiq/artiq-master/repository/artiq_worker/__init__.py", line 22, in <module>
    from .config_loader import get_artiq_config, get_config_value
ModuleNotFoundError: No module named 'file_import___init__'
WARNING:master:artiq.master.experiments:Skipping file 'artiq_worker/__init__.py'
ERROR:worker(scan,shutdown.py):root:Terminating with exception (NameError: name 'rpc' is not defined)
Traceback (most recent call last):
  File "/home/artiq/miniconda3/envs/artiq8/lib/python3.10/site-packages/artiq/master/worker_impl.py", line 384, in main
    examine(ExamineDeviceMgr, ExamineDatasetMgr, obj["file"])
  File "/home/artiq/miniconda3/envs/artiq8/lib/python3.10/site-packages/artiq/master/worker_impl.py", line 198, in examine
    module = tools.file_import(file)
  File "/home/artiq/miniconda3/envs/artiq8/lib/python3.10/site-packages/artiq/tools.py", line 138, in file_import
    spec.loader.exec_module(module)
  File "/home/artiq/miniconda3/envs/artiq8/lib/python3.10/site-packages/artiq/compiler/import_cache.py", line 23, in hook_exec_module
    im_exec_module(self, module)
  File "<frozen importlib._bootstrap_external>", line 883, in exec_module
  File "<frozen importlib._bootstrap>", line 241, in _call_with_frames_removed
  File "/home/artiq/Developer/artiq/artiq-master/repository/Utility/shutdown.py", line 3, in <module>
    class Shutdown(ExpFragment):
  File "/home/artiq/Developer/artiq/artiq-master/repository/Utility/shutdown.py", line 4, in Shutdown
    @rpc
NameError: name 'rpc' is not defined
WARNING:master:artiq.master.experiments:Skipping file 'Utility/shutdown.py'
WARNING:master:artiq.master.experiments:Duplicate experiment name: 'NormalScanUI'
Renaming class 'NormalScanUI' in 'Scans/NormalSecScan.py' to 'NormalScanUI1'
INFO:worker(scan,ndscan_help .py):print:
WARNING:master:artiq.master.experiments:Duplicate experiment name: 'dummy_scan'
Renaming class 'dummy_scan' in 'Test/ndscan_help .py' to 'dummy_scan1'
ERROR:worker(scan,Photodiode2.py):root:Terminating with exception (KeyError: "'Parameter'")
  File "/home/artiq/miniconda3/envs/artiq8/lib/python3.10/site-packages/artiq/master/worker.py", line 233, in _handle_worker_requests
    data = func(*args, **obj["kwargs"])
  File "/home/artiq/miniconda3/envs/artiq8/lib/python3.10/site-packages/artiq/master/databases.py", line 83, in get
    return self.data.raw_view[key][1]
KeyError: "'Parameter'"
WARNING:master:artiq.master.experiments:Skipping file 'Shutter/Photodiode2.py'
INFO:worker(scan,voltage_split_test.py):print:grob: -8.7, fein: -1.7872340425532292
INFO:worker(scan,voltage_split_test.py):print:108.0
ERROR:worker(scan,experiment_submitter.py):root:Terminating with exception (ModuleNotFoundError: No module named 'artiq_worker.config_loader'; 'artiq_worker' is not a package)
Traceback (most recent call last):
  File "/home/artiq/miniconda3/envs/artiq8/lib/python3.10/site-packages/artiq/master/worker_impl.py", line 384, in main
    examine(ExamineDeviceMgr, ExamineDatasetMgr, obj["file"])
  File "/home/artiq/miniconda3/envs/artiq8/lib/python3.10/site-packages/artiq/master/worker_impl.py", line 198, in examine
    module = tools.file_import(file)
  File "/home/artiq/miniconda3/envs/artiq8/lib/python3.10/site-packages/artiq/tools.py", line 138, in file_import
    spec.loader.exec_module(module)
  File "/home/artiq/miniconda3/envs/artiq8/lib/python3.10/site-packages/artiq/compiler/import_cache.py", line 23, in hook_exec_module
    im_exec_module(self, module)
  File "<frozen importlib._bootstrap_external>", line 883, in exec_module
  File "<frozen importlib._bootstrap>", line 241, in _call_with_frames_removed
  File "/home/artiq/Developer/artiq/artiq-master/repository/artiq_worker/experiment_submitter.py", line 33, in <module>
    from artiq_worker.config_loader import get_config_value
ModuleNotFoundError: No module named 'artiq_worker.config_loader'; 'artiq_worker' is not a package
WARNING:master:artiq.master.experiments:Skipping file 'artiq_worker/experiment_submitter.py'
WARNING:master:artiq.master.experiments:Character '/' is not allowed in experiment name (Emergency Zero/Shutdown Experiment)
ERROR:worker(scan,__init__.py):root:Terminating with exception (ModuleNotFoundError: No module named 'file_import___init__')
Traceback (most recent call last):
  File "/home/artiq/miniconda3/envs/artiq8/lib/python3.10/site-packages/artiq/master/worker_impl.py", line 384, in main
    examine(ExamineDeviceMgr, ExamineDatasetMgr, obj["file"])
  File "/home/artiq/miniconda3/envs/artiq8/lib/python3.10/site-packages/artiq/master/worker_impl.py", line 198, in examine
    module = tools.file_import(file)
  File "/home/artiq/miniconda3/envs/artiq8/lib/python3.10/site-packages/artiq/tools.py", line 138, in file_import
    spec.loader.exec_module(module)
  File "/home/artiq/miniconda3/envs/artiq8/lib/python3.10/site-packages/artiq/compiler/import_cache.py", line 23, in hook_exec_module
    im_exec_module(self, module)
  File "<frozen importlib._bootstrap_external>", line 883, in exec_module
  File "<frozen importlib._bootstrap>", line 241, in _call_with_frames_removed
  File "/home/artiq/Developer/artiq/artiq-master/repository/artiq_worker/__init__.py", line 22, in <module>
    from .config_loader import get_artiq_config, get_config_value
ModuleNotFoundError: No module named 'file_import___init__'
WARNING:master:artiq.master.experiments:Skipping file 'artiq_worker/__init__.py'
ERROR:worker(scan,shutdown.py):root:Terminating with exception (NameError: name 'rpc' is not defined)
Traceback (most recent call last):
  File "/home/artiq/miniconda3/envs/artiq8/lib/python3.10/site-packages/artiq/master/worker_impl.py", line 384, in main
    examine(ExamineDeviceMgr, ExamineDatasetMgr, obj["file"])
  File "/home/artiq/miniconda3/envs/artiq8/lib/python3.10/site-packages/artiq/master/worker_impl.py", line 198, in examine
    module = tools.file_import(file)
  File "/home/artiq/miniconda3/envs/artiq8/lib/python3.10/site-packages/artiq/tools.py", line 138, in file_import
    spec.loader.exec_module(module)
  File "/home/artiq/miniconda3/envs/artiq8/lib/python3.10/site-packages/artiq/compiler/import_cache.py", line 23, in hook_exec_module
    im_exec_module(self, module)
  File "<frozen importlib._bootstrap_external>", line 883, in exec_module
  File "<frozen importlib._bootstrap>", line 241, in _call_with_frames_removed
  File "/home/artiq/Developer/artiq/artiq-master/repository/Utility/shutdown.py", line 3, in <module>
    class Shutdown(ExpFragment):
  File "/home/artiq/Developer/artiq/artiq-master/repository/Utility/shutdown.py", line 4, in Shutdown
    @rpc
NameError: name 'rpc' is not defined
WARNING:master:artiq.master.experiments:Skipping file 'Utility/shutdown.py'
WARNING:master:artiq.master.experiments:Duplicate experiment name: 'NormalScanUI'
Renaming class 'NormalScanUI' in 'Scans/NormalSecScan.py' to 'NormalScanUI1'
INFO:worker(scan,ndscan_help .py):print:
WARNING:master:artiq.master.experiments:Duplicate experiment name: 'dummy_scan'
Renaming class 'dummy_scan' in 'Test/ndscan_help .py' to 'dummy_scan1'
ERROR:worker(scan,Photodiode2.py):root:Terminating with exception (KeyError: "'Parameter'")
  File "/home/artiq/miniconda3/envs/artiq8/lib/python3.10/site-packages/artiq/master/worker.py", line 233, in _handle_worker_requests
    data = func(*args, **obj["kwargs"])
  File "/home/artiq/miniconda3/envs/artiq8/lib/python3.10/site-packages/artiq/master/databases.py", line 83, in get
    return self.data.raw_view[key][1]
KeyError: "'Parameter'"
WARNING:master:artiq.master.experiments:Skipping file 'Shutter/Photodiode2.py'
INFO:worker(scan,voltage_split_test.py):print:grob: -8.7, fein: -1.7872340425532292
INFO:worker(scan,voltage_split_test.py):print:108.0
ERROR:worker(scan,experiment_submitter.py):root:Terminating with exception (ModuleNotFoundError: No module named 'artiq_worker.config_loader'; 'artiq_worker' is not a package)
Traceback (most recent call last):
  File "/home/artiq/miniconda3/envs/artiq8/lib/python3.10/site-packages/artiq/master/worker_impl.py", line 384, in main
    examine(ExamineDeviceMgr, ExamineDatasetMgr, obj["file"])
  File "/home/artiq/miniconda3/envs/artiq8/lib/python3.10/site-packages/artiq/master/worker_impl.py", line 198, in examine
    module = tools.file_import(file)
  File "/home/artiq/miniconda3/envs/artiq8/lib/python3.10/site-packages/artiq/tools.py", line 138, in file_import
    spec.loader.exec_module(module)
  File "/home/artiq/miniconda3/envs/artiq8/lib/python3.10/site-packages/artiq/compiler/import_cache.py", line 23, in hook_exec_module
    im_exec_module(self, module)
  File "<frozen importlib._bootstrap_external>", line 883, in exec_module
  File "<frozen importlib._bootstrap>", line 241, in _call_with_frames_removed
  File "/home/artiq/Developer/artiq/artiq-master/repository/artiq_worker/experiment_submitter.py", line 33, in <module>
    from artiq_worker.config_loader import get_config_value
ModuleNotFoundError: No module named 'artiq_worker.config_loader'; 'artiq_worker' is not a package
WARNING:master:artiq.master.experiments:Skipping file 'artiq_worker/experiment_submitter.py'
WARNING:master:artiq.master.experiments:Character '/' is not allowed in experiment name (Emergency Zero/Shutdown Experiment)
ERROR:worker(scan,__init__.py):root:Terminating with exception (ModuleNotFoundError: No module named 'file_import___init__')
Traceback (most recent call last):
  File "/home/artiq/miniconda3/envs/artiq8/lib/python3.10/site-packages/artiq/master/worker_impl.py", line 384, in main
    examine(ExamineDeviceMgr, ExamineDatasetMgr, obj["file"])
  File "/home/artiq/miniconda3/envs/artiq8/lib/python3.10/site-packages/artiq/master/worker_impl.py", line 198, in examine
    module = tools.file_import(file)
  File "/home/artiq/miniconda3/envs/artiq8/lib/python3.10/site-packages/artiq/tools.py", line 138, in file_import
    spec.loader.exec_module(module)
  File "/home/artiq/miniconda3/envs/artiq8/lib/python3.10/site-packages/artiq/compiler/import_cache.py", line 23, in hook_exec_module
    im_exec_module(self, module)
  File "<frozen importlib._bootstrap_external>", line 883, in exec_module
  File "<frozen importlib._bootstrap>", line 241, in _call_with_frames_removed
  File "/home/artiq/Developer/artiq/artiq-master/repository/artiq_worker/__init__.py", line 22, in <module>
    from .config_loader import get_artiq_config, get_config_value
ModuleNotFoundError: No module named 'file_import___init__'
WARNING:master:artiq.master.experiments:Skipping file 'artiq_worker/__init__.py'
ERROR:worker(scan,shutdown.py):root:Terminating with exception (NameError: name 'rpc' is not defined)
Traceback (most recent call last):
  File "/home/artiq/miniconda3/envs/artiq8/lib/python3.10/site-packages/artiq/master/worker_impl.py", line 384, in main
    examine(ExamineDeviceMgr, ExamineDatasetMgr, obj["file"])
  File "/home/artiq/miniconda3/envs/artiq8/lib/python3.10/site-packages/artiq/master/worker_impl.py", line 198, in examine
    module = tools.file_import(file)
  File "/home/artiq/miniconda3/envs/artiq8/lib/python3.10/site-packages/artiq/tools.py", line 138, in file_import
    spec.loader.exec_module(module)
  File "/home/artiq/miniconda3/envs/artiq8/lib/python3.10/site-packages/artiq/compiler/import_cache.py", line 23, in hook_exec_module
    im_exec_module(self, module)
  File "<frozen importlib._bootstrap_external>", line 883, in exec_module
  File "<frozen importlib._bootstrap>", line 241, in _call_with_frames_removed
  File "/home/artiq/Developer/artiq/artiq-master/repository/Utility/shutdown.py", line 3, in <module>
    class Shutdown(ExpFragment):
  File "/home/artiq/Developer/artiq/artiq-master/repository/Utility/shutdown.py", line 4, in Shutdown
    @rpc
NameError: name 'rpc' is not defined
WARNING:master:artiq.master.experiments:Skipping file 'Utility/shutdown.py'
WARNING:master:artiq.master.experiments:Duplicate experiment name: 'NormalScanUI'
Renaming class 'NormalScanUI' in 'Scans/NormalSecScan.py' to 'NormalScanUI1'
INFO:worker(scan,ndscan_help .py):print:
WARNING:master:artiq.master.experiments:Duplicate experiment name: 'dummy_scan'
Renaming class 'dummy_scan' in 'Test/ndscan_help .py' to 'dummy_scan1'
ERROR:worker(scan,Photodiode2.py):root:Terminating with exception (KeyError: "'Parameter'")
  File "/home/artiq/miniconda3/envs/artiq8/lib/python3.10/site-packages/artiq/master/worker.py", line 233, in _handle_worker_requests
    data = func(*args, **obj["kwargs"])
  File "/home/artiq/miniconda3/envs/artiq8/lib/python3.10/site-packages/artiq/master/databases.py", line 83, in get
    return self.data.raw_view[key][1]
KeyError: "'Parameter'"
WARNING:master:artiq.master.experiments:Skipping file 'Shutter/Photodiode2.py'
INFO:worker(scan,voltage_split_test.py):print:grob: -8.7, fein: -1.7872340425532292
INFO:worker(scan,voltage_split_test.py):print:108.0
ERROR:worker(scan,experiment_submitter.py):root:Terminating with exception (ModuleNotFoundError: No module named 'artiq_worker.config_loader'; 'artiq_worker' is not a package)
Traceback (most recent call last):
  File "/home/artiq/miniconda3/envs/artiq8/lib/python3.10/site-packages/artiq/master/worker_impl.py", line 384, in main
    examine(ExamineDeviceMgr, ExamineDatasetMgr, obj["file"])
  File "/home/artiq/miniconda3/envs/artiq8/lib/python3.10/site-packages/artiq/master/worker_impl.py", line 198, in examine
    module = tools.file_import(file)
  File "/home/artiq/miniconda3/envs/artiq8/lib/python3.10/site-packages/artiq/tools.py", line 138, in file_import
    spec.loader.exec_module(module)
  File "/home/artiq/miniconda3/envs/artiq8/lib/python3.10/site-packages/artiq/compiler/import_cache.py", line 23, in hook_exec_module
    im_exec_module(self, module)
  File "<frozen importlib._bootstrap_external>", line 883, in exec_module
  File "<frozen importlib._bootstrap>", line 241, in _call_with_frames_removed
  File "/home/artiq/Developer/artiq/artiq-master/repository/artiq_worker/experiment_submitter.py", line 33, in <module>
    from artiq_worker.config_loader import get_config_value
ModuleNotFoundError: No module named 'artiq_worker.config_loader'; 'artiq_worker' is not a package
WARNING:master:artiq.master.experiments:Skipping file 'artiq_worker/experiment_submitter.py'
WARNING:master:artiq.master.experiments:Character '/' is not allowed in experiment name (Emergency Zero/Shutdown Experiment)
ERROR:worker(scan,__init__.py):root:Terminating with exception (ModuleNotFoundError: No module named 'file_import___init__')
Traceback (most recent call last):
  File "/home/artiq/miniconda3/envs/artiq8/lib/python3.10/site-packages/artiq/master/worker_impl.py", line 384, in main
    examine(ExamineDeviceMgr, ExamineDatasetMgr, obj["file"])
  File "/home/artiq/miniconda3/envs/artiq8/lib/python3.10/site-packages/artiq/master/worker_impl.py", line 198, in examine
    module = tools.file_import(file)
  File "/home/artiq/miniconda3/envs/artiq8/lib/python3.10/site-packages/artiq/tools.py", line 138, in file_import
    spec.loader.exec_module(module)
  File "/home/artiq/miniconda3/envs/artiq8/lib/python3.10/site-packages/artiq/compiler/import_cache.py", line 23, in hook_exec_module
    im_exec_module(self, module)
  File "<frozen importlib._bootstrap_external>", line 883, in exec_module
  File "<frozen importlib._bootstrap>", line 241, in _call_with_frames_removed
  File "/home/artiq/Developer/artiq/artiq-master/repository/artiq_worker/__init__.py", line 22, in <module>
    from .config_loader import get_artiq_config, get_config_value
ModuleNotFoundError: No module named 'file_import___init__'
WARNING:master:artiq.master.experiments:Skipping file 'artiq_worker/__init__.py'
ERROR:worker(scan,shutdown.py):root:Terminating with exception (NameError: name 'rpc' is not defined)
Traceback (most recent call last):
  File "/home/artiq/miniconda3/envs/artiq8/lib/python3.10/site-packages/artiq/master/worker_impl.py", line 384, in main
    examine(ExamineDeviceMgr, ExamineDatasetMgr, obj["file"])
  File "/home/artiq/miniconda3/envs/artiq8/lib/python3.10/site-packages/artiq/master/worker_impl.py", line 198, in examine
    module = tools.file_import(file)
  File "/home/artiq/miniconda3/envs/artiq8/lib/python3.10/site-packages/artiq/tools.py", line 138, in file_import
    spec.loader.exec_module(module)
  File "/home/artiq/miniconda3/envs/artiq8/lib/python3.10/site-packages/artiq/compiler/import_cache.py", line 23, in hook_exec_module
    im_exec_module(self, module)
  File "<frozen importlib._bootstrap_external>", line 883, in exec_module
  File "<frozen importlib._bootstrap>", line 241, in _call_with_frames_removed
  File "/home/artiq/Developer/artiq/artiq-master/repository/Utility/shutdown.py", line 3, in <module>
    class Shutdown(ExpFragment):
  File "/home/artiq/Developer/artiq/artiq-master/repository/Utility/shutdown.py", line 4, in Shutdown
    @rpc
NameError: name 'rpc' is not defined
WARNING:master:artiq.master.experiments:Skipping file 'Utility/shutdown.py'
WARNING:master:artiq.master.experiments:Duplicate experiment name: 'NormalScanUI'
Renaming class 'NormalScanUI' in 'Scans/NormalSecScan.py' to 'NormalScanUI1'
INFO:worker(scan,ndscan_help .py):print:
WARNING:master:artiq.master.experiments:Duplicate experiment name: 'dummy_scan'
Renaming class 'dummy_scan' in 'Test/ndscan_help .py' to 'dummy_scan1'
ERROR:worker(scan,Photodiode2.py):root:Terminating with exception (KeyError: "'Parameter'")
  File "/home/artiq/miniconda3/envs/artiq8/lib/python3.10/site-packages/artiq/master/worker.py", line 233, in _handle_worker_requests
    data = func(*args, **obj["kwargs"])
  File "/home/artiq/miniconda3/envs/artiq8/lib/python3.10/site-packages/artiq/master/databases.py", line 83, in get
    return self.data.raw_view[key][1]
KeyError: "'Parameter'"
WARNING:master:artiq.master.experiments:Skipping file 'Shutter/Photodiode2.py'
INFO:worker(scan,voltage_split_test.py):print:grob: -8.7, fein: -1.7872340425532292
INFO:worker(scan,voltage_split_test.py):print:108.0
ERROR:worker(scan,experiment_submitter.py):root:Terminating with exception (ImportError: cannot import name 'AsyncZMQClient' from 'async_comm' (/home/artiq/Developer/artiq/artiq-master/repository/artiq_worker/async_comm.py))
Traceback (most recent call last):
  File "/home/artiq/miniconda3/envs/artiq8/lib/python3.10/site-packages/artiq/master/worker_impl.py", line 384, in main
    examine(ExamineDeviceMgr, ExamineDatasetMgr, obj["file"])
  File "/home/artiq/miniconda3/envs/artiq8/lib/python3.10/site-packages/artiq/master/worker_impl.py", line 198, in examine
    module = tools.file_import(file)
  File "/home/artiq/miniconda3/envs/artiq8/lib/python3.10/site-packages/artiq/tools.py", line 138, in file_import
    spec.loader.exec_module(module)
  File "/home/artiq/miniconda3/envs/artiq8/lib/python3.10/site-packages/artiq/compiler/import_cache.py", line 23, in hook_exec_module
    im_exec_module(self, module)
  File "<frozen importlib._bootstrap_external>", line 883, in exec_module
  File "<frozen importlib._bootstrap>", line 241, in _call_with_frames_removed
  File "/home/artiq/Developer/artiq/artiq-master/repository/artiq_worker/experiment_submitter.py", line 34, in <module>
    from async_comm import AsyncZMQClient, send_command_simple
ImportError: cannot import name 'AsyncZMQClient' from 'async_comm' (/home/artiq/Developer/artiq/artiq-master/repository/artiq_worker/async_comm.py)
WARNING:master:artiq.master.experiments:Skipping file 'artiq_worker/experiment_submitter.py'
WARNING:master:artiq.master.experiments:Character '/' is not allowed in experiment name (Emergency Zero/Shutdown Experiment)
ERROR:worker(scan,__init__.py):root:Terminating with exception (ModuleNotFoundError: No module named 'file_import___init__')
Traceback (most recent call last):
  File "/home/artiq/miniconda3/envs/artiq8/lib/python3.10/site-packages/artiq/master/worker_impl.py", line 384, in main
    examine(ExamineDeviceMgr, ExamineDatasetMgr, obj["file"])
  File "/home/artiq/miniconda3/envs/artiq8/lib/python3.10/site-packages/artiq/master/worker_impl.py", line 198, in examine
    module = tools.file_import(file)
  File "/home/artiq/miniconda3/envs/artiq8/lib/python3.10/site-packages/artiq/tools.py", line 138, in file_import
    spec.loader.exec_module(module)
  File "/home/artiq/miniconda3/envs/artiq8/lib/python3.10/site-packages/artiq/compiler/import_cache.py", line 23, in hook_exec_module
    im_exec_module(self, module)
  File "<frozen importlib._bootstrap_external>", line 883, in exec_module
  File "<frozen importlib._bootstrap>", line 241, in _call_with_frames_removed
  File "/home/artiq/Developer/artiq/artiq-master/repository/artiq_worker/__init__.py", line 22, in <module>
    from .config_loader import get_artiq_config, get_config_value
ModuleNotFoundError: No module named 'file_import___init__'
WARNING:master:artiq.master.experiments:Skipping file 'artiq_worker/__init__.py'
ERROR:worker(scan,shutdown.py):root:Terminating with exception (NameError: name 'rpc' is not defined)
Traceback (most recent call last):
  File "/home/artiq/miniconda3/envs/artiq8/lib/python3.10/site-packages/artiq/master/worker_impl.py", line 384, in main
    examine(ExamineDeviceMgr, ExamineDatasetMgr, obj["file"])
  File "/home/artiq/miniconda3/envs/artiq8/lib/python3.10/site-packages/artiq/master/worker_impl.py", line 198, in examine
    module = tools.file_import(file)
  File "/home/artiq/miniconda3/envs/artiq8/lib/python3.10/site-packages/artiq/tools.py", line 138, in file_import
    spec.loader.exec_module(module)
  File "/home/artiq/miniconda3/envs/artiq8/lib/python3.10/site-packages/artiq/compiler/import_cache.py", line 23, in hook_exec_module
    im_exec_module(self, module)
  File "<frozen importlib._bootstrap_external>", line 883, in exec_module
  File "<frozen importlib._bootstrap>", line 241, in _call_with_frames_removed
  File "/home/artiq/Developer/artiq/artiq-master/repository/Utility/shutdown.py", line 3, in <module>
    class Shutdown(ExpFragment):
  File "/home/artiq/Developer/artiq/artiq-master/repository/Utility/shutdown.py", line 4, in Shutdown
    @rpc
NameError: name 'rpc' is not defined
WARNING:master:artiq.master.experiments:Skipping file 'Utility/shutdown.py'
WARNING:master:artiq.master.experiments:Duplicate experiment name: 'NormalScanUI'
Renaming class 'NormalScanUI' in 'Scans/NormalSecScan.py' to 'NormalScanUI1'
INFO:worker(scan,ndscan_help .py):print:
WARNING:master:artiq.master.experiments:Duplicate experiment name: 'dummy_scan'
Renaming class 'dummy_scan' in 'Test/ndscan_help .py' to 'dummy_scan1'
ERROR:worker(scan,Photodiode2.py):root:Terminating with exception (KeyError: "'Parameter'")
  File "/home/artiq/miniconda3/envs/artiq8/lib/python3.10/site-packages/artiq/master/worker.py", line 233, in _handle_worker_requests
    data = func(*args, **obj["kwargs"])
  File "/home/artiq/miniconda3/envs/artiq8/lib/python3.10/site-packages/artiq/master/databases.py", line 83, in get
    return self.data.raw_view[key][1]
KeyError: "'Parameter'"
WARNING:master:artiq.master.experiments:Skipping file 'Shutter/Photodiode2.py'
INFO:worker(scan,voltage_split_test.py):print:grob: -8.7, fein: -1.7872340425532292
INFO:worker(scan,voltage_split_test.py):print:108.0
ERROR:worker(scan,experiment_submitter.py):root:Terminating with exception (ImportError: attempted relative import with no known parent package)
Traceback (most recent call last):
  File "/home/artiq/miniconda3/envs/artiq8/lib/python3.10/site-packages/artiq/master/worker_impl.py", line 384, in main
    examine(ExamineDeviceMgr, ExamineDatasetMgr, obj["file"])
  File "/home/artiq/miniconda3/envs/artiq8/lib/python3.10/site-packages/artiq/master/worker_impl.py", line 198, in examine
    module = tools.file_import(file)
  File "/home/artiq/miniconda3/envs/artiq8/lib/python3.10/site-packages/artiq/tools.py", line 138, in file_import
    spec.loader.exec_module(module)
  File "/home/artiq/miniconda3/envs/artiq8/lib/python3.10/site-packages/artiq/compiler/import_cache.py", line 23, in hook_exec_module
    im_exec_module(self, module)
  File "<frozen importlib._bootstrap_external>", line 883, in exec_module
  File "<frozen importlib._bootstrap>", line 241, in _call_with_frames_removed
  File "/home/artiq/Developer/artiq/artiq-master/repository/artiq_worker/experiment_submitter.py", line 34, in <module>
    from async_comm import AsyncZMQClient, send_command_simple
  File "/home/artiq/miniconda3/envs/artiq8/lib/python3.10/site-packages/artiq/compiler/import_cache.py", line 23, in hook_exec_module
    im_exec_module(self, module)
  File "/home/artiq/Developer/artiq/artiq-master/repository/artiq_worker/async_comm.py", line 40, in <module>
    from .config_loader import get_config_value
ImportError: attempted relative import with no known parent package
WARNING:master:artiq.master.experiments:Skipping file 'artiq_worker/experiment_submitter.py'
WARNING:master:artiq.master.experiments:Character '/' is not allowed in experiment name (Emergency Zero/Shutdown Experiment)
ERROR:worker(scan,async_comm.py):root:Terminating with exception (ImportError: attempted relative import with no known parent package)
Traceback (most recent call last):
  File "/home/artiq/miniconda3/envs/artiq8/lib/python3.10/site-packages/artiq/master/worker_impl.py", line 384, in main
    examine(ExamineDeviceMgr, ExamineDatasetMgr, obj["file"])
  File "/home/artiq/miniconda3/envs/artiq8/lib/python3.10/site-packages/artiq/master/worker_impl.py", line 198, in examine
    module = tools.file_import(file)
  File "/home/artiq/miniconda3/envs/artiq8/lib/python3.10/site-packages/artiq/tools.py", line 138, in file_import
    spec.loader.exec_module(module)
  File "/home/artiq/miniconda3/envs/artiq8/lib/python3.10/site-packages/artiq/compiler/import_cache.py", line 23, in hook_exec_module
    im_exec_module(self, module)
  File "<frozen importlib._bootstrap_external>", line 883, in exec_module
  File "<frozen importlib._bootstrap>", line 241, in _call_with_frames_removed
  File "/home/artiq/Developer/artiq/artiq-master/repository/artiq_worker/async_comm.py", line 40, in <module>
    from .config_loader import get_config_value
ImportError: attempted relative import with no known parent package
WARNING:master:artiq.master.experiments:Skipping file 'artiq_worker/async_comm.py'
ERROR:worker(scan,__init__.py):root:Terminating with exception (ModuleNotFoundError: No module named 'file_import___init__')
Traceback (most recent call last):
  File "/home/artiq/miniconda3/envs/artiq8/lib/python3.10/site-packages/artiq/master/worker_impl.py", line 384, in main
    examine(ExamineDeviceMgr, ExamineDatasetMgr, obj["file"])
  File "/home/artiq/miniconda3/envs/artiq8/lib/python3.10/site-packages/artiq/master/worker_impl.py", line 198, in examine
    module = tools.file_import(file)
  File "/home/artiq/miniconda3/envs/artiq8/lib/python3.10/site-packages/artiq/tools.py", line 138, in file_import
    spec.loader.exec_module(module)
  File "/home/artiq/miniconda3/envs/artiq8/lib/python3.10/site-packages/artiq/compiler/import_cache.py", line 23, in hook_exec_module
    im_exec_module(self, module)
  File "<frozen importlib._bootstrap_external>", line 883, in exec_module
  File "<frozen importlib._bootstrap>", line 241, in _call_with_frames_removed
  File "/home/artiq/Developer/artiq/artiq-master/repository/artiq_worker/__init__.py", line 22, in <module>
    from .config_loader import get_artiq_config, get_config_value
ModuleNotFoundError: No module named 'file_import___init__'
WARNING:master:artiq.master.experiments:Skipping file 'artiq_worker/__init__.py'
ERROR:worker(scan,shutdown.py):root:Terminating with exception (NameError: name 'rpc' is not defined)
Traceback (most recent call last):
  File "/home/artiq/miniconda3/envs/artiq8/lib/python3.10/site-packages/artiq/master/worker_impl.py", line 384, in main
    examine(ExamineDeviceMgr, ExamineDatasetMgr, obj["file"])
  File "/home/artiq/miniconda3/envs/artiq8/lib/python3.10/site-packages/artiq/master/worker_impl.py", line 198, in examine
    module = tools.file_import(file)
  File "/home/artiq/miniconda3/envs/artiq8/lib/python3.10/site-packages/artiq/tools.py", line 138, in file_import
    spec.loader.exec_module(module)
  File "/home/artiq/miniconda3/envs/artiq8/lib/python3.10/site-packages/artiq/compiler/import_cache.py", line 23, in hook_exec_module
    im_exec_module(self, module)
  File "<frozen importlib._bootstrap_external>", line 883, in exec_module
  File "<frozen importlib._bootstrap>", line 241, in _call_with_frames_removed
  File "/home/artiq/Developer/artiq/artiq-master/repository/Utility/shutdown.py", line 3, in <module>
    class Shutdown(ExpFragment):
  File "/home/artiq/Developer/artiq/artiq-master/repository/Utility/shutdown.py", line 4, in Shutdown
    @rpc
NameError: name 'rpc' is not defined
WARNING:master:artiq.master.experiments:Skipping file 'Utility/shutdown.py'
WARNING:master:artiq.master.experiments:Duplicate experiment name: 'NormalScanUI'
Renaming class 'NormalScanUI' in 'Scans/NormalSecScan.py' to 'NormalScanUI1'
^C
(artiq8) [artiq@artiq-virtualbox artiq-master]$ conda install collections
2 channel Terms of Service accepted
Retrieving notices: done
Channels:
 - https://conda.m-labs.hk/artiq
 - defaults
 - conda-forge
Platform: linux-64
Collecting package metadata (repodata.json): done
Solving environment: failed

PackagesNotFoundError: The following packages are not available from current channels:

  - collections

Current channels:

  - https://conda.m-labs.hk/artiq
  - defaults
  - https://conda.anaconda.org/conda-forge

To search for alternate channels that may provide the conda package you're
looking for, navigate to

    https://anaconda.org

and use the search bar at the top of the page.


(artiq8) [artiq@artiq-virtualbox artiq-master]$ INFO:worker(scan,ndscan_help .py):print:
WARNING:master:artiq.master.experiments:Duplicate experiment name: 'dummy_scan'
Renaming class 'dummy_scan' in 'Test/ndscan_help .py' to 'dummy_scan1'
ERROR:worker(scan,Photodiode2.py):root:Terminating with exception (KeyError: "'Parameter'")
  File "/home/artiq/miniconda3/envs/artiq8/lib/python3.10/site-packages/artiq/master/worker.py", line 233, in _handle_worker_requests
    data = func(*args, **obj["kwargs"])
  File "/home/artiq/miniconda3/envs/artiq8/lib/python3.10/site-packages/artiq/master/databases.py", line 83, in get
    return self.data.raw_view[key][1]
KeyError: "'Parameter'"
WARNING:master:artiq.master.experiments:Skipping file 'Shutter/Photodiode2.py'
INFO:worker(scan,voltage_split_test.py):print:grob: -8.7, fein: -1.7872340425532292
INFO:worker(scan,voltage_split_test.py):print:108.0
WARNING:master:artiq.master.experiments:Character '/' is not allowed in experiment name (Emergency Zero/Shutdown Experiment)
ERROR:worker(scan,__init__.py):root:Terminating with exception (ModuleNotFoundError: No module named 'file_import___init__')
Traceback (most recent call last):
  File "/home/artiq/miniconda3/envs/artiq8/lib/python3.10/site-packages/artiq/master/worker_impl.py", line 384, in main
    examine(ExamineDeviceMgr, ExamineDatasetMgr, obj["file"])
  File "/home/artiq/miniconda3/envs/artiq8/lib/python3.10/site-packages/artiq/master/worker_impl.py", line 198, in examine
    module = tools.file_import(file)
  File "/home/artiq/miniconda3/envs/artiq8/lib/python3.10/site-packages/artiq/tools.py", line 138, in file_import
    spec.loader.exec_module(module)
  File "/home/artiq/miniconda3/envs/artiq8/lib/python3.10/site-packages/artiq/compiler/import_cache.py", line 23, in hook_exec_module
    im_exec_module(self, module)
  File "<frozen importlib._bootstrap_external>", line 883, in exec_module
  File "<frozen importlib._bootstrap>", line 241, in _call_with_frames_removed
  File "/home/artiq/Developer/artiq/artiq-master/repository/artiq_worker/__init__.py", line 19, in <module>
    from .config_loader import get_artiq_config, get_config_value
ModuleNotFoundError: No module named 'file_import___init__'
WARNING:master:artiq.master.experiments:Skipping file 'artiq_worker/__init__.py'
ERROR:worker(scan,shutdown.py):root:Terminating with exception (NameError: name 'rpc' is not defined)
Traceback (most recent call last):
  File "/home/artiq/miniconda3/envs/artiq8/lib/python3.10/site-packages/artiq/master/worker_impl.py", line 384, in main
    examine(ExamineDeviceMgr, ExamineDatasetMgr, obj["file"])
  File "/home/artiq/miniconda3/envs/artiq8/lib/python3.10/site-packages/artiq/master/worker_impl.py", line 198, in examine
    module = tools.file_import(file)
  File "/home/artiq/miniconda3/envs/artiq8/lib/python3.10/site-packages/artiq/tools.py", line 138, in file_import
    spec.loader.exec_module(module)
  File "/home/artiq/miniconda3/envs/artiq8/lib/python3.10/site-packages/artiq/compiler/import_cache.py", line 23, in hook_exec_module
    im_exec_module(self, module)
  File "<frozen importlib._bootstrap_external>", line 883, in exec_module
  File "<frozen importlib._bootstrap>", line 241, in _call_with_frames_removed
  File "/home/artiq/Developer/artiq/artiq-master/repository/Utility/shutdown.py", line 3, in <module>
    class Shutdown(ExpFragment):
  File "/home/artiq/Developer/artiq/artiq-master/repository/Utility/shutdown.py", line 4, in Shutdown
    @rpc
NameError: name 'rpc' is not defined
WARNING:master:artiq.master.experiments:Skipping file 'Utility/shutdown.py'
WARNING:master:artiq.master.experiments:Duplicate experiment name: 'NormalScanUI'
Renaming class 'NormalScanUI' in 'Scans/NormalSecScan.py' to 'NormalScanUI1'
INFO:worker(scan,ndscan_help .py):print:
WARNING:master:artiq.master.experiments:Duplicate experiment name: 'dummy_scan'
Renaming class 'dummy_scan' in 'Test/ndscan_help .py' to 'dummy_scan1'
ERROR:worker(scan,Photodiode2.py):root:Terminating with exception (KeyError: "'Parameter'")
  File "/home/artiq/miniconda3/envs/artiq8/lib/python3.10/site-packages/artiq/master/worker.py", line 233, in _handle_worker_requests
    data = func(*args, **obj["kwargs"])
  File "/home/artiq/miniconda3/envs/artiq8/lib/python3.10/site-packages/artiq/master/databases.py", line 83, in get
    return self.data.raw_view[key][1]
KeyError: "'Parameter'"
WARNING:master:artiq.master.experiments:Skipping file 'Shutter/Photodiode2.py'
INFO:worker(scan,voltage_split_test.py):print:grob: -8.7, fein: -1.7872340425532292
INFO:worker(scan,voltage_split_test.py):print:108.0
ERROR:worker(scan,__init__.py):root:Terminating with exception (ModuleNotFoundError: No module named 'file_import___init__')
Traceback (most recent call last):
  File "/home/artiq/miniconda3/envs/artiq8/lib/python3.10/site-packages/artiq/master/worker_impl.py", line 384, in main
    examine(ExamineDeviceMgr, ExamineDatasetMgr, obj["file"])
  File "/home/artiq/miniconda3/envs/artiq8/lib/python3.10/site-packages/artiq/master/worker_impl.py", line 198, in examine
    module = tools.file_import(file)
  File "/home/artiq/miniconda3/envs/artiq8/lib/python3.10/site-packages/artiq/tools.py", line 138, in file_import
    spec.loader.exec_module(module)
  File "/home/artiq/miniconda3/envs/artiq8/lib/python3.10/site-packages/artiq/compiler/import_cache.py", line 23, in hook_exec_module
    im_exec_module(self, module)
  File "<frozen importlib._bootstrap_external>", line 883, in exec_module
  File "<frozen importlib._bootstrap>", line 241, in _call_with_frames_removed
  File "/home/artiq/Developer/artiq/artiq-master/repository/artiq_worker/__init__.py", line 19, in <module>
    from .config_loader import get_artiq_config, get_config_value
ModuleNotFoundError: No module named 'file_import___init__'
WARNING:master:artiq.master.experiments:Skipping file 'artiq_worker/__init__.py'
ERROR:worker(scan,shutdown.py):root:Terminating with exception (NameError: name 'rpc' is not defined)
Traceback (most recent call last):
  File "/home/artiq/miniconda3/envs/artiq8/lib/python3.10/site-packages/artiq/master/worker_impl.py", line 384, in main
    examine(ExamineDeviceMgr, ExamineDatasetMgr, obj["file"])
  File "/home/artiq/miniconda3/envs/artiq8/lib/python3.10/site-packages/artiq/master/worker_impl.py", line 198, in examine
    module = tools.file_import(file)
  File "/home/artiq/miniconda3/envs/artiq8/lib/python3.10/site-packages/artiq/tools.py", line 138, in file_import
    spec.loader.exec_module(module)
  File "/home/artiq/miniconda3/envs/artiq8/lib/python3.10/site-packages/artiq/compiler/import_cache.py", line 23, in hook_exec_module
    im_exec_module(self, module)
  File "<frozen importlib._bootstrap_external>", line 883, in exec_module
  File "<frozen importlib._bootstrap>", line 241, in _call_with_frames_removed
  File "/home/artiq/Developer/artiq/artiq-master/repository/Utility/shutdown.py", line 3, in <module>
    class Shutdown(ExpFragment):
  File "/home/artiq/Developer/artiq/artiq-master/repository/Utility/shutdown.py", line 4, in Shutdown
    @rpc
NameError: name 'rpc' is not defined
WARNING:master:artiq.master.experiments:Skipping file 'Utility/shutdown.py'
WARNING:master:artiq.master.experiments:Duplicate experiment name: 'NormalScanUI'
Renaming class 'NormalScanUI' in 'Scans/NormalSecScan.py' to 'NormalScanUI1'
INFO:dashboard:artiq.dashboard.experiments:Submitted 'repo:artiq_worker/ARTIQ_WORKER', RID is 5164
INFO:worker(5164,artiq_worker.py):print:2026-02-05 12:24:40,333 [ARTIQ.Worker] INFO: ============================================================
INFO:worker(5164,artiq_worker.py):ARTIQ.Worker:============================================================
INFO:worker(5164,artiq_worker.py):print:2026-02-05 12:24:40,333 [ARTIQ.Worker] INFO: ARTIQ ZMQ Worker: Preparing...
INFO:worker(5164,artiq_worker.py):ARTIQ.Worker:ARTIQ ZMQ Worker: Preparing...
INFO:worker(5164,artiq_worker.py):print:2026-02-05 12:24:40,333 [ARTIQ.Worker] INFO: ============================================================
INFO:worker(5164,artiq_worker.py):ARTIQ.Worker:============================================================
INFO:worker(5164,artiq_worker.py):print:2026-02-05 12:24:40,333 [ARTIQ.Worker] INFO: Manager IP: 192.168.56.101
INFO:worker(5164,artiq_worker.py):ARTIQ.Worker:Manager IP: 192.168.56.101
INFO:worker(5164,artiq_worker.py):print:2026-02-05 12:24:40,333 [ARTIQ.Worker] INFO: Command port: 5555
INFO:worker(5164,artiq_worker.py):ARTIQ.Worker:Command port: 5555
INFO:worker(5164,artiq_worker.py):print:2026-02-05 12:24:40,333 [ARTIQ.Worker] INFO: Data port: 5556
INFO:worker(5164,artiq_worker.py):ARTIQ.Worker:Data port: 5556
INFO:worker(5164,artiq_worker.py):print:2026-02-05 12:24:40,333 [ARTIQ.Worker] INFO: Lazy-loading fragments...
INFO:worker(5164,artiq_worker.py):ARTIQ.Worker:Lazy-loading fragments...
INFO:worker(5164,artiq_worker.py):print:2026-02-05 12:24:40,625 [ARTIQ.Worker] INFO: Fragments loaded successfully.
INFO:worker(5164,artiq_worker.py):ARTIQ.Worker:Fragments loaded successfully.
WARNING:worker(5164,artiq_worker.py):root:While compiling <repository>/artiq_worker/artiq_worker.py
<synthesized>:1:1-1:59: warning: object <dds_controller.dds_controller object at 0x7910b2149db0> of type <instance dds_controller.dds_controller> declares attribute(s) 'urukul0_ch1' as kernel invariant, but other objects of the same type do not; the invariant annotation on this object will be ignored
`<dds_controller.dds_controller object at 0x7910b2149db0>`
^^^^^^^^^^^^^^^^^^^^^^^^^^^^^^^^^^^^^^^^^^^^^^^^^^^^^^^^^^
<repository>/artiq_worker/artiq_worker.py:506:1: note: expanded from here
def apply_safety_defaults_kernel(self):
^                                      
<repository>/artiq_worker/artiq_worker.py:517:13-517:34: note: while inferring a type for an attribute 'dds_radial' of a host object
            self.sweep.dds_radial.cfg_sw(False)
            ^^^^^^^^^^^^^^^^^^^^^              
WARNING:worker(5164,artiq_worker.py):root:While compiling <repository>/artiq_worker/artiq_worker.py
<synthesized>:1:1-1:59: warning: object <dds_controller.dds_controller object at 0x7910b2149db0> of type <instance dds_controller.dds_controller> does not declare attribute(s) 'urukul0_ch0' as kernel invariant, but other objects of the same type do; the invariant annotation on other objects will be ignored
`<dds_controller.dds_controller object at 0x7910b2149db0>`
^^^^^^^^^^^^^^^^^^^^^^^^^^^^^^^^^^^^^^^^^^^^^^^^^^^^^^^^^^
<repository>/artiq_worker/artiq_worker.py:506:1: note: expanded from here
def apply_safety_defaults_kernel(self):
^                                      
<repository>/artiq_worker/artiq_worker.py:517:13-517:34: note: while inferring a type for an attribute 'dds_radial' of a host object
            self.sweep.dds_radial.cfg_sw(False)
            ^^^^^^^^^^^^^^^^^^^^^              
ERROR:worker(5164,artiq_worker.py):root:While compiling <repository>/artiq_worker/artiq_worker.py
<synthesized>:1:1-1:60: error: host object does not have an attribute 'set_amplitude'; did you mean 'set_mu'?
`<artiq.coredevice.ad9912.AD9912 object at 0x7910b2148340>`
^^^^^^^^^^^^^^^^^^^^^^^^^^^^^^^^^^^^^^^^^^^^^^^^^^^^^^^^^^^
<repository>/artiq_worker/artiq_worker.py:506:1: note: expanded from here
def apply_safety_defaults_kernel(self):
^                                      
<repository>/artiq_worker/raman_control.py:61:9-61:32: note: attribute accessed here
        self.dds0.set_amplitude(amp0)
        ^^^^^^^^^^^^^^^^^^^^^^^      
INFO:worker(5164,artiq_worker.py):print:2026-02-05 12:24:40,785 [ARTIQ.Worker] ERROR: Safety initialization failed: 
INFO:worker(5164,artiq_worker.py):print:<synthesized>:1:1-1:60: error: host object does not have an attribute 'set_amplitude'; did you mean 'set_mu'?
INFO:worker(5164,artiq_worker.py):print:`<artiq.coredevice.ad9912.AD9912 object at 0x7910b2148340>`
INFO:worker(5164,artiq_worker.py):print:^^^^^^^^^^^^^^^^^^^^^^^^^^^^^^^^^^^^^^^^^^^^^^^^^^^^^^^^^^^
INFO:worker(5164,artiq_worker.py):print:/home/artiq/Developer/artiq/artiq-master/repository/artiq_worker/artiq_worker.py:506:1: note: expanded from here
INFO:worker(5164,artiq_worker.py):print:def apply_safety_defaults_kernel(self):
INFO:worker(5164,artiq_worker.py):print:^                                      
INFO:worker(5164,artiq_worker.py):print:/home/artiq/Developer/artiq/artiq-master/repository/artiq_worker/raman_control.py:61:9-61:32: note: attribute accessed here
INFO:worker(5164,artiq_worker.py):print:        self.dds0.set_amplitude(amp0)
INFO:worker(5164,artiq_worker.py):print:        ^^^^^^^^^^^^^^^^^^^^^^^      
ERROR:worker(5164,artiq_worker.py):ARTIQ.Worker:Safety initialization failed: 
<synthesized>:1:1-1:60: error: host object does not have an attribute 'set_amplitude'; did you mean 'set_mu'?
`<artiq.coredevice.ad9912.AD9912 object at 0x7910b2148340>`
^^^^^^^^^^^^^^^^^^^^^^^^^^^^^^^^^^^^^^^^^^^^^^^^^^^^^^^^^^^
/home/artiq/Developer/artiq/artiq-master/repository/artiq_worker/artiq_worker.py:506:1: note: expanded from here
def apply_safety_defaults_kernel(self):
^                                      
/home/artiq/Developer/artiq/artiq-master/repository/artiq_worker/raman_control.py:61:9-61:32: note: attribute accessed here
        self.dds0.set_amplitude(amp0)
        ^^^^^^^^^^^^^^^^^^^^^^^      
ERROR:master:artiq.master.scheduler:got worker exception in prepare stage, deleting RID 5164

