ERROR:root:Fatal error: [WinError 3] The system cannot find the path specified: 'E:\\'
Traceback (most recent call last):
  File "C:\Users\Dougl\AppData\Local\Programs\Python\Python313\Lib\pathlib\_local.py", line 722, in mkdir
    os.mkdir(self, mode)
    ~~~~~~~~^^^^^^^^^^^^
FileNotFoundError: [WinError 3] The system cannot find the path specified: 'E:\\Data\\logs'

During handling of the above exception, another exception occurred:

Traceback (most recent call last):
  File "C:\Users\Dougl\AppData\Local\Programs\Python\Python313\Lib\pathlib\_local.py", line 722, in mkdir
    os.mkdir(self, mode)
    ~~~~~~~~^^^^^^^^^^^^
FileNotFoundError: [WinError 3] The system cannot find the path specified: 'E:\\Data'

During handling of the above exception, another exception occurred:

Traceback (most recent call last):
  File "d:\MLS\server\communications\manager.py", line 1911, in <module>
    mgr = ControlManager()
  File "d:\MLS\server\communications\manager.py", line 650, in __init__
    self.logger = setup_logging(component="manager")
                  ~~~~~~~~~~~~~^^^^^^^^^^^^^^^^^^^^^
  File "d:\MLS\core\logger.py", line 106, in setup_logging
    log_path.parent.mkdir(parents=True, exist_ok=True)
    ~~~~~~~~~~~~~~~~~~~~~^^^^^^^^^^^^^^^^^^^^^^^^^^^^^
  File "C:\Users\Dougl\AppData\Local\Programs\Python\Python313\Lib\pathlib\_local.py", line 726, in mkdir
    self.parent.mkdir(parents=True, exist_ok=True)
    ~~~~~~~~~~~~~~~~~^^^^^^^^^^^^^^^^^^^^^^^^^^^^^
  File "C:\Users\Dougl\AppData\Local\Programs\Python\Python313\Lib\pathlib\_local.py", line 726, in mkdir
    self.parent.mkdir(parents=True, exist_ok=True)
    ~~~~~~~~~~~~~~~~~^^^^^^^^^^^^^^^^^^^^^^^^^^^^^
  File "C:\Users\Dougl\AppData\Local\Programs\Python\Python313\Lib\pathlib\_local.py", line 722, in mkdir
    os.mkdir(self, mode)
    ~~~~~~~~^^^^^^^^^^^^
FileNotFoundError: [WinError 3] The system cannot find the path specified: 'E:\\'
Traceback (most recent call last):
  File "C:\Users\Dougl\AppData\Local\Programs\Python\Python313\Lib\pathlib\_local.py", line 722, in mkdir
    os.mkdir(self, mode)
    ~~~~~~~~^^^^^^^^^^^^
FileNotFoundError: [WinError 3] The system cannot find the path specified: 'E:\\Data\\logs'

During handling of the above exception, another exception occurred:

Traceback (most recent call last):
  File "C:\Users\Dougl\AppData\Local\Programs\Python\Python313\Lib\pathlib\_local.py", line 722, in mkdir
    os.mkdir(self, mode)
    ~~~~~~~~^^^^^^^^^^^^
FileNotFoundError: [WinError 3] The system cannot find the path specified: 'E:\\Data'

During handling of the above exception, another exception occurred:

Traceback (most recent call last):
  File "d:\MLS\server\communications\manager.py", line 1911, in <module>
    mgr = ControlManager()
  File "d:\MLS\server\communications\manager.py", line 650, in __init__
    self.logger = setup_logging(component="manager")
                  ~~~~~~~~~~~~~^^^^^^^^^^^^^^^^^^^^^
  File "d:\MLS\core\logger.py", line 106, in setup_logging
    log_path.parent.mkdir(parents=True, exist_ok=True)
    ~~~~~~~~~~~~~~~~~~~~~^^^^^^^^^^^^^^^^^^^^^^^^^^^^^
  File "C:\Users\Dougl\AppData\Local\Programs\Python\Python313\Lib\pathlib\_local.py", line 726, in mkdir
    self.parent.mkdir(parents=True, exist_ok=True)
    ~~~~~~~~~~~~~~~~~^^^^^^^^^^^^^^^^^^^^^^^^^^^^^
  File "C:\Users\Dougl\AppData\Local\Programs\Python\Python313\Lib\pathlib\_local.py", line 726, in mkdir
    self.parent.mkdir(parents=True, exist_ok=True)
    ~~~~~~~~~~~~~~~~~^^^^^^^^^^^^^^^^^^^^^^^^^^^^^
  File "C:\Users\Dougl\AppData\Local\Programs\Python\Python313\Lib\pathlib\_local.py", line 722, in mkdir
    os.mkdir(self, mode)
    ~~~~~~~~^^^^^^^^^^^^
FileNotFoundError: [WinError 3] The system cannot find the path specified: 'E:\\'
ERROR:root:Fatal error: [WinError 3] The system cannot find the path specified: 'E:\\'
Traceback (most recent call last):
  File "C:\Users\Dougl\AppData\Local\Programs\Python\Python313\Lib\pathlib\_local.py", line 722, in mkdir
    os.mkdir(self, mode)
    ~~~~~~~~^^^^^^^^^^^^
FileNotFoundError: [WinError 3] The system cannot find the path specified: 'E:\\Data\\logs'

During handling of the above exception, another exception occurred:

Traceback (most recent call last):
  File "C:\Users\Dougl\AppData\Local\Programs\Python\Python313\Lib\pathlib\_local.py", line 722, in mkdir
    os.mkdir(self, mode)
    ~~~~~~~~^^^^^^^^^^^^
FileNotFoundError: [WinError 3] The system cannot find the path specified: 'E:\\Data'

During handling of the above exception, another exception occurred:

Traceback (most recent call last):
  File "d:\MLS\server\communications\manager.py", line 1911, in <module>
    mgr = ControlManager()
  File "d:\MLS\server\communications\manager.py", line 650, in __init__
    self.logger = setup_logging(component="manager")
                  ~~~~~~~~~~~~~^^^^^^^^^^^^^^^^^^^^^
  File "d:\MLS\core\logger.py", line 106, in setup_logging
    log_path.parent.mkdir(parents=True, exist_ok=True)
    ~~~~~~~~~~~~~~~~~~~~~^^^^^^^^^^^^^^^^^^^^^^^^^^^^^
  File "C:\Users\Dougl\AppData\Local\Programs\Python\Python313\Lib\pathlib\_local.py", line 726, in mkdir
    self.parent.mkdir(parents=True, exist_ok=True)
    ~~~~~~~~~~~~~~~~~^^^^^^^^^^^^^^^^^^^^^^^^^^^^^
  File "C:\Users\Dougl\AppData\Local\Programs\Python\Python313\Lib\pathlib\_local.py", line 726, in mkdir
    self.parent.mkdir(parents=True, exist_ok=True)
    ~~~~~~~~~~~~~~~~~^^^^^^^^^^^^^^^^^^^^^^^^^^^^^
  File "C:\Users\Dougl\AppData\Local\Programs\Python\Python313\Lib\pathlib\_local.py", line 722, in mkdir
    os.mkdir(self, mode)
    ~~~~~~~~^^^^^^^^^^^^
FileNotFoundError: [WinError 3] The system cannot find the path specified: 'E:\\'
Traceback (most recent call last):
  File "C:\Users\Dougl\AppData\Local\Programs\Python\Python313\Lib\pathlib\_local.py", line 722, in mkdir
    os.mkdir(self, mode)
    ~~~~~~~~^^^^^^^^^^^^
FileNotFoundError: [WinError 3] The system cannot find the path specified: 'E:\\Data\\logs'

During handling of the above exception, another exception occurred:

Traceback (most recent call last):
  File "C:\Users\Dougl\AppData\Local\Programs\Python\Python313\Lib\pathlib\_local.py", line 722, in mkdir
    os.mkdir(self, mode)
    ~~~~~~~~^^^^^^^^^^^^
FileNotFoundError: [WinError 3] The system cannot find the path specified: 'E:\\Data'

During handling of the above exception, another exception occurred:

Traceback (most recent call last):
  File "d:\MLS\server\communications\manager.py", line 1911, in <module>
    mgr = ControlManager()
  File "d:\MLS\server\communications\manager.py", line 650, in __init__
    self.logger = setup_logging(component="manager")
                  ~~~~~~~~~~~~~^^^^^^^^^^^^^^^^^^^^^
  File "d:\MLS\core\logger.py", line 106, in setup_logging
    log_path.parent.mkdir(parents=True, exist_ok=True)
    ~~~~~~~~~~~~~~~~~~~~~^^^^^^^^^^^^^^^^^^^^^^^^^^^^^
  File "C:\Users\Dougl\AppData\Local\Programs\Python\Python313\Lib\pathlib\_local.py", line 726, in mkdir
    self.parent.mkdir(parents=True, exist_ok=True)
    ~~~~~~~~~~~~~~~~~^^^^^^^^^^^^^^^^^^^^^^^^^^^^^
  File "C:\Users\Dougl\AppData\Local\Programs\Python\Python313\Lib\pathlib\_local.py", line 726, in mkdir
    self.parent.mkdir(parents=True, exist_ok=True)
    ~~~~~~~~~~~~~~~~~^^^^^^^^^^^^^^^^^^^^^^^^^^^^^
  File "C:\Users\Dougl\AppData\Local\Programs\Python\Python313\Lib\pathlib\_local.py", line 722, in mkdir
    os.mkdir(self, mode)
    ~~~~~~~~^^^^^^^^^^^^
FileNotFoundError: [WinError 3] The system cannot find the path specified: 'E:\\'
ERROR:root:Fatal error: [WinError 3] The system cannot find the path specified: 'E:\\'
Traceback (most recent call last):
  File "C:\Users\Dougl\AppData\Local\Programs\Python\Python313\Lib\pathlib\_local.py", line 722, in mkdir
    os.mkdir(self, mode)
    ~~~~~~~~^^^^^^^^^^^^
FileNotFoundError: [WinError 3] The system cannot find the path specified: 'E:\\Data\\logs'

During handling of the above exception, another exception occurred:

Traceback (most recent call last):
  File "C:\Users\Dougl\AppData\Local\Programs\Python\Python313\Lib\pathlib\_local.py", line 722, in mkdir
    os.mkdir(self, mode)
    ~~~~~~~~^^^^^^^^^^^^
FileNotFoundError: [WinError 3] The system cannot find the path specified: 'E:\\Data'

During handling of the above exception, another exception occurred:

Traceback (most recent call last):
  File "d:\MLS\server\communications\manager.py", line 1911, in <module>
    mgr = ControlManager()
  File "d:\MLS\server\communications\manager.py", line 650, in __init__
    self.logger = setup_logging(component="manager")
                  ~~~~~~~~~~~~~^^^^^^^^^^^^^^^^^^^^^
  File "d:\MLS\core\logger.py", line 106, in setup_logging
    log_path.parent.mkdir(parents=True, exist_ok=True)
    ~~~~~~~~~~~~~~~~~~~~~^^^^^^^^^^^^^^^^^^^^^^^^^^^^^
  File "C:\Users\Dougl\AppData\Local\Programs\Python\Python313\Lib\pathlib\_local.py", line 726, in mkdir
    self.parent.mkdir(parents=True, exist_ok=True)
    ~~~~~~~~~~~~~~~~~^^^^^^^^^^^^^^^^^^^^^^^^^^^^^
  File "C:\Users\Dougl\AppData\Local\Programs\Python\Python313\Lib\pathlib\_local.py", line 726, in mkdir
    self.parent.mkdir(parents=True, exist_ok=True)
    ~~~~~~~~~~~~~~~~~^^^^^^^^^^^^^^^^^^^^^^^^^^^^^
  File "C:\Users\Dougl\AppData\Local\Programs\Python\Python313\Lib\pathlib\_local.py", line 722, in mkdir
    os.mkdir(self, mode)
    ~~~~~~~~^^^^^^^^^^^^
FileNotFoundError: [WinError 3] The system cannot find the path specified: 'E:\\'
Traceback (most recent call last):
  File "C:\Users\Dougl\AppData\Local\Programs\Python\Python313\Lib\pathlib\_local.py", line 722, in mkdir
    os.mkdir(self, mode)
    ~~~~~~~~^^^^^^^^^^^^
FileNotFoundError: [WinError 3] The system cannot find the path specified: 'E:\\Data\\logs'

During handling of the above exception, another exception occurred:

Traceback (most recent call last):
  File "C:\Users\Dougl\AppData\Local\Programs\Python\Python313\Lib\pathlib\_local.py", line 722, in mkdir
    os.mkdir(self, mode)
    ~~~~~~~~^^^^^^^^^^^^
FileNotFoundError: [WinError 3] The system cannot find the path specified: 'E:\\Data'

During handling of the above exception, another exception occurred:

Traceback (most recent call last):
  File "d:\MLS\server\communications\manager.py", line 1911, in <module>
    mgr = ControlManager()
  File "d:\MLS\server\communications\manager.py", line 650, in __init__
    self.logger = setup_logging(component="manager")
                  ~~~~~~~~~~~~~^^^^^^^^^^^^^^^^^^^^^
  File "d:\MLS\core\logger.py", line 106, in setup_logging
    log_path.parent.mkdir(parents=True, exist_ok=True)
    ~~~~~~~~~~~~~~~~~~~~~^^^^^^^^^^^^^^^^^^^^^^^^^^^^^
  File "C:\Users\Dougl\AppData\Local\Programs\Python\Python313\Lib\pathlib\_local.py", line 726, in mkdir
    self.parent.mkdir(parents=True, exist_ok=True)
    ~~~~~~~~~~~~~~~~~^^^^^^^^^^^^^^^^^^^^^^^^^^^^^
  File "C:\Users\Dougl\AppData\Local\Programs\Python\Python313\Lib\pathlib\_local.py", line 726, in mkdir
    self.parent.mkdir(parents=True, exist_ok=True)
    ~~~~~~~~~~~~~~~~~^^^^^^^^^^^^^^^^^^^^^^^^^^^^^
  File "C:\Users\Dougl\AppData\Local\Programs\Python\Python313\Lib\pathlib\_local.py", line 722, in mkdir
    os.mkdir(self, mode)
    ~~~~~~~~^^^^^^^^^^^^
FileNotFoundError: [WinError 3] The system cannot find the path specified: 'E:\\'
ERROR:root:Fatal error: [WinError 3] The system cannot find the path specified: 'E:\\'
Traceback (most recent call last):
  File "C:\Users\Dougl\AppData\Local\Programs\Python\Python313\Lib\pathlib\_local.py", line 722, in mkdir
    os.mkdir(self, mode)
    ~~~~~~~~^^^^^^^^^^^^
FileNotFoundError: [WinError 3] The system cannot find the path specified: 'E:\\Data\\logs'

During handling of the above exception, another exception occurred:

Traceback (most recent call last):
  File "C:\Users\Dougl\AppData\Local\Programs\Python\Python313\Lib\pathlib\_local.py", line 722, in mkdir
    os.mkdir(self, mode)
    ~~~~~~~~^^^^^^^^^^^^
FileNotFoundError: [WinError 3] The system cannot find the path specified: 'E:\\Data'

During handling of the above exception, another exception occurred:

Traceback (most recent call last):
  File "d:\MLS\server\communications\manager.py", line 1911, in <module>
    mgr = ControlManager()
  File "d:\MLS\server\communications\manager.py", line 650, in __init__
    self.logger = setup_logging(component="manager")
                  ~~~~~~~~~~~~~^^^^^^^^^^^^^^^^^^^^^
  File "d:\MLS\core\logger.py", line 106, in setup_logging
    log_path.parent.mkdir(parents=True, exist_ok=True)
    ~~~~~~~~~~~~~~~~~~~~~^^^^^^^^^^^^^^^^^^^^^^^^^^^^^
  File "C:\Users\Dougl\AppData\Local\Programs\Python\Python313\Lib\pathlib\_local.py", line 726, in mkdir
    self.parent.mkdir(parents=True, exist_ok=True)
    ~~~~~~~~~~~~~~~~~^^^^^^^^^^^^^^^^^^^^^^^^^^^^^
  File "C:\Users\Dougl\AppData\Local\Programs\Python\Python313\Lib\pathlib\_local.py", line 726, in mkdir
    self.parent.mkdir(parents=True, exist_ok=True)
    ~~~~~~~~~~~~~~~~~^^^^^^^^^^^^^^^^^^^^^^^^^^^^^
  File "C:\Users\Dougl\AppData\Local\Programs\Python\Python313\Lib\pathlib\_local.py", line 722, in mkdir
    os.mkdir(self, mode)
    ~~~~~~~~^^^^^^^^^^^^
FileNotFoundError: [WinError 3] The system cannot find the path specified: 'E:\\'
Traceback (most recent call last):
  File "C:\Users\Dougl\AppData\Local\Programs\Python\Python313\Lib\pathlib\_local.py", line 722, in mkdir
    os.mkdir(self, mode)
    ~~~~~~~~^^^^^^^^^^^^
FileNotFoundError: [WinError 3] The system cannot find the path specified: 'E:\\Data\\logs'

During handling of the above exception, another exception occurred:

Traceback (most recent call last):
  File "C:\Users\Dougl\AppData\Local\Programs\Python\Python313\Lib\pathlib\_local.py", line 722, in mkdir
    os.mkdir(self, mode)
    ~~~~~~~~^^^^^^^^^^^^
FileNotFoundError: [WinError 3] The system cannot find the path specified: 'E:\\Data'

During handling of the above exception, another exception occurred:

Traceback (most recent call last):
  File "d:\MLS\server\communications\manager.py", line 1911, in <module>
    mgr = ControlManager()
  File "d:\MLS\server\communications\manager.py", line 650, in __init__
    self.logger = setup_logging(component="manager")
                  ~~~~~~~~~~~~~^^^^^^^^^^^^^^^^^^^^^
  File "d:\MLS\core\logger.py", line 106, in setup_logging
    log_path.parent.mkdir(parents=True, exist_ok=True)
    ~~~~~~~~~~~~~~~~~~~~~^^^^^^^^^^^^^^^^^^^^^^^^^^^^^
  File "C:\Users\Dougl\AppData\Local\Programs\Python\Python313\Lib\pathlib\_local.py", line 726, in mkdir
    self.parent.mkdir(parents=True, exist_ok=True)
    ~~~~~~~~~~~~~~~~~^^^^^^^^^^^^^^^^^^^^^^^^^^^^^
  File "C:\Users\Dougl\AppData\Local\Programs\Python\Python313\Lib\pathlib\_local.py", line 726, in mkdir
    self.parent.mkdir(parents=True, exist_ok=True)
    ~~~~~~~~~~~~~~~~~^^^^^^^^^^^^^^^^^^^^^^^^^^^^^
  File "C:\Users\Dougl\AppData\Local\Programs\Python\Python313\Lib\pathlib\_local.py", line 722, in mkdir
    os.mkdir(self, mode)
    ~~~~~~~~^^^^^^^^^^^^
FileNotFoundError: [WinError 3] The system cannot find the path specified: 'E:\\'
ERROR:root:Fatal error: [WinError 3] The system cannot find the path specified: 'Y:\\'
Traceback (most recent call last):
  File "C:\Users\Dougl\AppData\Local\Programs\Python\Python313\Lib\pathlib\_local.py", line 722, in mkdir
    os.mkdir(self, mode)
    ~~~~~~~~^^^^^^^^^^^^
FileNotFoundError: [WinError 3] The system cannot find the path specified: 'Y:\\Xi\\Data\\logs'

During handling of the above exception, another exception occurred:

Traceback (most recent call last):
  File "C:\Users\Dougl\AppData\Local\Programs\Python\Python313\Lib\pathlib\_local.py", line 722, in mkdir
    os.mkdir(self, mode)
    ~~~~~~~~^^^^^^^^^^^^
FileNotFoundError: [WinError 3] The system cannot find the path specified: 'Y:\\Xi\\Data'

During handling of the above exception, another exception occurred:

Traceback (most recent call last):
  File "C:\Users\Dougl\AppData\Local\Programs\Python\Python313\Lib\pathlib\_local.py", line 722, in mkdir
    os.mkdir(self, mode)
    ~~~~~~~~^^^^^^^^^^^^
FileNotFoundError: [WinError 3] The system cannot find the path specified: 'Y:\\Xi'

During handling of the above exception, another exception occurred:

Traceback (most recent call last):
  File "d:\MLS\server\communications\manager.py", line 1911, in <module>
    mgr = ControlManager()
  File "d:\MLS\server\communications\manager.py", line 650, in __init__
    self.logger = setup_logging(component="manager")
                  ~~~~~~~~~~~~~^^^^^^^^^^^^^^^^^^^^^
  File "d:\MLS\core\logger.py", line 106, in setup_logging
    log_path.parent.mkdir(parents=True, exist_ok=True)
    ~~~~~~~~~~~~~~~~~~~~~^^^^^^^^^^^^^^^^^^^^^^^^^^^^^
  File "C:\Users\Dougl\AppData\Local\Programs\Python\Python313\Lib\pathlib\_local.py", line 726, in mkdir
    self.parent.mkdir(parents=True, exist_ok=True)
    ~~~~~~~~~~~~~~~~~^^^^^^^^^^^^^^^^^^^^^^^^^^^^^
  File "C:\Users\Dougl\AppData\Local\Programs\Python\Python313\Lib\pathlib\_local.py", line 726, in mkdir
    self.parent.mkdir(parents=True, exist_ok=True)
    ~~~~~~~~~~~~~~~~~^^^^^^^^^^^^^^^^^^^^^^^^^^^^^
  File "C:\Users\Dougl\AppData\Local\Programs\Python\Python313\Lib\pathlib\_local.py", line 726, in mkdir
    self.parent.mkdir(parents=True, exist_ok=True)
    ~~~~~~~~~~~~~~~~~^^^^^^^^^^^^^^^^^^^^^^^^^^^^^
  File "C:\Users\Dougl\AppData\Local\Programs\Python\Python313\Lib\pathlib\_local.py", line 722, in mkdir
    os.mkdir(self, mode)
    ~~~~~~~~^^^^^^^^^^^^
FileNotFoundError: [WinError 3] The system cannot find the path specified: 'Y:\\'
Traceback (most recent call last):
  File "C:\Users\Dougl\AppData\Local\Programs\Python\Python313\Lib\pathlib\_local.py", line 722, in mkdir
    os.mkdir(self, mode)
    ~~~~~~~~^^^^^^^^^^^^
FileNotFoundError: [WinError 3] The system cannot find the path specified: 'Y:\\Xi\\Data\\logs'

During handling of the above exception, another exception occurred:

Traceback (most recent call last):
  File "C:\Users\Dougl\AppData\Local\Programs\Python\Python313\Lib\pathlib\_local.py", line 722, in mkdir
    os.mkdir(self, mode)
    ~~~~~~~~^^^^^^^^^^^^
FileNotFoundError: [WinError 3] The system cannot find the path specified: 'Y:\\Xi\\Data'

During handling of the above exception, another exception occurred:

Traceback (most recent call last):
  File "C:\Users\Dougl\AppData\Local\Programs\Python\Python313\Lib\pathlib\_local.py", line 722, in mkdir
    os.mkdir(self, mode)
    ~~~~~~~~^^^^^^^^^^^^
FileNotFoundError: [WinError 3] The system cannot find the path specified: 'Y:\\Xi'

During handling of the above exception, another exception occurred:

Traceback (most recent call last):
  File "d:\MLS\server\communications\manager.py", line 1911, in <module>
    mgr = ControlManager()
  File "d:\MLS\server\communications\manager.py", line 650, in __init__
    self.logger = setup_logging(component="manager")
                  ~~~~~~~~~~~~~^^^^^^^^^^^^^^^^^^^^^
  File "d:\MLS\core\logger.py", line 106, in setup_logging
    log_path.parent.mkdir(parents=True, exist_ok=True)
    ~~~~~~~~~~~~~~~~~~~~~^^^^^^^^^^^^^^^^^^^^^^^^^^^^^
  File "C:\Users\Dougl\AppData\Local\Programs\Python\Python313\Lib\pathlib\_local.py", line 726, in mkdir
    self.parent.mkdir(parents=True, exist_ok=True)
    ~~~~~~~~~~~~~~~~~^^^^^^^^^^^^^^^^^^^^^^^^^^^^^
  File "C:\Users\Dougl\AppData\Local\Programs\Python\Python313\Lib\pathlib\_local.py", line 726, in mkdir
    self.parent.mkdir(parents=True, exist_ok=True)
    ~~~~~~~~~~~~~~~~~^^^^^^^^^^^^^^^^^^^^^^^^^^^^^
  File "C:\Users\Dougl\AppData\Local\Programs\Python\Python313\Lib\pathlib\_local.py", line 726, in mkdir
    self.parent.mkdir(parents=True, exist_ok=True)
    ~~~~~~~~~~~~~~~~~^^^^^^^^^^^^^^^^^^^^^^^^^^^^^
  File "C:\Users\Dougl\AppData\Local\Programs\Python\Python313\Lib\pathlib\_local.py", line 722, in mkdir
    os.mkdir(self, mode)
    ~~~~~~~~^^^^^^^^^^^^
FileNotFoundError: [WinError 3] The system cannot find the path specified: 'Y:\\'
ERROR:root:Fatal error: [WinError 3] The system cannot find the path specified: 'Y:\\'
Traceback (most recent call last):
  File "C:\Users\Dougl\AppData\Local\Programs\Python\Python313\Lib\pathlib\_local.py", line 722, in mkdir
    os.mkdir(self, mode)
    ~~~~~~~~^^^^^^^^^^^^
FileNotFoundError: [WinError 3] The system cannot find the path specified: 'Y:\\Xi\\Data\\logs'

During handling of the above exception, another exception occurred:

Traceback (most recent call last):
  File "C:\Users\Dougl\AppData\Local\Programs\Python\Python313\Lib\pathlib\_local.py", line 722, in mkdir
    os.mkdir(self, mode)
    ~~~~~~~~^^^^^^^^^^^^
FileNotFoundError: [WinError 3] The system cannot find the path specified: 'Y:\\Xi\\Data'

During handling of the above exception, another exception occurred:

Traceback (most recent call last):
  File "C:\Users\Dougl\AppData\Local\Programs\Python\Python313\Lib\pathlib\_local.py", line 722, in mkdir
    os.mkdir(self, mode)
    ~~~~~~~~^^^^^^^^^^^^
FileNotFoundError: [WinError 3] The system cannot find the path specified: 'Y:\\Xi'

During handling of the above exception, another exception occurred:

Traceback (most recent call last):
  File "d:\MLS\server\communications\manager.py", line 1911, in <module>
    mgr = ControlManager()
  File "d:\MLS\server\communications\manager.py", line 650, in __init__
    self.logger = setup_logging(component="manager")
                  ~~~~~~~~~~~~~^^^^^^^^^^^^^^^^^^^^^
  File "d:\MLS\core\logger.py", line 106, in setup_logging
    log_path.parent.mkdir(parents=True, exist_ok=True)
    ~~~~~~~~~~~~~~~~~~~~~^^^^^^^^^^^^^^^^^^^^^^^^^^^^^
  File "C:\Users\Dougl\AppData\Local\Programs\Python\Python313\Lib\pathlib\_local.py", line 726, in mkdir
    self.parent.mkdir(parents=True, exist_ok=True)
    ~~~~~~~~~~~~~~~~~^^^^^^^^^^^^^^^^^^^^^^^^^^^^^
  File "C:\Users\Dougl\AppData\Local\Programs\Python\Python313\Lib\pathlib\_local.py", line 726, in mkdir
    self.parent.mkdir(parents=True, exist_ok=True)
    ~~~~~~~~~~~~~~~~~^^^^^^^^^^^^^^^^^^^^^^^^^^^^^
  File "C:\Users\Dougl\AppData\Local\Programs\Python\Python313\Lib\pathlib\_local.py", line 726, in mkdir
    self.parent.mkdir(parents=True, exist_ok=True)
    ~~~~~~~~~~~~~~~~~^^^^^^^^^^^^^^^^^^^^^^^^^^^^^
  File "C:\Users\Dougl\AppData\Local\Programs\Python\Python313\Lib\pathlib\_local.py", line 722, in mkdir
    os.mkdir(self, mode)
    ~~~~~~~~^^^^^^^^^^^^
FileNotFoundError: [WinError 3] The system cannot find the path specified: 'Y:\\'
Traceback (most recent call last):
  File "C:\Users\Dougl\AppData\Local\Programs\Python\Python313\Lib\pathlib\_local.py", line 722, in mkdir
    os.mkdir(self, mode)
    ~~~~~~~~^^^^^^^^^^^^
FileNotFoundError: [WinError 3] The system cannot find the path specified: 'Y:\\Xi\\Data\\logs'

During handling of the above exception, another exception occurred:

Traceback (most recent call last):
  File "C:\Users\Dougl\AppData\Local\Programs\Python\Python313\Lib\pathlib\_local.py", line 722, in mkdir
    os.mkdir(self, mode)
    ~~~~~~~~^^^^^^^^^^^^
FileNotFoundError: [WinError 3] The system cannot find the path specified: 'Y:\\Xi\\Data'

During handling of the above exception, another exception occurred:

Traceback (most recent call last):
  File "C:\Users\Dougl\AppData\Local\Programs\Python\Python313\Lib\pathlib\_local.py", line 722, in mkdir
    os.mkdir(self, mode)
    ~~~~~~~~^^^^^^^^^^^^
FileNotFoundError: [WinError 3] The system cannot find the path specified: 'Y:\\Xi'

During handling of the above exception, another exception occurred:

Traceback (most recent call last):
  File "d:\MLS\server\communications\manager.py", line 1911, in <module>
    mgr = ControlManager()
  File "d:\MLS\server\communications\manager.py", line 650, in __init__
    self.logger = setup_logging(component="manager")
                  ~~~~~~~~~~~~~^^^^^^^^^^^^^^^^^^^^^
  File "d:\MLS\core\logger.py", line 106, in setup_logging
    log_path.parent.mkdir(parents=True, exist_ok=True)
    ~~~~~~~~~~~~~~~~~~~~~^^^^^^^^^^^^^^^^^^^^^^^^^^^^^
  File "C:\Users\Dougl\AppData\Local\Programs\Python\Python313\Lib\pathlib\_local.py", line 726, in mkdir
    self.parent.mkdir(parents=True, exist_ok=True)
    ~~~~~~~~~~~~~~~~~^^^^^^^^^^^^^^^^^^^^^^^^^^^^^
  File "C:\Users\Dougl\AppData\Local\Programs\Python\Python313\Lib\pathlib\_local.py", line 726, in mkdir
    self.parent.mkdir(parents=True, exist_ok=True)
    ~~~~~~~~~~~~~~~~~^^^^^^^^^^^^^^^^^^^^^^^^^^^^^
  File "C:\Users\Dougl\AppData\Local\Programs\Python\Python313\Lib\pathlib\_local.py", line 726, in mkdir
    self.parent.mkdir(parents=True, exist_ok=True)
    ~~~~~~~~~~~~~~~~~^^^^^^^^^^^^^^^^^^^^^^^^^^^^^
  File "C:\Users\Dougl\AppData\Local\Programs\Python\Python313\Lib\pathlib\_local.py", line 722, in mkdir
    os.mkdir(self, mode)
    ~~~~~~~~^^^^^^^^^^^^
FileNotFoundError: [WinError 3] The system cannot find the path specified: 'Y:\\'
ERROR:root:Fatal error: [WinError 3] The system cannot find the path specified: 'Y:\\'
Traceback (most recent call last):
  File "C:\Users\Dougl\AppData\Local\Programs\Python\Python313\Lib\pathlib\_local.py", line 722, in mkdir
    os.mkdir(self, mode)
    ~~~~~~~~^^^^^^^^^^^^
FileNotFoundError: [WinError 3] The system cannot find the path specified: 'Y:\\Xi\\Data\\logs'

During handling of the above exception, another exception occurred:

Traceback (most recent call last):
  File "C:\Users\Dougl\AppData\Local\Programs\Python\Python313\Lib\pathlib\_local.py", line 722, in mkdir
    os.mkdir(self, mode)
    ~~~~~~~~^^^^^^^^^^^^
FileNotFoundError: [WinError 3] The system cannot find the path specified: 'Y:\\Xi\\Data'

During handling of the above exception, another exception occurred:

Traceback (most recent call last):
  File "C:\Users\Dougl\AppData\Local\Programs\Python\Python313\Lib\pathlib\_local.py", line 722, in mkdir
    os.mkdir(self, mode)
    ~~~~~~~~^^^^^^^^^^^^
FileNotFoundError: [WinError 3] The system cannot find the path specified: 'Y:\\Xi'

During handling of the above exception, another exception occurred:

Traceback (most recent call last):
  File "d:\MLS\server\communications\manager.py", line 1911, in <module>
    mgr = ControlManager()
  File "d:\MLS\server\communications\manager.py", line 650, in __init__
    self.logger = setup_logging(component="manager")
                  ~~~~~~~~~~~~~^^^^^^^^^^^^^^^^^^^^^
  File "d:\MLS\core\logger.py", line 106, in setup_logging
    log_path.parent.mkdir(parents=True, exist_ok=True)
    ~~~~~~~~~~~~~~~~~~~~~^^^^^^^^^^^^^^^^^^^^^^^^^^^^^
  File "C:\Users\Dougl\AppData\Local\Programs\Python\Python313\Lib\pathlib\_local.py", line 726, in mkdir
    self.parent.mkdir(parents=True, exist_ok=True)
    ~~~~~~~~~~~~~~~~~^^^^^^^^^^^^^^^^^^^^^^^^^^^^^
  File "C:\Users\Dougl\AppData\Local\Programs\Python\Python313\Lib\pathlib\_local.py", line 726, in mkdir
    self.parent.mkdir(parents=True, exist_ok=True)
    ~~~~~~~~~~~~~~~~~^^^^^^^^^^^^^^^^^^^^^^^^^^^^^
  File "C:\Users\Dougl\AppData\Local\Programs\Python\Python313\Lib\pathlib\_local.py", line 726, in mkdir
    self.parent.mkdir(parents=True, exist_ok=True)
    ~~~~~~~~~~~~~~~~~^^^^^^^^^^^^^^^^^^^^^^^^^^^^^
  File "C:\Users\Dougl\AppData\Local\Programs\Python\Python313\Lib\pathlib\_local.py", line 722, in mkdir
    os.mkdir(self, mode)
    ~~~~~~~~^^^^^^^^^^^^
FileNotFoundError: [WinError 3] The system cannot find the path specified: 'Y:\\'
Traceback (most recent call last):
  File "C:\Users\Dougl\AppData\Local\Programs\Python\Python313\Lib\pathlib\_local.py", line 722, in mkdir
    os.mkdir(self, mode)
    ~~~~~~~~^^^^^^^^^^^^
FileNotFoundError: [WinError 3] The system cannot find the path specified: 'Y:\\Xi\\Data\\logs'

During handling of the above exception, another exception occurred:

Traceback (most recent call last):
  File "C:\Users\Dougl\AppData\Local\Programs\Python\Python313\Lib\pathlib\_local.py", line 722, in mkdir
    os.mkdir(self, mode)
    ~~~~~~~~^^^^^^^^^^^^
FileNotFoundError: [WinError 3] The system cannot find the path specified: 'Y:\\Xi\\Data'

During handling of the above exception, another exception occurred:

Traceback (most recent call last):
  File "C:\Users\Dougl\AppData\Local\Programs\Python\Python313\Lib\pathlib\_local.py", line 722, in mkdir
    os.mkdir(self, mode)
    ~~~~~~~~^^^^^^^^^^^^
FileNotFoundError: [WinError 3] The system cannot find the path specified: 'Y:\\Xi'

During handling of the above exception, another exception occurred:

Traceback (most recent call last):
  File "d:\MLS\server\communications\manager.py", line 1911, in <module>
    mgr = ControlManager()
  File "d:\MLS\server\communications\manager.py", line 650, in __init__
    self.logger = setup_logging(component="manager")
                  ~~~~~~~~~~~~~^^^^^^^^^^^^^^^^^^^^^
  File "d:\MLS\core\logger.py", line 106, in setup_logging
    log_path.parent.mkdir(parents=True, exist_ok=True)
    ~~~~~~~~~~~~~~~~~~~~~^^^^^^^^^^^^^^^^^^^^^^^^^^^^^
  File "C:\Users\Dougl\AppData\Local\Programs\Python\Python313\Lib\pathlib\_local.py", line 726, in mkdir
    self.parent.mkdir(parents=True, exist_ok=True)
    ~~~~~~~~~~~~~~~~~^^^^^^^^^^^^^^^^^^^^^^^^^^^^^
  File "C:\Users\Dougl\AppData\Local\Programs\Python\Python313\Lib\pathlib\_local.py", line 726, in mkdir
    self.parent.mkdir(parents=True, exist_ok=True)
    ~~~~~~~~~~~~~~~~~^^^^^^^^^^^^^^^^^^^^^^^^^^^^^
  File "C:\Users\Dougl\AppData\Local\Programs\Python\Python313\Lib\pathlib\_local.py", line 726, in mkdir
    self.parent.mkdir(parents=True, exist_ok=True)
    ~~~~~~~~~~~~~~~~~^^^^^^^^^^^^^^^^^^^^^^^^^^^^^
  File "C:\Users\Dougl\AppData\Local\Programs\Python\Python313\Lib\pathlib\_local.py", line 722, in mkdir
    os.mkdir(self, mode)
    ~~~~~~~~^^^^^^^^^^^^
FileNotFoundError: [WinError 3] The system cannot find the path specified: 'Y:\\'
ERROR:root:Fatal error: [WinError 3] The system cannot find the path specified: 'Y:\\'
Traceback (most recent call last):
  File "C:\Users\Dougl\AppData\Local\Programs\Python\Python313\Lib\pathlib\_local.py", line 722, in mkdir
    os.mkdir(self, mode)
    ~~~~~~~~^^^^^^^^^^^^
FileNotFoundError: [WinError 3] The system cannot find the path specified: 'Y:\\Xi\\Data\\logs'

During handling of the above exception, another exception occurred:

Traceback (most recent call last):
  File "C:\Users\Dougl\AppData\Local\Programs\Python\Python313\Lib\pathlib\_local.py", line 722, in mkdir
    os.mkdir(self, mode)
    ~~~~~~~~^^^^^^^^^^^^
FileNotFoundError: [WinError 3] The system cannot find the path specified: 'Y:\\Xi\\Data'

During handling of the above exception, another exception occurred:

Traceback (most recent call last):
  File "C:\Users\Dougl\AppData\Local\Programs\Python\Python313\Lib\pathlib\_local.py", line 722, in mkdir
    os.mkdir(self, mode)
    ~~~~~~~~^^^^^^^^^^^^
FileNotFoundError: [WinError 3] The system cannot find the path specified: 'Y:\\Xi'

During handling of the above exception, another exception occurred:

Traceback (most recent call last):
  File "d:\MLS\server\communications\manager.py", line 1911, in <module>
    mgr = ControlManager()
  File "d:\MLS\server\communications\manager.py", line 650, in __init__
    self.logger = setup_logging(component="manager")
                  ~~~~~~~~~~~~~^^^^^^^^^^^^^^^^^^^^^
  File "d:\MLS\core\logger.py", line 106, in setup_logging
    log_path.parent.mkdir(parents=True, exist_ok=True)
    ~~~~~~~~~~~~~~~~~~~~~^^^^^^^^^^^^^^^^^^^^^^^^^^^^^
  File "C:\Users\Dougl\AppData\Local\Programs\Python\Python313\Lib\pathlib\_local.py", line 726, in mkdir
    self.parent.mkdir(parents=True, exist_ok=True)
    ~~~~~~~~~~~~~~~~~^^^^^^^^^^^^^^^^^^^^^^^^^^^^^
  File "C:\Users\Dougl\AppData\Local\Programs\Python\Python313\Lib\pathlib\_local.py", line 726, in mkdir
    self.parent.mkdir(parents=True, exist_ok=True)
    ~~~~~~~~~~~~~~~~~^^^^^^^^^^^^^^^^^^^^^^^^^^^^^
  File "C:\Users\Dougl\AppData\Local\Programs\Python\Python313\Lib\pathlib\_local.py", line 726, in mkdir
    self.parent.mkdir(parents=True, exist_ok=True)
    ~~~~~~~~~~~~~~~~~^^^^^^^^^^^^^^^^^^^^^^^^^^^^^
  File "C:\Users\Dougl\AppData\Local\Programs\Python\Python313\Lib\pathlib\_local.py", line 722, in mkdir
    os.mkdir(self, mode)
    ~~~~~~~~^^^^^^^^^^^^
FileNotFoundError: [WinError 3] The system cannot find the path specified: 'Y:\\'
Traceback (most recent call last):
  File "C:\Users\Dougl\AppData\Local\Programs\Python\Python313\Lib\pathlib\_local.py", line 722, in mkdir
    os.mkdir(self, mode)
    ~~~~~~~~^^^^^^^^^^^^
FileNotFoundError: [WinError 3] The system cannot find the path specified: 'Y:\\Xi\\Data\\logs'

During handling of the above exception, another exception occurred:

Traceback (most recent call last):
  File "C:\Users\Dougl\AppData\Local\Programs\Python\Python313\Lib\pathlib\_local.py", line 722, in mkdir
    os.mkdir(self, mode)
    ~~~~~~~~^^^^^^^^^^^^
FileNotFoundError: [WinError 3] The system cannot find the path specified: 'Y:\\Xi\\Data'

During handling of the above exception, another exception occurred:

Traceback (most recent call last):
  File "C:\Users\Dougl\AppData\Local\Programs\Python\Python313\Lib\pathlib\_local.py", line 722, in mkdir
    os.mkdir(self, mode)
    ~~~~~~~~^^^^^^^^^^^^
FileNotFoundError: [WinError 3] The system cannot find the path specified: 'Y:\\Xi'

During handling of the above exception, another exception occurred:

Traceback (most recent call last):
  File "d:\MLS\server\communications\manager.py", line 1911, in <module>
    mgr = ControlManager()
  File "d:\MLS\server\communications\manager.py", line 650, in __init__
    self.logger = setup_logging(component="manager")
                  ~~~~~~~~~~~~~^^^^^^^^^^^^^^^^^^^^^
  File "d:\MLS\core\logger.py", line 106, in setup_logging
    log_path.parent.mkdir(parents=True, exist_ok=True)
    ~~~~~~~~~~~~~~~~~~~~~^^^^^^^^^^^^^^^^^^^^^^^^^^^^^
  File "C:\Users\Dougl\AppData\Local\Programs\Python\Python313\Lib\pathlib\_local.py", line 726, in mkdir
    self.parent.mkdir(parents=True, exist_ok=True)
    ~~~~~~~~~~~~~~~~~^^^^^^^^^^^^^^^^^^^^^^^^^^^^^
  File "C:\Users\Dougl\AppData\Local\Programs\Python\Python313\Lib\pathlib\_local.py", line 726, in mkdir
    self.parent.mkdir(parents=True, exist_ok=True)
    ~~~~~~~~~~~~~~~~~^^^^^^^^^^^^^^^^^^^^^^^^^^^^^
  File "C:\Users\Dougl\AppData\Local\Programs\Python\Python313\Lib\pathlib\_local.py", line 726, in mkdir
    self.parent.mkdir(parents=True, exist_ok=True)
    ~~~~~~~~~~~~~~~~~^^^^^^^^^^^^^^^^^^^^^^^^^^^^^
  File "C:\Users\Dougl\AppData\Local\Programs\Python\Python313\Lib\pathlib\_local.py", line 722, in mkdir
    os.mkdir(self, mode)
    ~~~~~~~~^^^^^^^^^^^^
FileNotFoundError: [WinError 3] The system cannot find the path specified: 'Y:\\'
ERROR:root:Fatal error: [WinError 3] The system cannot find the path specified: 'Y:\\'
Traceback (most recent call last):
  File "C:\Users\Dougl\AppData\Local\Programs\Python\Python313\Lib\pathlib\_local.py", line 722, in mkdir
    os.mkdir(self, mode)
    ~~~~~~~~^^^^^^^^^^^^
FileNotFoundError: [WinError 3] The system cannot find the path specified: 'Y:\\Xi\\Data\\logs'

During handling of the above exception, another exception occurred:

Traceback (most recent call last):
  File "C:\Users\Dougl\AppData\Local\Programs\Python\Python313\Lib\pathlib\_local.py", line 722, in mkdir
    os.mkdir(self, mode)
    ~~~~~~~~^^^^^^^^^^^^
FileNotFoundError: [WinError 3] The system cannot find the path specified: 'Y:\\Xi\\Data'

During handling of the above exception, another exception occurred:

Traceback (most recent call last):
  File "C:\Users\Dougl\AppData\Local\Programs\Python\Python313\Lib\pathlib\_local.py", line 722, in mkdir
    os.mkdir(self, mode)
    ~~~~~~~~^^^^^^^^^^^^
FileNotFoundError: [WinError 3] The system cannot find the path specified: 'Y:\\Xi'

During handling of the above exception, another exception occurred:

Traceback (most recent call last):
  File "d:\MLS\server\communications\manager.py", line 1911, in <module>
    mgr = ControlManager()
  File "d:\MLS\server\communications\manager.py", line 650, in __init__
    self.logger = setup_logging(component="manager")
                  ~~~~~~~~~~~~~^^^^^^^^^^^^^^^^^^^^^
  File "d:\MLS\core\logger.py", line 106, in setup_logging
    log_path.parent.mkdir(parents=True, exist_ok=True)
    ~~~~~~~~~~~~~~~~~~~~~^^^^^^^^^^^^^^^^^^^^^^^^^^^^^
  File "C:\Users\Dougl\AppData\Local\Programs\Python\Python313\Lib\pathlib\_local.py", line 726, in mkdir
    self.parent.mkdir(parents=True, exist_ok=True)
    ~~~~~~~~~~~~~~~~~^^^^^^^^^^^^^^^^^^^^^^^^^^^^^
  File "C:\Users\Dougl\AppData\Local\Programs\Python\Python313\Lib\pathlib\_local.py", line 726, in mkdir
    self.parent.mkdir(parents=True, exist_ok=True)
    ~~~~~~~~~~~~~~~~~^^^^^^^^^^^^^^^^^^^^^^^^^^^^^
  File "C:\Users\Dougl\AppData\Local\Programs\Python\Python313\Lib\pathlib\_local.py", line 726, in mkdir
    self.parent.mkdir(parents=True, exist_ok=True)
    ~~~~~~~~~~~~~~~~~^^^^^^^^^^^^^^^^^^^^^^^^^^^^^
  File "C:\Users\Dougl\AppData\Local\Programs\Python\Python313\Lib\pathlib\_local.py", line 722, in mkdir
    os.mkdir(self, mode)
    ~~~~~~~~^^^^^^^^^^^^
FileNotFoundError: [WinError 3] The system cannot find the path specified: 'Y:\\'
Traceback (most recent call last):
  File "C:\Users\Dougl\AppData\Local\Programs\Python\Python313\Lib\pathlib\_local.py", line 722, in mkdir
    os.mkdir(self, mode)
    ~~~~~~~~^^^^^^^^^^^^
FileNotFoundError: [WinError 3] The system cannot find the path specified: 'Y:\\Xi\\Data\\logs'

During handling of the above exception, another exception occurred:

Traceback (most recent call last):
  File "C:\Users\Dougl\AppData\Local\Programs\Python\Python313\Lib\pathlib\_local.py", line 722, in mkdir
    os.mkdir(self, mode)
    ~~~~~~~~^^^^^^^^^^^^
FileNotFoundError: [WinError 3] The system cannot find the path specified: 'Y:\\Xi\\Data'

During handling of the above exception, another exception occurred:

Traceback (most recent call last):
  File "C:\Users\Dougl\AppData\Local\Programs\Python\Python313\Lib\pathlib\_local.py", line 722, in mkdir
    os.mkdir(self, mode)
    ~~~~~~~~^^^^^^^^^^^^
FileNotFoundError: [WinError 3] The system cannot find the path specified: 'Y:\\Xi'

During handling of the above exception, another exception occurred:

Traceback (most recent call last):
  File "d:\MLS\server\communications\manager.py", line 1911, in <module>
    mgr = ControlManager()
  File "d:\MLS\server\communications\manager.py", line 650, in __init__
    self.logger = setup_logging(component="manager")
                  ~~~~~~~~~~~~~^^^^^^^^^^^^^^^^^^^^^
  File "d:\MLS\core\logger.py", line 106, in setup_logging
    log_path.parent.mkdir(parents=True, exist_ok=True)
    ~~~~~~~~~~~~~~~~~~~~~^^^^^^^^^^^^^^^^^^^^^^^^^^^^^
  File "C:\Users\Dougl\AppData\Local\Programs\Python\Python313\Lib\pathlib\_local.py", line 726, in mkdir
    self.parent.mkdir(parents=True, exist_ok=True)
    ~~~~~~~~~~~~~~~~~^^^^^^^^^^^^^^^^^^^^^^^^^^^^^
  File "C:\Users\Dougl\AppData\Local\Programs\Python\Python313\Lib\pathlib\_local.py", line 726, in mkdir
    self.parent.mkdir(parents=True, exist_ok=True)
    ~~~~~~~~~~~~~~~~~^^^^^^^^^^^^^^^^^^^^^^^^^^^^^
  File "C:\Users\Dougl\AppData\Local\Programs\Python\Python313\Lib\pathlib\_local.py", line 726, in mkdir
    self.parent.mkdir(parents=True, exist_ok=True)
    ~~~~~~~~~~~~~~~~~^^^^^^^^^^^^^^^^^^^^^^^^^^^^^
  File "C:\Users\Dougl\AppData\Local\Programs\Python\Python313\Lib\pathlib\_local.py", line 722, in mkdir
    os.mkdir(self, mode)
    ~~~~~~~~^^^^^^^^^^^^
FileNotFoundError: [WinError 3] The system cannot find the path specified: 'Y:\\'
2026-01-31 00:19:38,161 - [manager] - INFO - ============================================================
2026-01-31 00:19:38,162 - [manager] - INFO - Control Manager Starting...
2026-01-31 00:19:38,171 - [manager] - INFO - Client socket bound to port 5557
2026-01-31 00:19:38,173 - [manager] - INFO - Command socket bound to port 5555
2026-01-31 00:19:38,175 - [manager] - INFO - Data socket bound to port 5556 (PULL)
2026-01-31 00:19:38,176 - [manager] - INFO - LabVIEW interface not available (module not found)
2026-01-31 00:19:38,176 - [manager] - INFO - Kill switch callbacks registered
2026-01-31 00:19:38,177 - [manager] - INFO - Camera interface initialized
2026-01-31 00:19:40,224 - [manager] - WARNING - Camera server not available (will retry on demand)
2026-01-31 00:19:40,225 - [manager] - INFO - Worker data listener started
2026-01-31 00:19:40,226 - [manager] - INFO - Turbo coordinator started
2026-01-31 00:19:40,226 - [manager] - INFO - Manager Online. Ready for ARTIQ & Turbo Algorithm.
2026-01-31 00:19:40,226 - [manager] - INFO - Entering main request loop...
2026-01-31 00:19:57,318 - [manager] - INFO - ============================================================
2026-01-31 00:19:57,319 - [manager] - INFO - Control Manager Starting...
2026-01-31 00:19:57,329 - [manager] - INFO - Client socket bound to port 5557
2026-01-31 00:19:57,331 - [manager] - INFO - Command socket bound to port 5555
2026-01-31 00:19:57,333 - [manager] - INFO - Data socket bound to port 5556 (PULL)
2026-01-31 00:19:57,334 - [manager] - INFO - LabVIEW interface not available (module not found)
2026-01-31 00:19:57,334 - [manager] - INFO - Kill switch callbacks registered
2026-01-31 00:19:57,335 - [manager] - INFO - Camera interface initialized
Camera server not available at 127.0.0.1:5558
2026-01-31 00:19:59,379 - [manager] - WARNING - Camera server not available (will retry on demand)
2026-01-31 00:19:59,380 - [manager] - INFO - Worker data listener started
2026-01-31 00:19:59,381 - [manager] - INFO - Turbo coordinator started
2026-01-31 00:19:59,381 - [manager] - INFO - Manager Online. Ready for ARTIQ & Turbo Algorithm.
2026-01-31 00:19:59,381 - [manager] - INFO - Entering main request loop...
2026-01-31 00:21:19,810 - [manager] - INFO - ============================================================
2026-01-31 00:21:19,811 - [manager] - INFO - Control Manager Starting...
ERROR:root:Fatal error: Address in use (addr='tcp://*:5557')
Traceback (most recent call last):
  File "D:\MLS\server\communications\manager.py", line 1911, in <module>
    mgr = ControlManager()
          ^^^^^^^^^^^^^^^^
  File "D:\MLS\server\communications\manager.py", line 664, in __init__
    self._setup_sockets()
  File "D:\MLS\server\communications\manager.py", line 886, in _setup_sockets
    self.client_socket.bind(f"tcp://*:{self.client_port}")
  File "C:\Users\Dougl\AppData\Local\Programs\Python\Python312\Lib\site-packages\zmq\sugar\socket.py", line 320, in bind
    super().bind(addr)
  File "_zmq.py", line 942, in zmq.backend.cython._zmq.Socket.bind
  File "_zmq.py", line 180, in zmq.backend.cython._zmq._check_rc
zmq.error.ZMQError: Address in use (addr='tcp://*:5557')
Traceback (most recent call last):
  File "D:\MLS\server\communications\manager.py", line 1911, in <module>
    mgr = ControlManager()
          ^^^^^^^^^^^^^^^^
  File "D:\MLS\server\communications\manager.py", line 664, in __init__
    self._setup_sockets()
  File "D:\MLS\server\communications\manager.py", line 886, in _setup_sockets
    self.client_socket.bind(f"tcp://*:{self.client_port}")
  File "C:\Users\Dougl\AppData\Local\Programs\Python\Python312\Lib\site-packages\zmq\sugar\socket.py", line 320, in bind
    super().bind(addr)
  File "_zmq.py", line 942, in zmq.backend.cython._zmq.Socket.bind
  File "_zmq.py", line 180, in zmq.backend.cython._zmq._check_rc
zmq.error.ZMQError: Address in use (addr='tcp://*:5557')
2026-01-31 00:24:29,423 - [manager] - INFO - ============================================================
2026-01-31 00:24:29,424 - [manager] - INFO - Control Manager Starting...
ERROR:root:Fatal error: Address in use (addr='tcp://*:5557')
Traceback (most recent call last):
  File "D:\MLS\server\communications\manager.py", line 1911, in <module>
    mgr = ControlManager()
          ^^^^^^^^^^^^^^^^
  File "D:\MLS\server\communications\manager.py", line 664, in __init__
    self._setup_sockets()
  File "D:\MLS\server\communications\manager.py", line 886, in _setup_sockets
    self.client_socket.bind(f"tcp://*:{self.client_port}")
  File "C:\Users\Dougl\AppData\Local\Programs\Python\Python312\Lib\site-packages\zmq\sugar\socket.py", line 320, in bind
    super().bind(addr)
  File "_zmq.py", line 942, in zmq.backend.cython._zmq.Socket.bind
  File "_zmq.py", line 180, in zmq.backend.cython._zmq._check_rc
zmq.error.ZMQError: Address in use (addr='tcp://*:5557')
Traceback (most recent call last):
  File "D:\MLS\server\communications\manager.py", line 1911, in <module>
    mgr = ControlManager()
          ^^^^^^^^^^^^^^^^
  File "D:\MLS\server\communications\manager.py", line 664, in __init__
    self._setup_sockets()
  File "D:\MLS\server\communications\manager.py", line 886, in _setup_sockets
    self.client_socket.bind(f"tcp://*:{self.client_port}")
  File "C:\Users\Dougl\AppData\Local\Programs\Python\Python312\Lib\site-packages\zmq\sugar\socket.py", line 320, in bind
    super().bind(addr)
  File "_zmq.py", line 942, in zmq.backend.cython._zmq.Socket.bind
  File "_zmq.py", line 180, in zmq.backend.cython._zmq._check_rc
zmq.error.ZMQError: Address in use (addr='tcp://*:5557')
2026-01-31 00:24:43,963 - [manager] - INFO - ============================================================
2026-01-31 00:24:43,963 - [manager] - INFO - Control Manager Starting...
ERROR:root:Fatal error: Address in use (addr='tcp://*:5557')
Traceback (most recent call last):
  File "D:\MLS\server\communications\manager.py", line 1911, in <module>
    mgr = ControlManager()
          ^^^^^^^^^^^^^^^^
  File "D:\MLS\server\communications\manager.py", line 664, in __init__
    self._setup_sockets()
  File "D:\MLS\server\communications\manager.py", line 886, in _setup_sockets
    self.client_socket.bind(f"tcp://*:{self.client_port}")
  File "C:\Users\Dougl\AppData\Local\Programs\Python\Python312\Lib\site-packages\zmq\sugar\socket.py", line 320, in bind
    super().bind(addr)
  File "_zmq.py", line 942, in zmq.backend.cython._zmq.Socket.bind
  File "_zmq.py", line 180, in zmq.backend.cython._zmq._check_rc
zmq.error.ZMQError: Address in use (addr='tcp://*:5557')
Traceback (most recent call last):
  File "D:\MLS\server\communications\manager.py", line 1911, in <module>
    mgr = ControlManager()
          ^^^^^^^^^^^^^^^^
  File "D:\MLS\server\communications\manager.py", line 664, in __init__
    self._setup_sockets()
  File "D:\MLS\server\communications\manager.py", line 886, in _setup_sockets
    self.client_socket.bind(f"tcp://*:{self.client_port}")
  File "C:\Users\Dougl\AppData\Local\Programs\Python\Python312\Lib\site-packages\zmq\sugar\socket.py", line 320, in bind
    super().bind(addr)
  File "_zmq.py", line 942, in zmq.backend.cython._zmq.Socket.bind
  File "_zmq.py", line 180, in zmq.backend.cython._zmq._check_rc
zmq.error.ZMQError: Address in use (addr='tcp://*:5557')
2026-01-31 00:28:33,891 - [manager] - INFO - ============================================================
2026-01-31 00:28:33,891 - [manager] - INFO - Control Manager Starting...
ERROR:root:Fatal error: Address in use (addr='tcp://*:5557')
Traceback (most recent call last):
  File "D:\MLS\server\communications\manager.py", line 1911, in <module>
    mgr = ControlManager()
          ^^^^^^^^^^^^^^^^
  File "D:\MLS\server\communications\manager.py", line 664, in __init__
    self._setup_sockets()
  File "D:\MLS\server\communications\manager.py", line 886, in _setup_sockets
    self.client_socket.bind(f"tcp://*:{self.client_port}")
  File "C:\Users\Dougl\AppData\Local\Programs\Python\Python312\Lib\site-packages\zmq\sugar\socket.py", line 320, in bind
    super().bind(addr)
  File "_zmq.py", line 942, in zmq.backend.cython._zmq.Socket.bind
  File "_zmq.py", line 180, in zmq.backend.cython._zmq._check_rc
zmq.error.ZMQError: Address in use (addr='tcp://*:5557')
Traceback (most recent call last):
  File "D:\MLS\server\communications\manager.py", line 1911, in <module>
    mgr = ControlManager()
          ^^^^^^^^^^^^^^^^
  File "D:\MLS\server\communications\manager.py", line 664, in __init__
    self._setup_sockets()
  File "D:\MLS\server\communications\manager.py", line 886, in _setup_sockets
    self.client_socket.bind(f"tcp://*:{self.client_port}")
  File "C:\Users\Dougl\AppData\Local\Programs\Python\Python312\Lib\site-packages\zmq\sugar\socket.py", line 320, in bind
    super().bind(addr)
  File "_zmq.py", line 942, in zmq.backend.cython._zmq.Socket.bind
  File "_zmq.py", line 180, in zmq.backend.cython._zmq._check_rc
zmq.error.ZMQError: Address in use (addr='tcp://*:5557')
2026-01-31 00:28:43,749 - [manager] - INFO - ============================================================
2026-01-31 00:28:43,749 - [manager] - INFO - Control Manager Starting...
ERROR:root:Fatal error: Address in use (addr='tcp://*:5557')
Traceback (most recent call last):
  File "D:\MLS\server\communications\manager.py", line 1911, in <module>
    mgr = ControlManager()
          ^^^^^^^^^^^^^^^^
  File "D:\MLS\server\communications\manager.py", line 664, in __init__
    self._setup_sockets()
  File "D:\MLS\server\communications\manager.py", line 886, in _setup_sockets
    self.client_socket.bind(f"tcp://*:{self.client_port}")
  File "C:\Users\Dougl\AppData\Local\Programs\Python\Python312\Lib\site-packages\zmq\sugar\socket.py", line 320, in bind
    super().bind(addr)
  File "_zmq.py", line 942, in zmq.backend.cython._zmq.Socket.bind
  File "_zmq.py", line 180, in zmq.backend.cython._zmq._check_rc
zmq.error.ZMQError: Address in use (addr='tcp://*:5557')
Traceback (most recent call last):
  File "D:\MLS\server\communications\manager.py", line 1911, in <module>
    mgr = ControlManager()
          ^^^^^^^^^^^^^^^^
  File "D:\MLS\server\communications\manager.py", line 664, in __init__
    self._setup_sockets()
  File "D:\MLS\server\communications\manager.py", line 886, in _setup_sockets
    self.client_socket.bind(f"tcp://*:{self.client_port}")
  File "C:\Users\Dougl\AppData\Local\Programs\Python\Python312\Lib\site-packages\zmq\sugar\socket.py", line 320, in bind
    super().bind(addr)
  File "_zmq.py", line 942, in zmq.backend.cython._zmq.Socket.bind
  File "_zmq.py", line 180, in zmq.backend.cython._zmq._check_rc
zmq.error.ZMQError: Address in use (addr='tcp://*:5557')
2026-01-31 00:28:54,242 - [manager] - INFO - ============================================================
2026-01-31 00:28:54,242 - [manager] - INFO - Control Manager Starting...
ERROR:root:Fatal error: Address in use (addr='tcp://*:5557')
Traceback (most recent call last):
  File "D:\MLS\server\communications\manager.py", line 1911, in <module>
    mgr = ControlManager()
          ^^^^^^^^^^^^^^^^
  File "D:\MLS\server\communications\manager.py", line 664, in __init__
    self._setup_sockets()
  File "D:\MLS\server\communications\manager.py", line 886, in _setup_sockets
    self.client_socket.bind(f"tcp://*:{self.client_port}")
  File "C:\Users\Dougl\AppData\Local\Programs\Python\Python312\Lib\site-packages\zmq\sugar\socket.py", line 320, in bind
    super().bind(addr)
  File "_zmq.py", line 942, in zmq.backend.cython._zmq.Socket.bind
  File "_zmq.py", line 180, in zmq.backend.cython._zmq._check_rc
zmq.error.ZMQError: Address in use (addr='tcp://*:5557')
Traceback (most recent call last):
  File "D:\MLS\server\communications\manager.py", line 1911, in <module>
    mgr = ControlManager()
          ^^^^^^^^^^^^^^^^
  File "D:\MLS\server\communications\manager.py", line 664, in __init__
    self._setup_sockets()
  File "D:\MLS\server\communications\manager.py", line 886, in _setup_sockets
    self.client_socket.bind(f"tcp://*:{self.client_port}")
  File "C:\Users\Dougl\AppData\Local\Programs\Python\Python312\Lib\site-packages\zmq\sugar\socket.py", line 320, in bind
    super().bind(addr)
  File "_zmq.py", line 942, in zmq.backend.cython._zmq.Socket.bind
  File "_zmq.py", line 180, in zmq.backend.cython._zmq._check_rc
zmq.error.ZMQError: Address in use (addr='tcp://*:5557')
2026-01-31 00:29:06,722 - [manager] - INFO - ============================================================
2026-01-31 00:29:06,722 - [manager] - INFO - Control Manager Starting...
2026-01-31 00:29:06,731 - [manager] - INFO - Client socket bound to port 5557
2026-01-31 00:29:06,734 - [manager] - INFO - Command socket bound to port 5555
2026-01-31 00:29:06,735 - [manager] - INFO - Data socket bound to port 5556 (PULL)
2026-01-31 00:29:06,736 - [manager] - INFO - LabVIEW interface not available (module not found)
2026-01-31 00:29:06,737 - [manager] - INFO - Kill switch callbacks registered
2026-01-31 00:29:06,737 - [manager] - INFO - Camera interface initialized
2026-01-31 00:29:06,739 - [manager] - WARNING - Camera server not available (will retry on demand)
2026-01-31 00:29:06,739 - [manager] - INFO - Worker data listener started
2026-01-31 00:29:06,740 - [manager] - INFO - Turbo coordinator started
2026-01-31 00:29:06,740 - [manager] - INFO - Manager Online. Ready for ARTIQ & Turbo Algorithm.
2026-01-31 00:29:06,740 - [manager] - INFO - Entering main request loop...
2026-01-31 00:30:48,440 - [manager] - INFO - ============================================================
2026-01-31 00:30:48,441 - [manager] - INFO - Control Manager Starting...
2026-01-31 00:30:48,448 - [manager] - INFO - Client socket bound to port 5557
2026-01-31 00:30:48,449 - [manager] - INFO - Command socket bound to port 5555
2026-01-31 00:30:48,452 - [manager] - INFO - Data socket bound to port 5556 (PULL)
2026-01-31 00:30:48,452 - [manager] - INFO - LabVIEW interface not available (module not found)
2026-01-31 00:30:48,452 - [manager] - INFO - Kill switch callbacks registered
2026-01-31 00:30:48,453 - [manager] - INFO - Camera interface initialized
2026-01-31 00:30:48,455 - [manager] - WARNING - Camera server not available (will retry on demand)
2026-01-31 00:30:48,456 - [manager] - INFO - Worker data listener started
2026-01-31 00:30:48,456 - [manager] - INFO - Turbo coordinator started
2026-01-31 00:30:48,456 - [manager] - INFO - Manager Online. Ready for ARTIQ & Turbo Algorithm.
2026-01-31 00:30:48,457 - [manager] - INFO - Entering main request loop...
2026-01-31 00:31:12,316 - [manager] - INFO - Request from FLASK: STATUS
2026-01-31 00:31:47,373 - [manager] - INFO - Request from FLASK_EGUN: SET
KILL SWITCH ARMED for e_gun (limit: 10.0s)
2026-01-31 00:31:48,745 - [manager] - INFO - Request from FLASK_EGUN: SET
2026-01-31 00:31:49,569 - [manager] - INFO - Request from USER: SET
2026-01-31 00:31:50,179 - [manager] - INFO - Request from USER: SET
2026-01-31 00:31:50,656 - [manager] - INFO - Request from USER: SET
2026-01-31 00:31:53,128 - [manager] - INFO - Request from FLASK_PIEZO: SET
2026-01-31 00:31:54,621 - [manager] - INFO - Request from FLASK_PIEZO: SET
2026-01-31 00:31:55,815 - [manager] - INFO - Request from USER: SET
2026-01-31 00:31:56,157 - [manager] - INFO - Request from USER: SET
2026-01-31 00:31:56,652 - [manager] - INFO - Request from USER: SET
2026-01-31 00:31:56,807 - [manager] - INFO - Request from USER: SET
2026-01-31 00:31:57,594 - [manager] - INFO - Request from USER: SET
2026-01-31 00:32:04,130 - [manager] - INFO - Request from USER: SET
2026-01-31 00:32:04,554 - [manager] - INFO - Request from USER: SET
2026-01-31 00:32:04,719 - [manager] - INFO - Request from USER: SET
2026-01-31 00:32:04,891 - [manager] - INFO - Request from USER: SET
2026-01-31 00:32:05,049 - [manager] - INFO - Request from USER: SET
2026-01-31 00:32:05,217 - [manager] - INFO - Request from USER: SET
2026-01-31 00:32:15,974 - [manager] - INFO - Request from USER: SET
2026-01-31 00:32:18,732 - [manager] - INFO - Request from USER: SET
2026-02-01 17:31:52,178 - [manager] - INFO - ============================================================
2026-02-01 17:31:52,179 - [manager] - INFO - Control Manager Starting...
2026-02-01 17:31:52,186 - [manager] - INFO - Client socket bound to port 5557
2026-02-01 17:31:52,187 - [manager] - INFO - Command socket bound to port 5555
2026-02-01 17:31:52,188 - [manager] - INFO - Data socket bound to port 5556 (PULL)
2026-02-01 17:31:52,188 - [manager] - INFO - LabVIEW interface not available (module not found)
2026-02-01 17:31:52,189 - [manager] - INFO - Kill switch callbacks registered
2026-02-01 17:31:52,189 - [manager] - INFO - Camera interface initialized
Camera server not available at 127.0.0.1:5558
2026-02-01 17:31:54,244 - [manager] - WARNING - Camera server not available (will retry on demand)
2026-02-01 17:31:54,244 - [manager] - INFO - Worker data listener started
2026-02-01 17:31:54,246 - [manager] - INFO - Turbo coordinator started
2026-02-01 17:31:54,246 - [manager] - INFO - Manager Online. Ready for ARTIQ & Turbo Algorithm.
2026-02-01 17:31:54,249 - [manager] - INFO - Entering main request loop...
2026-02-01 17:33:18,479 - [manager] - INFO - ============================================================
2026-02-01 17:33:18,479 - [manager] - INFO - Control Manager Starting...
2026-02-01 17:33:18,483 - [manager] - INFO - Client socket bound to port 5557
2026-02-01 17:33:18,484 - [manager] - INFO - Command socket bound to port 5555
2026-02-01 17:33:18,485 - [manager] - INFO - Data socket bound to port 5556 (PULL)
2026-02-01 17:33:18,486 - [manager] - INFO - LabVIEW interface not available (module not found)
2026-02-01 17:33:18,486 - [manager] - INFO - Kill switch callbacks registered
2026-02-01 17:33:18,486 - [manager] - INFO - Camera interface initialized
2026-02-01 17:33:18,488 - [manager] - WARNING - Camera server not available (will retry on demand)
2026-02-01 17:33:18,488 - [manager] - INFO - Worker data listener started
2026-02-01 17:33:18,490 - [manager] - INFO - Turbo coordinator started
2026-02-01 17:33:18,490 - [manager] - INFO - Manager Online. Ready for ARTIQ & Turbo Algorithm.
2026-02-01 17:33:18,490 - [manager] - INFO - Entering main request loop...
2026-02-01 17:33:30,204 - [manager] - INFO - Request from FLASK: STATUS
2026-02-01 17:34:14,151 - [manager] - INFO - Request from USER: SET
2026-02-01 17:34:14,878 - [manager] - INFO - Request from USER: SET
2026-02-01 17:34:15,890 - [manager] - INFO - Request from USER: SET
2026-02-01 17:34:20,233 - [manager] - INFO - Request from USER: SET
2026-02-01 17:34:23,258 - [manager] - INFO - Request from USER: SET
2026-02-01 17:34:24,004 - [manager] - INFO - Request from USER: SET
2026-02-01 17:34:24,392 - [manager] - INFO - Request from USER: SET
2026-02-01 17:34:25,228 - [manager] - INFO - Request from FLASK_EGUN: SET
KILL SWITCH ARMED for e_gun (limit: 10.0s)
2026-02-01 17:34:25,838 - [manager] - INFO - Request from FLASK_EGUN: SET
2026-02-01 18:49:47,036 - [manager] - INFO - ============================================================
2026-02-01 18:49:47,036 - [manager] - INFO - Control Manager Starting...
2026-02-01 18:49:47,041 - [manager] - INFO - Client socket bound to port 5557
2026-02-01 18:49:47,042 - [manager] - INFO - Command socket bound to port 5555
2026-02-01 18:49:47,042 - [manager] - INFO - Data socket bound to port 5556 (PULL)
2026-02-01 18:49:47,043 - [manager] - INFO - LabVIEW interface not available (module not found)
2026-02-01 18:49:47,043 - [manager] - INFO - Kill switch callbacks registered
2026-02-01 18:49:47,043 - [manager] - INFO - Camera interface initialized
2026-02-01 18:49:47,045 - [manager] - WARNING - Camera server not available (will retry on demand)
2026-02-01 18:49:47,054 - [manager] - INFO - Optimizer controller initialized
2026-02-01 18:49:47,054 - [manager] - INFO - Worker data listener started
2026-02-01 18:49:47,055 - [manager] - INFO - Turbo coordinator started
2026-02-01 18:49:47,055 - [manager] - INFO - Manager Online. Ready for ARTIQ & Turbo Algorithm.
2026-02-01 18:49:47,055 - [manager] - INFO - Entering main request loop...
2026-02-01 18:49:51,463 - [manager] - INFO - Request from FLASK: STATUS
2026-02-01 21:09:42,611 - [manager] - INFO - ============================================================
2026-02-01 21:09:42,612 - [manager] - INFO - Control Manager Starting...
2026-02-01 21:09:42,622 - [manager] - INFO - Client socket bound to port 5557
2026-02-01 21:09:42,624 - [manager] - INFO - Command socket bound to port 5555
2026-02-01 21:09:42,626 - [manager] - INFO - Data socket bound to port 5556 (PULL)
2026-02-01 21:09:42,627 - [manager] - INFO - LabVIEW interface not available (module not found)
2026-02-01 21:09:42,627 - [manager] - INFO - Kill switch callbacks registered
2026-02-01 21:09:42,628 - [manager] - INFO - Camera interface initialized
2026-02-01 21:09:42,649 - [manager] - WARNING - Camera server not available (will retry on demand)
2026-02-01 21:09:42,650 - [manager] - INFO - Optimizer controller not available
2026-02-01 21:09:42,652 - [manager] - INFO - Worker data listener started
2026-02-01 21:09:42,653 - [manager] - INFO - Turbo coordinator started
2026-02-01 21:09:42,653 - [manager] - INFO - Manager Online. Ready for ARTIQ & Turbo Algorithm.
2026-02-01 21:09:42,654 - [manager] - INFO - Entering main request loop...
2026-02-01 21:10:14,969 - [manager] - INFO - Request from FLASK: STATUS
2026-02-01 21:22:37,002 - [manager] - INFO - Request from FLASK: STATUS
2026-02-02 09:05:30,491 - [manager] - INFO - Request from FLASK: STATUS
 (addr='tcp://*:5557')
Traceback (most recent call last):
  File "d:\MLS\server\communications\manager.py", line 2243, in <module>
    mgr = ControlManager()
  File "d:\MLS\server\communications\manager.py", line 675, in __init__
    self._setup_sockets()
    ~~~~~~~~~~~~~~~~~~~^^
  File "d:\MLS\server\communications\manager.py", line 900, in _setup_sockets
    self.client_socket.bind(f"tcp://*:{self.client_port}")
    ~~~~~~~~~~~~~~~~~~~~~~~^^^^^^^^^^^^^^^^^^^^^^^^^^^^^^^
  File "C:\Users\Dougl\AppData\Local\Programs\Python\Python313\Lib\site-packages\zmq\sugar\socket.py", line 320, in bind
    super().bind(addr)
    ~~~~~~~~~~~~^^^^^^
  File "zmq/backend/cython/_zmq.py", line 1009, in zmq.backend.cython._zmq.Socket.bind
    _check_rc(rc)
    
  File "zmq/backend/cython/_zmq.py", line 190, in zmq.backend.cython._zmq._check_rc
    raise ZMQError(errno)
    
zmq.error.ZMQError: Address in use (addr='tcp://*:5557')
Traceback (most recent call last):
  File "d:\MLS\server\communications\manager.py", line 2243, in <module>
    mgr = ControlManager()
  File "d:\MLS\server\communications\manager.py", line 675, in __init__
    self._setup_sockets()
    ~~~~~~~~~~~~~~~~~~~^^
  File "d:\MLS\server\communications\manager.py", line 900, in _setup_sockets
    self.client_socket.bind(f"tcp://*:{self.client_port}")
    ~~~~~~~~~~~~~~~~~~~~~~~^^^^^^^^^^^^^^^^^^^^^^^^^^^^^^^
  File "C:\Users\Dougl\AppData\Local\Programs\Python\Python313\Lib\site-packages\zmq\sugar\socket.py", line 320, in bind
    super().bind(addr)
    ~~~~~~~~~~~~^^^^^^
  File "zmq/backend/cython/_zmq.py", line 1009, in zmq.backend.cython._zmq.Socket.bind
    _check_rc(rc)
    
  File "zmq/backend/cython/_zmq.py", line 190, in zmq.backend.cython._zmq._check_rc
    raise ZMQError(errno)
    
zmq.error.ZMQError: Address in use (addr='tcp://*:5557')
2026-02-01 21:10:14,969 - [manager] - INFO - Request from FLASK: STATUS
2026-02-01 21:10:18,341 - [manager] - INFO - ============================================================
2026-02-01 21:10:18,341 - [manager] - INFO - Control Manager Starting...
ERROR:root:Fatal error: Address in use (addr='tcp://*:5557')
Traceback (most recent call last):
  File "d:\MLS\server\communications\manager.py", line 2243, in <module>
    mgr = ControlManager()
  File "d:\MLS\server\communications\manager.py", line 675, in __init__
    self._setup_sockets()
    ~~~~~~~~~~~~~~~~~~~^^
  File "d:\MLS\server\communications\manager.py", line 900, in _setup_sockets
    self.client_socket.bind(f"tcp://*:{self.client_port}")
    ~~~~~~~~~~~~~~~~~~~~~~~^^^^^^^^^^^^^^^^^^^^^^^^^^^^^^^
  File "C:\Users\Dougl\AppData\Local\Programs\Python\Python313\Lib\site-packages\zmq\sugar\socket.py", line 320, in bind
    super().bind(addr)
    ~~~~~~~~~~~~^^^^^^
  File "zmq/backend/cython/_zmq.py", line 1009, in zmq.backend.cython._zmq.Socket.bind
    _check_rc(rc)
    
  File "zmq/backend/cython/_zmq.py", line 190, in zmq.backend.cython._zmq._check_rc
    raise ZMQError(errno)
    
zmq.error.ZMQError: Address in use (addr='tcp://*:5557')
Traceback (most recent call last):
  File "d:\MLS\server\communications\manager.py", line 2243, in <module>
    mgr = ControlManager()
  File "d:\MLS\server\communications\manager.py", line 675, in __init__
    self._setup_sockets()
    ~~~~~~~~~~~~~~~~~~~^^
  File "d:\MLS\server\communications\manager.py", line 900, in _setup_sockets
    self.client_socket.bind(f"tcp://*:{self.client_port}")
    ~~~~~~~~~~~~~~~~~~~~~~~^^^^^^^^^^^^^^^^^^^^^^^^^^^^^^^
  File "C:\Users\Dougl\AppData\Local\Programs\Python\Python313\Lib\site-packages\zmq\sugar\socket.py", line 320, in bind
    super().bind(addr)
    ~~~~~~~~~~~~^^^^^^
  File "zmq/backend/cython/_zmq.py", line 1009, in zmq.backend.cython._zmq.Socket.bind
    _check_rc(rc)
    
  File "zmq/backend/cython/_zmq.py", line 190, in zmq.backend.cython._zmq._check_rc
    raise ZMQError(errno)
    
zmq.error.ZMQError: Address in use (addr='tcp://*:5557')
2026-02-01 21:10:28,839 - [manager] - INFO - ============================================================
2026-02-01 21:10:28,839 - [manager] - INFO - Control Manager Starting...
ERROR:root:Fatal error: Address in use (addr='tcp://*:5557')
Traceback (most recent call last):
  File "d:\MLS\server\communications\manager.py", line 2243, in <module>
    mgr = ControlManager()
  File "d:\MLS\server\communications\manager.py", line 675, in __init__
    self._setup_sockets()
    ~~~~~~~~~~~~~~~~~~~^^
  File "d:\MLS\server\communications\manager.py", line 900, in _setup_sockets
    self.client_socket.bind(f"tcp://*:{self.client_port}")
    ~~~~~~~~~~~~~~~~~~~~~~~^^^^^^^^^^^^^^^^^^^^^^^^^^^^^^^
  File "C:\Users\Dougl\AppData\Local\Programs\Python\Python313\Lib\site-packages\zmq\sugar\socket.py", line 320, in bind
    super().bind(addr)
    ~~~~~~~~~~~~^^^^^^
  File "zmq/backend/cython/_zmq.py", line 1009, in zmq.backend.cython._zmq.Socket.bind
    _check_rc(rc)
    
  File "zmq/backend/cython/_zmq.py", line 190, in zmq.backend.cython._zmq._check_rc
    raise ZMQError(errno)
    
zmq.error.ZMQError: Address in use (addr='tcp://*:5557')
Traceback (most recent call last):
  File "d:\MLS\server\communications\manager.py", line 2243, in <module>
    mgr = ControlManager()
  File "d:\MLS\server\communications\manager.py", line 675, in __init__
    self._setup_sockets()
    ~~~~~~~~~~~~~~~~~~~^^
  File "d:\MLS\server\communications\manager.py", line 900, in _setup_sockets
    self.client_socket.bind(f"tcp://*:{self.client_port}")
    ~~~~~~~~~~~~~~~~~~~~~~~^^^^^^^^^^^^^^^^^^^^^^^^^^^^^^^
  File "C:\Users\Dougl\AppData\Local\Programs\Python\Python313\Lib\site-packages\zmq\sugar\socket.py", line 320, in bind
    super().bind(addr)
    ~~~~~~~~~~~~^^^^^^
  File "zmq/backend/cython/_zmq.py", line 1009, in zmq.backend.cython._zmq.Socket.bind
    _check_rc(rc)
    
  File "zmq/backend/cython/_zmq.py", line 190, in zmq.backend.cython._zmq._check_rc
    raise ZMQError(errno)
    
zmq.error.ZMQError: Address in use (addr='tcp://*:5557')
2026-02-01 21:10:39,415 - [manager] - INFO - ============================================================
2026-02-01 21:10:39,416 - [manager] - INFO - Control Manager Starting...
ERROR:root:Fatal error: Address in use (addr='tcp://*:5557')
Traceback (most recent call last):
  File "d:\MLS\server\communications\manager.py", line 2243, in <module>
    mgr = ControlManager()
  File "d:\MLS\server\communications\manager.py", line 675, in __init__
    self._setup_sockets()
    ~~~~~~~~~~~~~~~~~~~^^
  File "d:\MLS\server\communications\manager.py", line 900, in _setup_sockets
    self.client_socket.bind(f"tcp://*:{self.client_port}")
    ~~~~~~~~~~~~~~~~~~~~~~~^^^^^^^^^^^^^^^^^^^^^^^^^^^^^^^
  File "C:\Users\Dougl\AppData\Local\Programs\Python\Python313\Lib\site-packages\zmq\sugar\socket.py", line 320, in bind
    super().bind(addr)
    ~~~~~~~~~~~~^^^^^^
  File "zmq/backend/cython/_zmq.py", line 1009, in zmq.backend.cython._zmq.Socket.bind
    _check_rc(rc)
    
  File "zmq/backend/cython/_zmq.py", line 190, in zmq.backend.cython._zmq._check_rc
    raise ZMQError(errno)
    
zmq.error.ZMQError: Address in use (addr='tcp://*:5557')
Traceback (most recent call last):
  File "d:\MLS\server\communications\manager.py", line 2243, in <module>
    mgr = ControlManager()
  File "d:\MLS\server\communications\manager.py", line 675, in __init__
    self._setup_sockets()
    ~~~~~~~~~~~~~~~~~~~^^
  File "d:\MLS\server\communications\manager.py", line 900, in _setup_sockets
    self.client_socket.bind(f"tcp://*:{self.client_port}")
    ~~~~~~~~~~~~~~~~~~~~~~~^^^^^^^^^^^^^^^^^^^^^^^^^^^^^^^
  File "C:\Users\Dougl\AppData\Local\Programs\Python\Python313\Lib\site-packages\zmq\sugar\socket.py", line 320, in bind
    super().bind(addr)
    ~~~~~~~~~~~~^^^^^^
  File "zmq/backend/cython/_zmq.py", line 1009, in zmq.backend.cython._zmq.Socket.bind
    _check_rc(rc)
    
  File "zmq/backend/cython/_zmq.py", line 190, in zmq.backend.cython._zmq._check_rc
    raise ZMQError(errno)
    
zmq.error.ZMQError: Address in use (addr='tcp://*:5557')
2026-02-01 21:22:33,011 - [manager] - INFO - ============================================================
2026-02-01 21:22:33,012 - [manager] - INFO - Control Manager Starting...
ERROR:root:Fatal error: Address in use (addr='tcp://*:5557')
Traceback (most recent call last):
  File "d:\MLS\server\communications\manager.py", line 2243, in <module>
    mgr = ControlManager()
  File "d:\MLS\server\communications\manager.py", line 675, in __init__
    self._setup_sockets()
    ~~~~~~~~~~~~~~~~~~~^^
  File "d:\MLS\server\communications\manager.py", line 900, in _setup_sockets
    self.client_socket.bind(f"tcp://*:{self.client_port}")
    ~~~~~~~~~~~~~~~~~~~~~~~^^^^^^^^^^^^^^^^^^^^^^^^^^^^^^^
  File "C:\Users\Dougl\AppData\Local\Programs\Python\Python313\Lib\site-packages\zmq\sugar\socket.py", line 320, in bind
    super().bind(addr)
    ~~~~~~~~~~~~^^^^^^
  File "zmq/backend/cython/_zmq.py", line 1009, in zmq.backend.cython._zmq.Socket.bind
    _check_rc(rc)
    
  File "zmq/backend/cython/_zmq.py", line 190, in zmq.backend.cython._zmq._check_rc
    raise ZMQError(errno)
    
zmq.error.ZMQError: Address in use (addr='tcp://*:5557')
Traceback (most recent call last):
  File "d:\MLS\server\communications\manager.py", line 2243, in <module>
    mgr = ControlManager()
  File "d:\MLS\server\communications\manager.py", line 675, in __init__
    self._setup_sockets()
    ~~~~~~~~~~~~~~~~~~~^^
  File "d:\MLS\server\communications\manager.py", line 900, in _setup_sockets
    self.client_socket.bind(f"tcp://*:{self.client_port}")
    ~~~~~~~~~~~~~~~~~~~~~~~^^^^^^^^^^^^^^^^^^^^^^^^^^^^^^^
  File "C:\Users\Dougl\AppData\Local\Programs\Python\Python313\Lib\site-packages\zmq\sugar\socket.py", line 320, in bind
    super().bind(addr)
    ~~~~~~~~~~~~^^^^^^
  File "zmq/backend/cython/_zmq.py", line 1009, in zmq.backend.cython._zmq.Socket.bind
    _check_rc(rc)
    
  File "zmq/backend/cython/_zmq.py", line 190, in zmq.backend.cython._zmq._check_rc
    raise ZMQError(errno)
    
zmq.error.ZMQError: Address in use (addr='tcp://*:5557')
2026-02-01 21:22:37,002 - [manager] - INFO - Request from FLASK: STATUS
2026-02-01 21:22:47,552 - [manager] - INFO - ============================================================
2026-02-01 21:22:47,552 - [manager] - INFO - Control Manager Starting...
ERROR:root:Fatal error: Address in use (addr='tcp://*:5557')
Traceback (most recent call last):
  File "d:\MLS\server\communications\manager.py", line 2243, in <module>
    mgr = ControlManager()
  File "d:\MLS\server\communications\manager.py", line 675, in __init__
    self._setup_sockets()
    ~~~~~~~~~~~~~~~~~~~^^
  File "d:\MLS\server\communications\manager.py", line 900, in _setup_sockets
    self.client_socket.bind(f"tcp://*:{self.client_port}")
    ~~~~~~~~~~~~~~~~~~~~~~~^^^^^^^^^^^^^^^^^^^^^^^^^^^^^^^
  File "C:\Users\Dougl\AppData\Local\Programs\Python\Python313\Lib\site-packages\zmq\sugar\socket.py", line 320, in bind
    super().bind(addr)
    ~~~~~~~~~~~~^^^^^^
  File "zmq/backend/cython/_zmq.py", line 1009, in zmq.backend.cython._zmq.Socket.bind
    _check_rc(rc)
    
  File "zmq/backend/cython/_zmq.py", line 190, in zmq.backend.cython._zmq._check_rc
    raise ZMQError(errno)
    
zmq.error.ZMQError: Address in use (addr='tcp://*:5557')
Traceback (most recent call last):
  File "d:\MLS\server\communications\manager.py", line 2243, in <module>
    mgr = ControlManager()
  File "d:\MLS\server\communications\manager.py", line 675, in __init__
    self._setup_sockets()
    ~~~~~~~~~~~~~~~~~~~^^
  File "d:\MLS\server\communications\manager.py", line 900, in _setup_sockets
    self.client_socket.bind(f"tcp://*:{self.client_port}")
    ~~~~~~~~~~~~~~~~~~~~~~~^^^^^^^^^^^^^^^^^^^^^^^^^^^^^^^
  File "C:\Users\Dougl\AppData\Local\Programs\Python\Python313\Lib\site-packages\zmq\sugar\socket.py", line 320, in bind
    super().bind(addr)
    ~~~~~~~~~~~~^^^^^^
  File "zmq/backend/cython/_zmq.py", line 1009, in zmq.backend.cython._zmq.Socket.bind
    _check_rc(rc)
    
  File "zmq/backend/cython/_zmq.py", line 190, in zmq.backend.cython._zmq._check_rc
    raise ZMQError(errno)
    
zmq.error.ZMQError: Address in use (addr='tcp://*:5557')
2026-02-01 21:22:58,095 - [manager] - INFO - ============================================================
2026-02-01 21:22:58,096 - [manager] - INFO - Control Manager Starting...
ERROR:root:Fatal error: Address in use (addr='tcp://*:5557')
Traceback (most recent call last):
  File "d:\MLS\server\communications\manager.py", line 2243, in <module>
    mgr = ControlManager()
  File "d:\MLS\server\communications\manager.py", line 675, in __init__
    self._setup_sockets()
    ~~~~~~~~~~~~~~~~~~~^^
  File "d:\MLS\server\communications\manager.py", line 900, in _setup_sockets
    self.client_socket.bind(f"tcp://*:{self.client_port}")
    ~~~~~~~~~~~~~~~~~~~~~~~^^^^^^^^^^^^^^^^^^^^^^^^^^^^^^^
  File "C:\Users\Dougl\AppData\Local\Programs\Python\Python313\Lib\site-packages\zmq\sugar\socket.py", line 320, in bind
    super().bind(addr)
    ~~~~~~~~~~~~^^^^^^
  File "zmq/backend/cython/_zmq.py", line 1009, in zmq.backend.cython._zmq.Socket.bind
    _check_rc(rc)
    
  File "zmq/backend/cython/_zmq.py", line 190, in zmq.backend.cython._zmq._check_rc
    raise ZMQError(errno)
    
zmq.error.ZMQError: Address in use (addr='tcp://*:5557')
Traceback (most recent call last):
  File "d:\MLS\server\communications\manager.py", line 2243, in <module>
    mgr = ControlManager()
  File "d:\MLS\server\communications\manager.py", line 675, in __init__
    self._setup_sockets()
    ~~~~~~~~~~~~~~~~~~~^^
  File "d:\MLS\server\communications\manager.py", line 900, in _setup_sockets
    self.client_socket.bind(f"tcp://*:{self.client_port}")
    ~~~~~~~~~~~~~~~~~~~~~~~^^^^^^^^^^^^^^^^^^^^^^^^^^^^^^^
  File "C:\Users\Dougl\AppData\Local\Programs\Python\Python313\Lib\site-packages\zmq\sugar\socket.py", line 320, in bind
    super().bind(addr)
    ~~~~~~~~~~~~^^^^^^
  File "zmq/backend/cython/_zmq.py", line 1009, in zmq.backend.cython._zmq.Socket.bind
    _check_rc(rc)
    
  File "zmq/backend/cython/_zmq.py", line 190, in zmq.backend.cython._zmq._check_rc
    raise ZMQError(errno)
    
zmq.error.ZMQError: Address in use (addr='tcp://*:5557')
2026-02-01 21:23:08,608 - [manager] - INFO - ============================================================
2026-02-01 21:23:08,608 - [manager] - INFO - Control Manager Starting...
ERROR:root:Fatal error: Address in use (addr='tcp://*:5557')
Traceback (most recent call last):
  File "d:\MLS\server\communications\manager.py", line 2243, in <module>
    mgr = ControlManager()
  File "d:\MLS\server\communications\manager.py", line 675, in __init__
    self._setup_sockets()
    ~~~~~~~~~~~~~~~~~~~^^
  File "d:\MLS\server\communications\manager.py", line 900, in _setup_sockets
    self.client_socket.bind(f"tcp://*:{self.client_port}")
    ~~~~~~~~~~~~~~~~~~~~~~~^^^^^^^^^^^^^^^^^^^^^^^^^^^^^^^
  File "C:\Users\Dougl\AppData\Local\Programs\Python\Python313\Lib\site-packages\zmq\sugar\socket.py", line 320, in bind
    super().bind(addr)
    ~~~~~~~~~~~~^^^^^^
  File "zmq/backend/cython/_zmq.py", line 1009, in zmq.backend.cython._zmq.Socket.bind
    _check_rc(rc)
    
  File "zmq/backend/cython/_zmq.py", line 190, in zmq.backend.cython._zmq._check_rc
    raise ZMQError(errno)
    
zmq.error.ZMQError: Address in use (addr='tcp://*:5557')
Traceback (most recent call last):
  File "d:\MLS\server\communications\manager.py", line 2243, in <module>
    mgr = ControlManager()
  File "d:\MLS\server\communications\manager.py", line 675, in __init__
    self._setup_sockets()
    ~~~~~~~~~~~~~~~~~~~^^
  File "d:\MLS\server\communications\manager.py", line 900, in _setup_sockets
    self.client_socket.bind(f"tcp://*:{self.client_port}")
    ~~~~~~~~~~~~~~~~~~~~~~~^^^^^^^^^^^^^^^^^^^^^^^^^^^^^^^
  File "C:\Users\Dougl\AppData\Local\Programs\Python\Python313\Lib\site-packages\zmq\sugar\socket.py", line 320, in bind
    super().bind(addr)
    ~~~~~~~~~~~~^^^^^^
  File "zmq/backend/cython/_zmq.py", line 1009, in zmq.backend.cython._zmq.Socket.bind
    _check_rc(rc)
    
  File "zmq/backend/cython/_zmq.py", line 190, in zmq.backend.cython._zmq._check_rc
    raise ZMQError(errno)
    
zmq.error.ZMQError: Address in use (addr='tcp://*:5557')
2026-02-01 21:35:15,442 - [manager] - INFO - ============================================================
2026-02-01 21:35:15,443 - [manager] - INFO - Control Manager Starting...
ERROR:root:Fatal error: Address in use (addr='tcp://*:5557')
Traceback (most recent call last):
  File "d:\MLS\server\communications\manager.py", line 2243, in <module>
    mgr = ControlManager()
  File "d:\MLS\server\communications\manager.py", line 675, in __init__
    self._setup_sockets()
    ~~~~~~~~~~~~~~~~~~~^^
  File "d:\MLS\server\communications\manager.py", line 900, in _setup_sockets
    self.client_socket.bind(f"tcp://*:{self.client_port}")
    ~~~~~~~~~~~~~~~~~~~~~~~^^^^^^^^^^^^^^^^^^^^^^^^^^^^^^^
  File "C:\Users\Dougl\AppData\Local\Programs\Python\Python313\Lib\site-packages\zmq\sugar\socket.py", line 320, in bind
    super().bind(addr)
    ~~~~~~~~~~~~^^^^^^
  File "zmq/backend/cython/_zmq.py", line 1009, in zmq.backend.cython._zmq.Socket.bind
    _check_rc(rc)
    
  File "zmq/backend/cython/_zmq.py", line 190, in zmq.backend.cython._zmq._check_rc
    raise ZMQError(errno)
    
zmq.error.ZMQError: Address in use (addr='tcp://*:5557')
Traceback (most recent call last):
  File "d:\MLS\server\communications\manager.py", line 2243, in <module>
    mgr = ControlManager()
  File "d:\MLS\server\communications\manager.py", line 675, in __init__
    self._setup_sockets()
    ~~~~~~~~~~~~~~~~~~~^^
  File "d:\MLS\server\communications\manager.py", line 900, in _setup_sockets
    self.client_socket.bind(f"tcp://*:{self.client_port}")
    ~~~~~~~~~~~~~~~~~~~~~~~^^^^^^^^^^^^^^^^^^^^^^^^^^^^^^^
  File "C:\Users\Dougl\AppData\Local\Programs\Python\Python313\Lib\site-packages\zmq\sugar\socket.py", line 320, in bind
    super().bind(addr)
    ~~~~~~~~~~~~^^^^^^
  File "zmq/backend/cython/_zmq.py", line 1009, in zmq.backend.cython._zmq.Socket.bind
    _check_rc(rc)
    
  File "zmq/backend/cython/_zmq.py", line 190, in zmq.backend.cython._zmq._check_rc
    raise ZMQError(errno)
    
zmq.error.ZMQError: Address in use (addr='tcp://*:5557')
2026-02-01 23:31:49,888 - [manager] - INFO - ============================================================
2026-02-01 23:31:49,888 - [manager] - INFO - Control Manager Starting...
ERROR:root:Fatal error: Address in use (addr='tcp://*:5557')
Traceback (most recent call last):
  File "d:\MLS\server\communications\manager.py", line 2243, in <module>
    mgr = ControlManager()
  File "d:\MLS\server\communications\manager.py", line 675, in __init__
    self._setup_sockets()
    ~~~~~~~~~~~~~~~~~~~^^
  File "d:\MLS\server\communications\manager.py", line 900, in _setup_sockets
    self.client_socket.bind(f"tcp://*:{self.client_port}")
    ~~~~~~~~~~~~~~~~~~~~~~~^^^^^^^^^^^^^^^^^^^^^^^^^^^^^^^
  File "C:\Users\Dougl\AppData\Local\Programs\Python\Python313\Lib\site-packages\zmq\sugar\socket.py", line 320, in bind
    super().bind(addr)
    ~~~~~~~~~~~~^^^^^^
  File "zmq/backend/cython/_zmq.py", line 1009, in zmq.backend.cython._zmq.Socket.bind
    _check_rc(rc)
    
  File "zmq/backend/cython/_zmq.py", line 190, in zmq.backend.cython._zmq._check_rc
    raise ZMQError(errno)
    
zmq.error.ZMQError: Address in use (addr='tcp://*:5557')
Traceback (most recent call last):
  File "d:\MLS\server\communications\manager.py", line 2243, in <module>
    mgr = ControlManager()
  File "d:\MLS\server\communications\manager.py", line 675, in __init__
    self._setup_sockets()
    ~~~~~~~~~~~~~~~~~~~^^
  File "d:\MLS\server\communications\manager.py", line 900, in _setup_sockets
    self.client_socket.bind(f"tcp://*:{self.client_port}")
    ~~~~~~~~~~~~~~~~~~~~~~~^^^^^^^^^^^^^^^^^^^^^^^^^^^^^^^
  File "C:\Users\Dougl\AppData\Local\Programs\Python\Python313\Lib\site-packages\zmq\sugar\socket.py", line 320, in bind
    super().bind(addr)
    ~~~~~~~~~~~~^^^^^^
  File "zmq/backend/cython/_zmq.py", line 1009, in zmq.backend.cython._zmq.Socket.bind
    _check_rc(rc)
    
  File "zmq/backend/cython/_zmq.py", line 190, in zmq.backend.cython._zmq._check_rc
    raise ZMQError(errno)
    
zmq.error.ZMQError: Address in use (addr='tcp://*:5557')
2026-02-02 09:05:07,411 - [manager] - INFO - ============================================================
2026-02-02 09:05:07,412 - [manager] - INFO - Control Manager Starting...
ERROR:root:Fatal error: Address in use (addr='tcp://*:5557')
Traceback (most recent call last):
  File "d:\MLS\server\communications\manager.py", line 2243, in <module>
    mgr = ControlManager()
  File "d:\MLS\server\communications\manager.py", line 675, in __init__
    self._setup_sockets()
    ~~~~~~~~~~~~~~~~~~~^^
  File "d:\MLS\server\communications\manager.py", line 900, in _setup_sockets
    self.client_socket.bind(f"tcp://*:{self.client_port}")
    ~~~~~~~~~~~~~~~~~~~~~~~^^^^^^^^^^^^^^^^^^^^^^^^^^^^^^^
  File "C:\Users\Dougl\AppData\Local\Programs\Python\Python313\Lib\site-packages\zmq\sugar\socket.py", line 320, in bind
    super().bind(addr)
    ~~~~~~~~~~~~^^^^^^
  File "zmq/backend/cython/_zmq.py", line 1009, in zmq.backend.cython._zmq.Socket.bind
    _check_rc(rc)
    
  File "zmq/backend/cython/_zmq.py", line 190, in zmq.backend.cython._zmq._check_rc
    raise ZMQError(errno)
    
zmq.error.ZMQError: Address in use (addr='tcp://*:5557')
Traceback (most recent call last):
  File "d:\MLS\server\communications\manager.py", line 2243, in <module>
    mgr = ControlManager()
  File "d:\MLS\server\communications\manager.py", line 675, in __init__
    self._setup_sockets()
    ~~~~~~~~~~~~~~~~~~~^^
  File "d:\MLS\server\communications\manager.py", line 900, in _setup_sockets
    self.client_socket.bind(f"tcp://*:{self.client_port}")
    ~~~~~~~~~~~~~~~~~~~~~~~^^^^^^^^^^^^^^^^^^^^^^^^^^^^^^^
  File "C:\Users\Dougl\AppData\Local\Programs\Python\Python313\Lib\site-packages\zmq\sugar\socket.py", line 320, in bind
    super().bind(addr)
    ~~~~~~~~~~~~^^^^^^
  File "zmq/backend/cython/_zmq.py", line 1009, in zmq.backend.cython._zmq.Socket.bind
    _check_rc(rc)
    
  File "zmq/backend/cython/_zmq.py", line 190, in zmq.backend.cython._zmq._check_rc
    raise ZMQError(errno)
    
zmq.error.ZMQError: Address in use (addr='tcp://*:5557')
2026-02-02 09:05:13,768 - [manager] - INFO - ============================================================
2026-02-02 09:05:13,768 - [manager] - INFO - Control Manager Starting...
ERROR:root:Fatal error: Address in use (addr='tcp://*:5557')
Traceback (most recent call last):
  File "d:\MLS\server\communications\manager.py", line 2243, in <module>
    mgr = ControlManager()
  File "d:\MLS\server\communications\manager.py", line 675, in __init__
    self._setup_sockets()
    ~~~~~~~~~~~~~~~~~~~^^
  File "d:\MLS\server\communications\manager.py", line 900, in _setup_sockets
    self.client_socket.bind(f"tcp://*:{self.client_port}")
    ~~~~~~~~~~~~~~~~~~~~~~~^^^^^^^^^^^^^^^^^^^^^^^^^^^^^^^
  File "C:\Users\Dougl\AppData\Local\Programs\Python\Python313\Lib\site-packages\zmq\sugar\socket.py", line 320, in bind
    super().bind(addr)
    ~~~~~~~~~~~~^^^^^^
  File "zmq/backend/cython/_zmq.py", line 1009, in zmq.backend.cython._zmq.Socket.bind
    _check_rc(rc)
    
  File "zmq/backend/cython/_zmq.py", line 190, in zmq.backend.cython._zmq._check_rc
    raise ZMQError(errno)
    
zmq.error.ZMQError: Address in use (addr='tcp://*:5557')
Traceback (most recent call last):
  File "d:\MLS\server\communications\manager.py", line 2243, in <module>
    mgr = ControlManager()
  File "d:\MLS\server\communications\manager.py", line 675, in __init__
    self._setup_sockets()
    ~~~~~~~~~~~~~~~~~~~^^
  File "d:\MLS\server\communications\manager.py", line 900, in _setup_sockets
    self.client_socket.bind(f"tcp://*:{self.client_port}")
    ~~~~~~~~~~~~~~~~~~~~~~~^^^^^^^^^^^^^^^^^^^^^^^^^^^^^^^
  File "C:\Users\Dougl\AppData\Local\Programs\Python\Python313\Lib\site-packages\zmq\sugar\socket.py", line 320, in bind
    super().bind(addr)
    ~~~~~~~~~~~~^^^^^^
  File "zmq/backend/cython/_zmq.py", line 1009, in zmq.backend.cython._zmq.Socket.bind
    _check_rc(rc)
    
  File "zmq/backend/cython/_zmq.py", line 190, in zmq.backend.cython._zmq._check_rc
    raise ZMQError(errno)
    
zmq.error.ZMQError: Address in use (addr='tcp://*:5557')
2026-02-02 09:05:23,997 - [manager] - INFO - ============================================================
2026-02-02 09:05:23,997 - [manager] - INFO - Control Manager Starting...
ERROR:root:Fatal error: Address in use (addr='tcp://*:5557')
Traceback (most recent call last):
  File "d:\MLS\server\communications\manager.py", line 2243, in <module>
    mgr = ControlManager()
  File "d:\MLS\server\communications\manager.py", line 675, in __init__
    self._setup_sockets()
    ~~~~~~~~~~~~~~~~~~~^^
  File "d:\MLS\server\communications\manager.py", line 900, in _setup_sockets
    self.client_socket.bind(f"tcp://*:{self.client_port}")
    ~~~~~~~~~~~~~~~~~~~~~~~^^^^^^^^^^^^^^^^^^^^^^^^^^^^^^^
  File "C:\Users\Dougl\AppData\Local\Programs\Python\Python313\Lib\site-packages\zmq\sugar\socket.py", line 320, in bind
    super().bind(addr)
    ~~~~~~~~~~~~^^^^^^
  File "zmq/backend/cython/_zmq.py", line 1009, in zmq.backend.cython._zmq.Socket.bind
    _check_rc(rc)
    
  File "zmq/backend/cython/_zmq.py", line 190, in zmq.backend.cython._zmq._check_rc
    raise ZMQError(errno)
    
zmq.error.ZMQError: Address in use (addr='tcp://*:5557')
Traceback (most recent call last):
  File "d:\MLS\server\communications\manager.py", line 2243, in <module>
    mgr = ControlManager()
  File "d:\MLS\server\communications\manager.py", line 675, in __init__
    self._setup_sockets()
    ~~~~~~~~~~~~~~~~~~~^^
  File "d:\MLS\server\communications\manager.py", line 900, in _setup_sockets
    self.client_socket.bind(f"tcp://*:{self.client_port}")
    ~~~~~~~~~~~~~~~~~~~~~~~^^^^^^^^^^^^^^^^^^^^^^^^^^^^^^^
  File "C:\Users\Dougl\AppData\Local\Programs\Python\Python313\Lib\site-packages\zmq\sugar\socket.py", line 320, in bind
    super().bind(addr)
    ~~~~~~~~~~~~^^^^^^
  File "zmq/backend/cython/_zmq.py", line 1009, in zmq.backend.cython._zmq.Socket.bind
    _check_rc(rc)
    
  File "zmq/backend/cython/_zmq.py", line 190, in zmq.backend.cython._zmq._check_rc
    raise ZMQError(errno)
    
zmq.error.ZMQError: Address in use (addr='tcp://*:5557')
2026-02-02 09:05:30,491 - [manager] - INFO - Request from FLASK: STATUS
2026-02-02 09:05:34,499 - [manager] - INFO - ============================================================
2026-02-02 09:05:34,499 - [manager] - INFO - Control Manager Starting...
ERROR:root:Fatal error: Address in use (addr='tcp://*:5557')
Traceback (most recent call last):
  File "d:\MLS\server\communications\manager.py", line 2243, in <module>
    mgr = ControlManager()
  File "d:\MLS\server\communications\manager.py", line 675, in __init__
    self._setup_sockets()
    ~~~~~~~~~~~~~~~~~~~^^
  File "d:\MLS\server\communications\manager.py", line 900, in _setup_sockets
    self.client_socket.bind(f"tcp://*:{self.client_port}")
    ~~~~~~~~~~~~~~~~~~~~~~~^^^^^^^^^^^^^^^^^^^^^^^^^^^^^^^
  File "C:\Users\Dougl\AppData\Local\Programs\Python\Python313\Lib\site-packages\zmq\sugar\socket.py", line 320, in bind
    super().bind(addr)
    ~~~~~~~~~~~~^^^^^^
  File "zmq/backend/cython/_zmq.py", line 1009, in zmq.backend.cython._zmq.Socket.bind
    _check_rc(rc)
    
  File "zmq/backend/cython/_zmq.py", line 190, in zmq.backend.cython._zmq._check_rc
    raise ZMQError(errno)
    
zmq.error.ZMQError: Address in use (addr='tcp://*:5557')
Traceback (most recent call last):
  File "d:\MLS\server\communications\manager.py", line 2243, in <module>
    mgr = ControlManager()
  File "d:\MLS\server\communications\manager.py", line 675, in __init__
    self._setup_sockets()
    ~~~~~~~~~~~~~~~~~~~^^
  File "d:\MLS\server\communications\manager.py", line 900, in _setup_sockets
    self.client_socket.bind(f"tcp://*:{self.client_port}")
    ~~~~~~~~~~~~~~~~~~~~~~~^^^^^^^^^^^^^^^^^^^^^^^^^^^^^^^
  File "C:\Users\Dougl\AppData\Local\Programs\Python\Python313\Lib\site-packages\zmq\sugar\socket.py", line 320, in bind
    super().bind(addr)
    ~~~~~~~~~~~~^^^^^^
  File "zmq/backend/cython/_zmq.py", line 1009, in zmq.backend.cython._zmq.Socket.bind
    _check_rc(rc)
    
  File "zmq/backend/cython/_zmq.py", line 190, in zmq.backend.cython._zmq._check_rc
    raise ZMQError(errno)
    
zmq.error.ZMQError: Address in use (addr='tcp://*:5557')
2026-02-02 09:05:45,096 - [manager] - INFO - ============================================================
2026-02-02 09:05:45,097 - [manager] - INFO - Control Manager Starting...
ERROR:root:Fatal error: Address in use (addr='tcp://*:5557')
Traceback (most recent call last):
  File "d:\MLS\server\communications\manager.py", line 2243, in <module>
    mgr = ControlManager()
  File "d:\MLS\server\communications\manager.py", line 675, in __init__
    self._setup_sockets()
    ~~~~~~~~~~~~~~~~~~~^^
  File "d:\MLS\server\communications\manager.py", line 900, in _setup_sockets
    self.client_socket.bind(f"tcp://*:{self.client_port}")
    ~~~~~~~~~~~~~~~~~~~~~~~^^^^^^^^^^^^^^^^^^^^^^^^^^^^^^^
  File "C:\Users\Dougl\AppData\Local\Programs\Python\Python313\Lib\site-packages\zmq\sugar\socket.py", line 320, in bind
    super().bind(addr)
    ~~~~~~~~~~~~^^^^^^
  File "zmq/backend/cython/_zmq.py", line 1009, in zmq.backend.cython._zmq.Socket.bind
    _check_rc(rc)
    
  File "zmq/backend/cython/_zmq.py", line 190, in zmq.backend.cython._zmq._check_rc
    raise ZMQError(errno)
    
zmq.error.ZMQError: Address in use (addr='tcp://*:5557')
Traceback (most recent call last):
  File "d:\MLS\server\communications\manager.py", line 2243, in <module>
    mgr = ControlManager()
  File "d:\MLS\server\communications\manager.py", line 675, in __init__
    self._setup_sockets()
    ~~~~~~~~~~~~~~~~~~~^^
  File "d:\MLS\server\communications\manager.py", line 900, in _setup_sockets
    self.client_socket.bind(f"tcp://*:{self.client_port}")
    ~~~~~~~~~~~~~~~~~~~~~~~^^^^^^^^^^^^^^^^^^^^^^^^^^^^^^^
  File "C:\Users\Dougl\AppData\Local\Programs\Python\Python313\Lib\site-packages\zmq\sugar\socket.py", line 320, in bind
    super().bind(addr)
    ~~~~~~~~~~~~^^^^^^
  File "zmq/backend/cython/_zmq.py", line 1009, in zmq.backend.cython._zmq.Socket.bind
    _check_rc(rc)
    
  File "zmq/backend/cython/_zmq.py", line 190, in zmq.backend.cython._zmq._check_rc
    raise ZMQError(errno)
    
zmq.error.ZMQError: Address in use (addr='tcp://*:5557')
2026-02-02 09:05:55,607 - [manager] - INFO - ============================================================
2026-02-02 09:05:55,607 - [manager] - INFO - Control Manager Starting...
ERROR:root:Fatal error: Address in use (addr='tcp://*:5557')
Traceback (most recent call last):
  File "d:\MLS\server\communications\manager.py", line 2243, in <module>
    mgr = ControlManager()
  File "d:\MLS\server\communications\manager.py", line 675, in __init__
    self._setup_sockets()
    ~~~~~~~~~~~~~~~~~~~^^
  File "d:\MLS\server\communications\manager.py", line 900, in _setup_sockets
    self.client_socket.bind(f"tcp://*:{self.client_port}")
    ~~~~~~~~~~~~~~~~~~~~~~~^^^^^^^^^^^^^^^^^^^^^^^^^^^^^^^
  File "C:\Users\Dougl\AppData\Local\Programs\Python\Python313\Lib\site-packages\zmq\sugar\socket.py", line 320, in bind
    super().bind(addr)
    ~~~~~~~~~~~~^^^^^^
  File "zmq/backend/cython/_zmq.py", line 1009, in zmq.backend.cython._zmq.Socket.bind
    _check_rc(rc)
    
  File "zmq/backend/cython/_zmq.py", line 190, in zmq.backend.cython._zmq._check_rc
    raise ZMQError(errno)
    
zmq.error.ZMQError: Address in use (addr='tcp://*:5557')
Traceback (most recent call last):
  File "d:\MLS\server\communications\manager.py", line 2243, in <module>
    mgr = ControlManager()
  File "d:\MLS\server\communications\manager.py", line 675, in __init__
    self._setup_sockets()
    ~~~~~~~~~~~~~~~~~~~^^
  File "d:\MLS\server\communications\manager.py", line 900, in _setup_sockets
    self.client_socket.bind(f"tcp://*:{self.client_port}")
    ~~~~~~~~~~~~~~~~~~~~~~~^^^^^^^^^^^^^^^^^^^^^^^^^^^^^^^
  File "C:\Users\Dougl\AppData\Local\Programs\Python\Python313\Lib\site-packages\zmq\sugar\socket.py", line 320, in bind
    super().bind(addr)
    ~~~~~~~~~~~~^^^^^^
  File "zmq/backend/cython/_zmq.py", line 1009, in zmq.backend.cython._zmq.Socket.bind
    _check_rc(rc)
    
  File "zmq/backend/cython/_zmq.py", line 190, in zmq.backend.cython._zmq._check_rc
    raise ZMQError(errno)
    
zmq.error.ZMQError: Address in use (addr='tcp://*:5557')
2026-02-02 09:06:06,133 - [manager] - INFO - ============================================================
2026-02-02 09:06:06,133 - [manager] - INFO - Control Manager Starting...
ERROR:root:Fatal error: Address in use (addr='tcp://*:5557')
Traceback (most recent call last):
  File "d:\MLS\server\communications\manager.py", line 2243, in <module>
    mgr = ControlManager()
  File "d:\MLS\server\communications\manager.py", line 675, in __init__
    self._setup_sockets()
    ~~~~~~~~~~~~~~~~~~~^^
  File "d:\MLS\server\communications\manager.py", line 900, in _setup_sockets
    self.client_socket.bind(f"tcp://*:{self.client_port}")
    ~~~~~~~~~~~~~~~~~~~~~~~^^^^^^^^^^^^^^^^^^^^^^^^^^^^^^^
  File "C:\Users\Dougl\AppData\Local\Programs\Python\Python313\Lib\site-packages\zmq\sugar\socket.py", line 320, in bind
    super().bind(addr)
    ~~~~~~~~~~~~^^^^^^
  File "zmq/backend/cython/_zmq.py", line 1009, in zmq.backend.cython._zmq.Socket.bind
    _check_rc(rc)
    
  File "zmq/backend/cython/_zmq.py", line 190, in zmq.backend.cython._zmq._check_rc
    raise ZMQError(errno)
    
zmq.error.ZMQError: Address in use (addr='tcp://*:5557')
Traceback (most recent call last):
  File "d:\MLS\server\communications\manager.py", line 2243, in <module>
    mgr = ControlManager()
  File "d:\MLS\server\communications\manager.py", line 675, in __init__
    self._setup_sockets()
    ~~~~~~~~~~~~~~~~~~~^^
  File "d:\MLS\server\communications\manager.py", line 900, in _setup_sockets
    self.client_socket.bind(f"tcp://*:{self.client_port}")
    ~~~~~~~~~~~~~~~~~~~~~~~^^^^^^^^^^^^^^^^^^^^^^^^^^^^^^^
  File "C:\Users\Dougl\AppData\Local\Programs\Python\Python313\Lib\site-packages\zmq\sugar\socket.py", line 320, in bind
    super().bind(addr)
    ~~~~~~~~~~~~^^^^^^
  File "zmq/backend/cython/_zmq.py", line 1009, in zmq.backend.cython._zmq.Socket.bind
    _check_rc(rc)
    
  File "zmq/backend/cython/_zmq.py", line 190, in zmq.backend.cython._zmq._check_rc
    raise ZMQError(errno)
    
zmq.error.ZMQError: Address in use (addr='tcp://*:5557')
2026-02-02 09:06:16,666 - [manager] - INFO - ============================================================
2026-02-02 09:06:16,667 - [manager] - INFO - Control Manager Starting...
ERROR:root:Fatal error: Address in use (addr='tcp://*:5557')
Traceback (most recent call last):
  File "d:\MLS\server\communications\manager.py", line 2243, in <module>
    mgr = ControlManager()
  File "d:\MLS\server\communications\manager.py", line 675, in __init__
    self._setup_sockets()
    ~~~~~~~~~~~~~~~~~~~^^
  File "d:\MLS\server\communications\manager.py", line 900, in _setup_sockets
    self.client_socket.bind(f"tcp://*:{self.client_port}")
    ~~~~~~~~~~~~~~~~~~~~~~~^^^^^^^^^^^^^^^^^^^^^^^^^^^^^^^
  File "C:\Users\Dougl\AppData\Local\Programs\Python\Python313\Lib\site-packages\zmq\sugar\socket.py", line 320, in bind
    super().bind(addr)
    ~~~~~~~~~~~~^^^^^^
  File "zmq/backend/cython/_zmq.py", line 1009, in zmq.backend.cython._zmq.Socket.bind
    _check_rc(rc)
    
  File "zmq/backend/cython/_zmq.py", line 190, in zmq.backend.cython._zmq._check_rc
    raise ZMQError(errno)
    
zmq.error.ZMQError: Address in use (addr='tcp://*:5557')
Traceback (most recent call last):
  File "d:\MLS\server\communications\manager.py", line 2243, in <module>
    mgr = ControlManager()
  File "d:\MLS\server\communications\manager.py", line 675, in __init__
    self._setup_sockets()
    ~~~~~~~~~~~~~~~~~~~^^
  File "d:\MLS\server\communications\manager.py", line 900, in _setup_sockets
    self.client_socket.bind(f"tcp://*:{self.client_port}")
    ~~~~~~~~~~~~~~~~~~~~~~~^^^^^^^^^^^^^^^^^^^^^^^^^^^^^^^
  File "C:\Users\Dougl\AppData\Local\Programs\Python\Python313\Lib\site-packages\zmq\sugar\socket.py", line 320, in bind
    super().bind(addr)
    ~~~~~~~~~~~~^^^^^^
  File "zmq/backend/cython/_zmq.py", line 1009, in zmq.backend.cython._zmq.Socket.bind
    _check_rc(rc)
    
  File "zmq/backend/cython/_zmq.py", line 190, in zmq.backend.cython._zmq._check_rc
    raise ZMQError(errno)
    
zmq.error.ZMQError: Address in use (addr='tcp://*:5557')
2026-02-02 09:06:27,169 - [manager] - INFO - ============================================================
2026-02-02 09:06:27,169 - [manager] - INFO - Control Manager Starting...
ERROR:root:Fatal error: Address in use (addr='tcp://*:5557')
Traceback (most recent call last):
  File "d:\MLS\server\communications\manager.py", line 2243, in <module>
    mgr = ControlManager()
  File "d:\MLS\server\communications\manager.py", line 675, in __init__
    self._setup_sockets()
    ~~~~~~~~~~~~~~~~~~~^^
  File "d:\MLS\server\communications\manager.py", line 900, in _setup_sockets
    self.client_socket.bind(f"tcp://*:{self.client_port}")
    ~~~~~~~~~~~~~~~~~~~~~~~^^^^^^^^^^^^^^^^^^^^^^^^^^^^^^^
  File "C:\Users\Dougl\AppData\Local\Programs\Python\Python313\Lib\site-packages\zmq\sugar\socket.py", line 320, in bind
    super().bind(addr)
    ~~~~~~~~~~~~^^^^^^
  File "zmq/backend/cython/_zmq.py", line 1009, in zmq.backend.cython._zmq.Socket.bind
    _check_rc(rc)
    
  File "zmq/backend/cython/_zmq.py", line 190, in zmq.backend.cython._zmq._check_rc
    raise ZMQError(errno)
    
zmq.error.ZMQError: Address in use (addr='tcp://*:5557')
Traceback (most recent call last):
  File "d:\MLS\server\communications\manager.py", line 2243, in <module>
    mgr = ControlManager()
  File "d:\MLS\server\communications\manager.py", line 675, in __init__
    self._setup_sockets()
    ~~~~~~~~~~~~~~~~~~~^^
  File "d:\MLS\server\communications\manager.py", line 900, in _setup_sockets
    self.client_socket.bind(f"tcp://*:{self.client_port}")
    ~~~~~~~~~~~~~~~~~~~~~~~^^^^^^^^^^^^^^^^^^^^^^^^^^^^^^^
  File "C:\Users\Dougl\AppData\Local\Programs\Python\Python313\Lib\site-packages\zmq\sugar\socket.py", line 320, in bind
    super().bind(addr)
    ~~~~~~~~~~~~^^^^^^
  File "zmq/backend/cython/_zmq.py", line 1009, in zmq.backend.cython._zmq.Socket.bind
    _check_rc(rc)
    
  File "zmq/backend/cython/_zmq.py", line 190, in zmq.backend.cython._zmq._check_rc
    raise ZMQError(errno)
    
zmq.error.ZMQError: Address in use (addr='tcp://*:5557')
2026-02-02 09:06:37,767 - [manager] - INFO - ============================================================
2026-02-02 09:06:37,767 - [manager] - INFO - Control Manager Starting...
ERROR:root:Fatal error: Address in use (addr='tcp://*:5557')
Traceback (most recent call last):
  File "d:\MLS\server\communications\manager.py", line 2243, in <module>
    mgr = ControlManager()
  File "d:\MLS\server\communications\manager.py", line 675, in __init__
    self._setup_sockets()
    ~~~~~~~~~~~~~~~~~~~^^
  File "d:\MLS\server\communications\manager.py", line 900, in _setup_sockets
    self.client_socket.bind(f"tcp://*:{self.client_port}")
    ~~~~~~~~~~~~~~~~~~~~~~~^^^^^^^^^^^^^^^^^^^^^^^^^^^^^^^
  File "C:\Users\Dougl\AppData\Local\Programs\Python\Python313\Lib\site-packages\zmq\sugar\socket.py", line 320, in bind
    super().bind(addr)
    ~~~~~~~~~~~~^^^^^^
  File "zmq/backend/cython/_zmq.py", line 1009, in zmq.backend.cython._zmq.Socket.bind
    _check_rc(rc)
    
  File "zmq/backend/cython/_zmq.py", line 190, in zmq.backend.cython._zmq._check_rc
    raise ZMQError(errno)
    
zmq.error.ZMQError: Address in use (addr='tcp://*:5557')
Traceback (most recent call last):
  File "d:\MLS\server\communications\manager.py", line 2243, in <module>
    mgr = ControlManager()
  File "d:\MLS\server\communications\manager.py", line 675, in __init__
    self._setup_sockets()
    ~~~~~~~~~~~~~~~~~~~^^
  File "d:\MLS\server\communications\manager.py", line 900, in _setup_sockets
    self.client_socket.bind(f"tcp://*:{self.client_port}")
    ~~~~~~~~~~~~~~~~~~~~~~~^^^^^^^^^^^^^^^^^^^^^^^^^^^^^^^
  File "C:\Users\Dougl\AppData\Local\Programs\Python\Python313\Lib\site-packages\zmq\sugar\socket.py", line 320, in bind
    super().bind(addr)
    ~~~~~~~~~~~~^^^^^^
  File "zmq/backend/cython/_zmq.py", line 1009, in zmq.backend.cython._zmq.Socket.bind
    _check_rc(rc)
    
  File "zmq/backend/cython/_zmq.py", line 190, in zmq.backend.cython._zmq._check_rc
    raise ZMQError(errno)
    
zmq.error.ZMQError: Address in use (addr='tcp://*:5557')
2026-02-02 09:06:48,310 - [manager] - INFO - ============================================================
2026-02-02 09:06:48,310 - [manager] - INFO - Control Manager Starting...
ERROR:root:Fatal error: Address in use (addr='tcp://*:5557')
Traceback (most recent call last):
  File "d:\MLS\server\communications\manager.py", line 2243, in <module>
    mgr = ControlManager()
  File "d:\MLS\server\communications\manager.py", line 675, in __init__
    self._setup_sockets()
    ~~~~~~~~~~~~~~~~~~~^^
  File "d:\MLS\server\communications\manager.py", line 900, in _setup_sockets
    self.client_socket.bind(f"tcp://*:{self.client_port}")
    ~~~~~~~~~~~~~~~~~~~~~~~^^^^^^^^^^^^^^^^^^^^^^^^^^^^^^^
  File "C:\Users\Dougl\AppData\Local\Programs\Python\Python313\Lib\site-packages\zmq\sugar\socket.py", line 320, in bind
    super().bind(addr)
    ~~~~~~~~~~~~^^^^^^
  File "zmq/backend/cython/_zmq.py", line 1009, in zmq.backend.cython._zmq.Socket.bind
    _check_rc(rc)
    
  File "zmq/backend/cython/_zmq.py", line 190, in zmq.backend.cython._zmq._check_rc
    raise ZMQError(errno)
    
zmq.error.ZMQError: Address in use (addr='tcp://*:5557')
Traceback (most recent call last):
  File "d:\MLS\server\communications\manager.py", line 2243, in <module>
    mgr = ControlManager()
  File "d:\MLS\server\communications\manager.py", line 675, in __init__
    self._setup_sockets()
    ~~~~~~~~~~~~~~~~~~~^^
  File "d:\MLS\server\communications\manager.py", line 900, in _setup_sockets
    self.client_socket.bind(f"tcp://*:{self.client_port}")
    ~~~~~~~~~~~~~~~~~~~~~~~^^^^^^^^^^^^^^^^^^^^^^^^^^^^^^^
  File "C:\Users\Dougl\AppData\Local\Programs\Python\Python313\Lib\site-packages\zmq\sugar\socket.py", line 320, in bind
    super().bind(addr)
    ~~~~~~~~~~~~^^^^^^
  File "zmq/backend/cython/_zmq.py", line 1009, in zmq.backend.cython._zmq.Socket.bind
    _check_rc(rc)
    
  File "zmq/backend/cython/_zmq.py", line 190, in zmq.backend.cython._zmq._check_rc
    raise ZMQError(errno)
    
zmq.error.ZMQError: Address in use (addr='tcp://*:5557')
2026-02-02 09:06:58,983 - [manager] - INFO - ============================================================
2026-02-02 09:06:58,983 - [manager] - INFO - Control Manager Starting...
ERROR:root:Fatal error: Address in use (addr='tcp://*:5557')
Traceback (most recent call last):
  File "d:\MLS\server\communications\manager.py", line 2243, in <module>
    mgr = ControlManager()
  File "d:\MLS\server\communications\manager.py", line 675, in __init__
    self._setup_sockets()
    ~~~~~~~~~~~~~~~~~~~^^
  File "d:\MLS\server\communications\manager.py", line 900, in _setup_sockets
    self.client_socket.bind(f"tcp://*:{self.client_port}")
    ~~~~~~~~~~~~~~~~~~~~~~~^^^^^^^^^^^^^^^^^^^^^^^^^^^^^^^
  File "C:\Users\Dougl\AppData\Local\Programs\Python\Python313\Lib\site-packages\zmq\sugar\socket.py", line 320, in bind
    super().bind(addr)
    ~~~~~~~~~~~~^^^^^^
  File "zmq/backend/cython/_zmq.py", line 1009, in zmq.backend.cython._zmq.Socket.bind
    _check_rc(rc)
    
  File "zmq/backend/cython/_zmq.py", line 190, in zmq.backend.cython._zmq._check_rc
    raise ZMQError(errno)
    
zmq.error.ZMQError: Address in use (addr='tcp://*:5557')
Traceback (most recent call last):
  File "d:\MLS\server\communications\manager.py", line 2243, in <module>
    mgr = ControlManager()
  File "d:\MLS\server\communications\manager.py", line 675, in __init__
    self._setup_sockets()
    ~~~~~~~~~~~~~~~~~~~^^
  File "d:\MLS\server\communications\manager.py", line 900, in _setup_sockets
    self.client_socket.bind(f"tcp://*:{self.client_port}")
    ~~~~~~~~~~~~~~~~~~~~~~~^^^^^^^^^^^^^^^^^^^^^^^^^^^^^^^
  File "C:\Users\Dougl\AppData\Local\Programs\Python\Python313\Lib\site-packages\zmq\sugar\socket.py", line 320, in bind
    super().bind(addr)
    ~~~~~~~~~~~~^^^^^^
  File "zmq/backend/cython/_zmq.py", line 1009, in zmq.backend.cython._zmq.Socket.bind
    _check_rc(rc)
    
  File "zmq/backend/cython/_zmq.py", line 190, in zmq.backend.cython._zmq._check_rc
    raise ZMQError(errno)
    
zmq.error.ZMQError: Address in use (addr='tcp://*:5557')
2026-02-02 09:07:09,309 - [manager] - INFO - ============================================================
2026-02-02 09:07:09,309 - [manager] - INFO - Control Manager Starting...
ERROR:root:Fatal error: Address in use (addr='tcp://*:5557')
Traceback (most recent call last):
  File "d:\MLS\server\communications\manager.py", line 2243, in <module>
    mgr = ControlManager()
  File "d:\MLS\server\communications\manager.py", line 675, in __init__
    self._setup_sockets()
    ~~~~~~~~~~~~~~~~~~~^^
  File "d:\MLS\server\communications\manager.py", line 900, in _setup_sockets
    self.client_socket.bind(f"tcp://*:{self.client_port}")
    ~~~~~~~~~~~~~~~~~~~~~~~^^^^^^^^^^^^^^^^^^^^^^^^^^^^^^^
  File "C:\Users\Dougl\AppData\Local\Programs\Python\Python313\Lib\site-packages\zmq\sugar\socket.py", line 320, in bind
    super().bind(addr)
    ~~~~~~~~~~~~^^^^^^
  File "zmq/backend/cython/_zmq.py", line 1009, in zmq.backend.cython._zmq.Socket.bind
    _check_rc(rc)
    
  File "zmq/backend/cython/_zmq.py", line 190, in zmq.backend.cython._zmq._check_rc
    raise ZMQError(errno)
    
zmq.error.ZMQError: Address in use (addr='tcp://*:5557')
Traceback (most recent call last):
  File "d:\MLS\server\communications\manager.py", line 2243, in <module>
    mgr = ControlManager()
  File "d:\MLS\server\communications\manager.py", line 675, in __init__
    self._setup_sockets()
    ~~~~~~~~~~~~~~~~~~~^^
  File "d:\MLS\server\communications\manager.py", line 900, in _setup_sockets
    self.client_socket.bind(f"tcp://*:{self.client_port}")
    ~~~~~~~~~~~~~~~~~~~~~~~^^^^^^^^^^^^^^^^^^^^^^^^^^^^^^^
  File "C:\Users\Dougl\AppData\Local\Programs\Python\Python313\Lib\site-packages\zmq\sugar\socket.py", line 320, in bind
    super().bind(addr)
    ~~~~~~~~~~~~^^^^^^
  File "zmq/backend/cython/_zmq.py", line 1009, in zmq.backend.cython._zmq.Socket.bind
    _check_rc(rc)
    
  File "zmq/backend/cython/_zmq.py", line 190, in zmq.backend.cython._zmq._check_rc
    raise ZMQError(errno)
    
zmq.error.ZMQError: Address in use (addr='tcp://*:5557')
2026-02-02 09:07:19,811 - [manager] - INFO - ============================================================
2026-02-02 09:07:19,811 - [manager] - INFO - Control Manager Starting...
ERROR:root:Fatal error: Address in use (addr='tcp://*:5557')
Traceback (most recent call last):
  File "d:\MLS\server\communications\manager.py", line 2243, in <module>
    mgr = ControlManager()
  File "d:\MLS\server\communications\manager.py", line 675, in __init__
    self._setup_sockets()
    ~~~~~~~~~~~~~~~~~~~^^
  File "d:\MLS\server\communications\manager.py", line 900, in _setup_sockets
    self.client_socket.bind(f"tcp://*:{self.client_port}")
    ~~~~~~~~~~~~~~~~~~~~~~~^^^^^^^^^^^^^^^^^^^^^^^^^^^^^^^
  File "C:\Users\Dougl\AppData\Local\Programs\Python\Python313\Lib\site-packages\zmq\sugar\socket.py", line 320, in bind
    super().bind(addr)
    ~~~~~~~~~~~~^^^^^^
  File "zmq/backend/cython/_zmq.py", line 1009, in zmq.backend.cython._zmq.Socket.bind
    _check_rc(rc)
    
  File "zmq/backend/cython/_zmq.py", line 190, in zmq.backend.cython._zmq._check_rc
    raise ZMQError(errno)
    
zmq.error.ZMQError: Address in use (addr='tcp://*:5557')
Traceback (most recent call last):
  File "d:\MLS\server\communications\manager.py", line 2243, in <module>
    mgr = ControlManager()
  File "d:\MLS\server\communications\manager.py", line 675, in __init__
    self._setup_sockets()
    ~~~~~~~~~~~~~~~~~~~^^
  File "d:\MLS\server\communications\manager.py", line 900, in _setup_sockets
    self.client_socket.bind(f"tcp://*:{self.client_port}")
    ~~~~~~~~~~~~~~~~~~~~~~~^^^^^^^^^^^^^^^^^^^^^^^^^^^^^^^
  File "C:\Users\Dougl\AppData\Local\Programs\Python\Python313\Lib\site-packages\zmq\sugar\socket.py", line 320, in bind
    super().bind(addr)
    ~~~~~~~~~~~~^^^^^^
  File "zmq/backend/cython/_zmq.py", line 1009, in zmq.backend.cython._zmq.Socket.bind
    _check_rc(rc)
    
  File "zmq/backend/cython/_zmq.py", line 190, in zmq.backend.cython._zmq._check_rc
    raise ZMQError(errno)
    
zmq.error.ZMQError: Address in use (addr='tcp://*:5557')
2026-02-02 09:07:30,354 - [manager] - INFO - ============================================================
2026-02-02 09:07:30,355 - [manager] - INFO - Control Manager Starting...
ERROR:root:Fatal error: Address in use (addr='tcp://*:5557')
Traceback (most recent call last):
  File "d:\MLS\server\communications\manager.py", line 2243, in <module>
    mgr = ControlManager()
  File "d:\MLS\server\communications\manager.py", line 675, in __init__
    self._setup_sockets()
    ~~~~~~~~~~~~~~~~~~~^^
  File "d:\MLS\server\communications\manager.py", line 900, in _setup_sockets
    self.client_socket.bind(f"tcp://*:{self.client_port}")
    ~~~~~~~~~~~~~~~~~~~~~~~^^^^^^^^^^^^^^^^^^^^^^^^^^^^^^^
  File "C:\Users\Dougl\AppData\Local\Programs\Python\Python313\Lib\site-packages\zmq\sugar\socket.py", line 320, in bind
    super().bind(addr)
    ~~~~~~~~~~~~^^^^^^
  File "zmq/backend/cython/_zmq.py", line 1009, in zmq.backend.cython._zmq.Socket.bind
    _check_rc(rc)
    
  File "zmq/backend/cython/_zmq.py", line 190, in zmq.backend.cython._zmq._check_rc
    raise ZMQError(errno)
    
zmq.error.ZMQError: Address in use (addr='tcp://*:5557')
Traceback (most recent call last):
  File "d:\MLS\server\communications\manager.py", line 2243, in <module>
    mgr = ControlManager()
  File "d:\MLS\server\communications\manager.py", line 675, in __init__
    self._setup_sockets()
    ~~~~~~~~~~~~~~~~~~~^^
  File "d:\MLS\server\communications\manager.py", line 900, in _setup_sockets
    self.client_socket.bind(f"tcp://*:{self.client_port}")
    ~~~~~~~~~~~~~~~~~~~~~~~^^^^^^^^^^^^^^^^^^^^^^^^^^^^^^^
  File "C:\Users\Dougl\AppData\Local\Programs\Python\Python313\Lib\site-packages\zmq\sugar\socket.py", line 320, in bind
    super().bind(addr)
    ~~~~~~~~~~~~^^^^^^
  File "zmq/backend/cython/_zmq.py", line 1009, in zmq.backend.cython._zmq.Socket.bind
    _check_rc(rc)
    
  File "zmq/backend/cython/_zmq.py", line 190, in zmq.backend.cython._zmq._check_rc
    raise ZMQError(errno)
    
zmq.error.ZMQError: Address in use (addr='tcp://*:5557')
2026-02-02 09:07:40,836 - [manager] - INFO - ============================================================
2026-02-02 09:07:40,836 - [manager] - INFO - Control Manager Starting...
ERROR:root:Fatal error: Address in use (addr='tcp://*:5557')
Traceback (most recent call last):
  File "d:\MLS\server\communications\manager.py", line 2243, in <module>
    mgr = ControlManager()
  File "d:\MLS\server\communications\manager.py", line 675, in __init__
    self._setup_sockets()
    ~~~~~~~~~~~~~~~~~~~^^
  File "d:\MLS\server\communications\manager.py", line 900, in _setup_sockets
    self.client_socket.bind(f"tcp://*:{self.client_port}")
    ~~~~~~~~~~~~~~~~~~~~~~~^^^^^^^^^^^^^^^^^^^^^^^^^^^^^^^
  File "C:\Users\Dougl\AppData\Local\Programs\Python\Python313\Lib\site-packages\zmq\sugar\socket.py", line 320, in bind
    super().bind(addr)
    ~~~~~~~~~~~~^^^^^^
  File "zmq/backend/cython/_zmq.py", line 1009, in zmq.backend.cython._zmq.Socket.bind
    _check_rc(rc)
    
  File "zmq/backend/cython/_zmq.py", line 190, in zmq.backend.cython._zmq._check_rc
    raise ZMQError(errno)
    
zmq.error.ZMQError: Address in use (addr='tcp://*:5557')
Traceback (most recent call last):
  File "d:\MLS\server\communications\manager.py", line 2243, in <module>
    mgr = ControlManager()
  File "d:\MLS\server\communications\manager.py", line 675, in __init__
    self._setup_sockets()
    ~~~~~~~~~~~~~~~~~~~^^
  File "d:\MLS\server\communications\manager.py", line 900, in _setup_sockets
    self.client_socket.bind(f"tcp://*:{self.client_port}")
    ~~~~~~~~~~~~~~~~~~~~~~~^^^^^^^^^^^^^^^^^^^^^^^^^^^^^^^
  File "C:\Users\Dougl\AppData\Local\Programs\Python\Python313\Lib\site-packages\zmq\sugar\socket.py", line 320, in bind
    super().bind(addr)
    ~~~~~~~~~~~~^^^^^^
  File "zmq/backend/cython/_zmq.py", line 1009, in zmq.backend.cython._zmq.Socket.bind
    _check_rc(rc)
    
  File "zmq/backend/cython/_zmq.py", line 190, in zmq.backend.cython._zmq._check_rc
    raise ZMQError(errno)
    
zmq.error.ZMQError: Address in use (addr='tcp://*:5557')
2026-02-02 09:07:51,360 - [manager] - INFO - ============================================================
2026-02-02 09:07:51,360 - [manager] - INFO - Control Manager Starting...
ERROR:root:Fatal error: Address in use (addr='tcp://*:5557')
Traceback (most recent call last):
  File "d:\MLS\server\communications\manager.py", line 2243, in <module>
    mgr = ControlManager()
  File "d:\MLS\server\communications\manager.py", line 675, in __init__
    self._setup_sockets()
    ~~~~~~~~~~~~~~~~~~~^^
  File "d:\MLS\server\communications\manager.py", line 900, in _setup_sockets
    self.client_socket.bind(f"tcp://*:{self.client_port}")
    ~~~~~~~~~~~~~~~~~~~~~~~^^^^^^^^^^^^^^^^^^^^^^^^^^^^^^^
  File "C:\Users\Dougl\AppData\Local\Programs\Python\Python313\Lib\site-packages\zmq\sugar\socket.py", line 320, in bind
    super().bind(addr)
    ~~~~~~~~~~~~^^^^^^
  File "zmq/backend/cython/_zmq.py", line 1009, in zmq.backend.cython._zmq.Socket.bind
    _check_rc(rc)
    
  File "zmq/backend/cython/_zmq.py", line 190, in zmq.backend.cython._zmq._check_rc
    raise ZMQError(errno)
    
zmq.error.ZMQError: Address in use (addr='tcp://*:5557')
Traceback (most recent call last):
  File "d:\MLS\server\communications\manager.py", line 2243, in <module>
    mgr = ControlManager()
  File "d:\MLS\server\communications\manager.py", line 675, in __init__
    self._setup_sockets()
    ~~~~~~~~~~~~~~~~~~~^^
  File "d:\MLS\server\communications\manager.py", line 900, in _setup_sockets
    self.client_socket.bind(f"tcp://*:{self.client_port}")
    ~~~~~~~~~~~~~~~~~~~~~~~^^^^^^^^^^^^^^^^^^^^^^^^^^^^^^^
  File "C:\Users\Dougl\AppData\Local\Programs\Python\Python313\Lib\site-packages\zmq\sugar\socket.py", line 320, in bind
    super().bind(addr)
    ~~~~~~~~~~~~^^^^^^
  File "zmq/backend/cython/_zmq.py", line 1009, in zmq.backend.cython._zmq.Socket.bind
    _check_rc(rc)
    
  File "zmq/backend/cython/_zmq.py", line 190, in zmq.backend.cython._zmq._check_rc
    raise ZMQError(errno)
    
zmq.error.ZMQError: Address in use (addr='tcp://*:5557')
2026-02-02 09:08:01,875 - [manager] - INFO - ============================================================
2026-02-02 09:08:01,875 - [manager] - INFO - Control Manager Starting...
ERROR:root:Fatal error: Address in use (addr='tcp://*:5557')
Traceback (most recent call last):
  File "d:\MLS\server\communications\manager.py", line 2243, in <module>
    mgr = ControlManager()
  File "d:\MLS\server\communications\manager.py", line 675, in __init__
    self._setup_sockets()
    ~~~~~~~~~~~~~~~~~~~^^
  File "d:\MLS\server\communications\manager.py", line 900, in _setup_sockets
    self.client_socket.bind(f"tcp://*:{self.client_port}")
    ~~~~~~~~~~~~~~~~~~~~~~~^^^^^^^^^^^^^^^^^^^^^^^^^^^^^^^
  File "C:\Users\Dougl\AppData\Local\Programs\Python\Python313\Lib\site-packages\zmq\sugar\socket.py", line 320, in bind
    super().bind(addr)
    ~~~~~~~~~~~~^^^^^^
  File "zmq/backend/cython/_zmq.py", line 1009, in zmq.backend.cython._zmq.Socket.bind
    _check_rc(rc)
    
  File "zmq/backend/cython/_zmq.py", line 190, in zmq.backend.cython._zmq._check_rc
    raise ZMQError(errno)
    
zmq.error.ZMQError: Address in use (addr='tcp://*:5557')
Traceback (most recent call last):
  File "d:\MLS\server\communications\manager.py", line 2243, in <module>
    mgr = ControlManager()
  File "d:\MLS\server\communications\manager.py", line 675, in __init__
    self._setup_sockets()
    ~~~~~~~~~~~~~~~~~~~^^
  File "d:\MLS\server\communications\manager.py", line 900, in _setup_sockets
    self.client_socket.bind(f"tcp://*:{self.client_port}")
    ~~~~~~~~~~~~~~~~~~~~~~~^^^^^^^^^^^^^^^^^^^^^^^^^^^^^^^
  File "C:\Users\Dougl\AppData\Local\Programs\Python\Python313\Lib\site-packages\zmq\sugar\socket.py", line 320, in bind
    super().bind(addr)
    ~~~~~~~~~~~~^^^^^^
  File "zmq/backend/cython/_zmq.py", line 1009, in zmq.backend.cython._zmq.Socket.bind
    _check_rc(rc)
    
  File "zmq/backend/cython/_zmq.py", line 190, in zmq.backend.cython._zmq._check_rc
    raise ZMQError(errno)
    
zmq.error.ZMQError: Address in use (addr='tcp://*:5557')
2026-02-02 09:08:12,413 - [manager] - INFO - ============================================================
2026-02-02 09:08:12,414 - [manager] - INFO - Control Manager Starting...
ERROR:root:Fatal error: Address in use (addr='tcp://*:5557')
Traceback (most recent call last):
  File "d:\MLS\server\communications\manager.py", line 2243, in <module>
    mgr = ControlManager()
  File "d:\MLS\server\communications\manager.py", line 675, in __init__
    self._setup_sockets()
    ~~~~~~~~~~~~~~~~~~~^^
  File "d:\MLS\server\communications\manager.py", line 900, in _setup_sockets
    self.client_socket.bind(f"tcp://*:{self.client_port}")
    ~~~~~~~~~~~~~~~~~~~~~~~^^^^^^^^^^^^^^^^^^^^^^^^^^^^^^^
  File "C:\Users\Dougl\AppData\Local\Programs\Python\Python313\Lib\site-packages\zmq\sugar\socket.py", line 320, in bind
    super().bind(addr)
    ~~~~~~~~~~~~^^^^^^
  File "zmq/backend/cython/_zmq.py", line 1009, in zmq.backend.cython._zmq.Socket.bind
    _check_rc(rc)
    
  File "zmq/backend/cython/_zmq.py", line 190, in zmq.backend.cython._zmq._check_rc
    raise ZMQError(errno)
    
zmq.error.ZMQError: Address in use (addr='tcp://*:5557')
Traceback (most recent call last):
  File "d:\MLS\server\communications\manager.py", line 2243, in <module>
    mgr = ControlManager()
  File "d:\MLS\server\communications\manager.py", line 675, in __init__
    self._setup_sockets()
    ~~~~~~~~~~~~~~~~~~~^^
  File "d:\MLS\server\communications\manager.py", line 900, in _setup_sockets
    self.client_socket.bind(f"tcp://*:{self.client_port}")
    ~~~~~~~~~~~~~~~~~~~~~~~^^^^^^^^^^^^^^^^^^^^^^^^^^^^^^^
  File "C:\Users\Dougl\AppData\Local\Programs\Python\Python313\Lib\site-packages\zmq\sugar\socket.py", line 320, in bind
    super().bind(addr)
    ~~~~~~~~~~~~^^^^^^
  File "zmq/backend/cython/_zmq.py", line 1009, in zmq.backend.cython._zmq.Socket.bind
    _check_rc(rc)
    
  File "zmq/backend/cython/_zmq.py", line 190, in zmq.backend.cython._zmq._check_rc
    raise ZMQError(errno)
    
zmq.error.ZMQError: Address in use (addr='tcp://*:5557')
2026-02-02 09:08:22,867 - [manager] - INFO - ============================================================
2026-02-02 09:08:22,867 - [manager] - INFO - Control Manager Starting...
ERROR:root:Fatal error: Address in use (addr='tcp://*:5557')
Traceback (most recent call last):
  File "d:\MLS\server\communications\manager.py", line 2243, in <module>
    mgr = ControlManager()
  File "d:\MLS\server\communications\manager.py", line 675, in __init__
    self._setup_sockets()
    ~~~~~~~~~~~~~~~~~~~^^
  File "d:\MLS\server\communications\manager.py", line 900, in _setup_sockets
    self.client_socket.bind(f"tcp://*:{self.client_port}")
    ~~~~~~~~~~~~~~~~~~~~~~~^^^^^^^^^^^^^^^^^^^^^^^^^^^^^^^
  File "C:\Users\Dougl\AppData\Local\Programs\Python\Python313\Lib\site-packages\zmq\sugar\socket.py", line 320, in bind
    super().bind(addr)
    ~~~~~~~~~~~~^^^^^^
  File "zmq/backend/cython/_zmq.py", line 1009, in zmq.backend.cython._zmq.Socket.bind
    _check_rc(rc)
    
  File "zmq/backend/cython/_zmq.py", line 190, in zmq.backend.cython._zmq._check_rc
    raise ZMQError(errno)
    
zmq.error.ZMQError: Address in use (addr='tcp://*:5557')
Traceback (most recent call last):
  File "d:\MLS\server\communications\manager.py", line 2243, in <module>
    mgr = ControlManager()
  File "d:\MLS\server\communications\manager.py", line 675, in __init__
    self._setup_sockets()
    ~~~~~~~~~~~~~~~~~~~^^
  File "d:\MLS\server\communications\manager.py", line 900, in _setup_sockets
    self.client_socket.bind(f"tcp://*:{self.client_port}")
    ~~~~~~~~~~~~~~~~~~~~~~~^^^^^^^^^^^^^^^^^^^^^^^^^^^^^^^
  File "C:\Users\Dougl\AppData\Local\Programs\Python\Python313\Lib\site-packages\zmq\sugar\socket.py", line 320, in bind
    super().bind(addr)
    ~~~~~~~~~~~~^^^^^^
  File "zmq/backend/cython/_zmq.py", line 1009, in zmq.backend.cython._zmq.Socket.bind
    _check_rc(rc)
    
  File "zmq/backend/cython/_zmq.py", line 190, in zmq.backend.cython._zmq._check_rc
    raise ZMQError(errno)
    
zmq.error.ZMQError: Address in use (addr='tcp://*:5557')
2026-02-02 09:08:33,382 - [manager] - INFO - ============================================================
2026-02-02 09:08:33,382 - [manager] - INFO - Control Manager Starting...
ERROR:root:Fatal error: Address in use (addr='tcp://*:5557')
Traceback (most recent call last):
  File "d:\MLS\server\communications\manager.py", line 2243, in <module>
    mgr = ControlManager()
  File "d:\MLS\server\communications\manager.py", line 675, in __init__
    self._setup_sockets()
    ~~~~~~~~~~~~~~~~~~~^^
  File "d:\MLS\server\communications\manager.py", line 900, in _setup_sockets
    self.client_socket.bind(f"tcp://*:{self.client_port}")
    ~~~~~~~~~~~~~~~~~~~~~~~^^^^^^^^^^^^^^^^^^^^^^^^^^^^^^^
  File "C:\Users\Dougl\AppData\Local\Programs\Python\Python313\Lib\site-packages\zmq\sugar\socket.py", line 320, in bind
    super().bind(addr)
    ~~~~~~~~~~~~^^^^^^
  File "zmq/backend/cython/_zmq.py", line 1009, in zmq.backend.cython._zmq.Socket.bind
    _check_rc(rc)
    
  File "zmq/backend/cython/_zmq.py", line 190, in zmq.backend.cython._zmq._check_rc
    raise ZMQError(errno)
    
zmq.error.ZMQError: Address in use (addr='tcp://*:5557')
Traceback (most recent call last):
  File "d:\MLS\server\communications\manager.py", line 2243, in <module>
    mgr = ControlManager()
  File "d:\MLS\server\communications\manager.py", line 675, in __init__
    self._setup_sockets()
    ~~~~~~~~~~~~~~~~~~~^^
  File "d:\MLS\server\communications\manager.py", line 900, in _setup_sockets
    self.client_socket.bind(f"tcp://*:{self.client_port}")
    ~~~~~~~~~~~~~~~~~~~~~~~^^^^^^^^^^^^^^^^^^^^^^^^^^^^^^^
  File "C:\Users\Dougl\AppData\Local\Programs\Python\Python313\Lib\site-packages\zmq\sugar\socket.py", line 320, in bind
    super().bind(addr)
    ~~~~~~~~~~~~^^^^^^
  File "zmq/backend/cython/_zmq.py", line 1009, in zmq.backend.cython._zmq.Socket.bind
    _check_rc(rc)
    
  File "zmq/backend/cython/_zmq.py", line 190, in zmq.backend.cython._zmq._check_rc
    raise ZMQError(errno)
    
zmq.error.ZMQError: Address in use (addr='tcp://*:5557')
2026-02-02 09:12:12,877 - [manager] - INFO - ============================================================
2026-02-02 09:12:12,878 - [manager] - INFO - Control Manager Starting...
ERROR:root:Fatal error: Address in use (addr='tcp://*:5557')
Traceback (most recent call last):
  File "d:\MLS\server\communications\manager.py", line 2243, in <module>
    mgr = ControlManager()
  File "d:\MLS\server\communications\manager.py", line 675, in __init__
    self._setup_sockets()
    ~~~~~~~~~~~~~~~~~~~^^
  File "d:\MLS\server\communications\manager.py", line 900, in _setup_sockets
    self.client_socket.bind(f"tcp://*:{self.client_port}")
    ~~~~~~~~~~~~~~~~~~~~~~~^^^^^^^^^^^^^^^^^^^^^^^^^^^^^^^
  File "C:\Users\Dougl\AppData\Local\Programs\Python\Python313\Lib\site-packages\zmq\sugar\socket.py", line 320, in bind
    super().bind(addr)
    ~~~~~~~~~~~~^^^^^^
  File "zmq/backend/cython/_zmq.py", line 1009, in zmq.backend.cython._zmq.Socket.bind
    _check_rc(rc)
    
  File "zmq/backend/cython/_zmq.py", line 190, in zmq.backend.cython._zmq._check_rc
    raise ZMQError(errno)
    
zmq.error.ZMQError: Address in use (addr='tcp://*:5557')
Traceback (most recent call last):
  File "d:\MLS\server\communications\manager.py", line 2243, in <module>
    mgr = ControlManager()
  File "d:\MLS\server\communications\manager.py", line 675, in __init__
    self._setup_sockets()
    ~~~~~~~~~~~~~~~~~~~^^
  File "d:\MLS\server\communications\manager.py", line 900, in _setup_sockets
    self.client_socket.bind(f"tcp://*:{self.client_port}")
    ~~~~~~~~~~~~~~~~~~~~~~~^^^^^^^^^^^^^^^^^^^^^^^^^^^^^^^
  File "C:\Users\Dougl\AppData\Local\Programs\Python\Python313\Lib\site-packages\zmq\sugar\socket.py", line 320, in bind
    super().bind(addr)
    ~~~~~~~~~~~~^^^^^^
  File "zmq/backend/cython/_zmq.py", line 1009, in zmq.backend.cython._zmq.Socket.bind
    _check_rc(rc)
    
  File "zmq/backend/cython/_zmq.py", line 190, in zmq.backend.cython._zmq._check_rc
    raise ZMQError(errno)
    
zmq.error.ZMQError: Address in use (addr='tcp://*:5557')
